Archive member included to satisfy reference by file (symbol)

C:/ST/STM32CubeIDE_1.19.0/STM32CubeIDE/plugins/com.st.stm32cube.ide.mcu.externaltools.gnu-tools-for-stm32.13.3.rel1.win32_1.0.0.202411081344/tools/bin/../lib/gcc/arm-none-eabi/13.3.1/../../../../arm-none-eabi/lib/thumb/v7e-m+fp/hard\libc_nano.a(libc_a-exit.o)
                              C:/ST/STM32CubeIDE_1.19.0/STM32CubeIDE/plugins/com.st.stm32cube.ide.mcu.externaltools.gnu-tools-for-stm32.13.3.rel1.win32_1.0.0.202411081344/tools/bin/../lib/gcc/arm-none-eabi/13.3.1/../../../../arm-none-eabi/lib/thumb/v7e-m+fp/hard/crt0.o (exit)
C:/ST/STM32CubeIDE_1.19.0/STM32CubeIDE/plugins/com.st.stm32cube.ide.mcu.externaltools.gnu-tools-for-stm32.13.3.rel1.win32_1.0.0.202411081344/tools/bin/../lib/gcc/arm-none-eabi/13.3.1/../../../../arm-none-eabi/lib/thumb/v7e-m+fp/hard\libc_nano.a(libc_a-rand.o)
                              ./Src/main.o (srand)
C:/ST/STM32CubeIDE_1.19.0/STM32CubeIDE/plugins/com.st.stm32cube.ide.mcu.externaltools.gnu-tools-for-stm32.13.3.rel1.win32_1.0.0.202411081344/tools/bin/../lib/gcc/arm-none-eabi/13.3.1/../../../../arm-none-eabi/lib/thumb/v7e-m+fp/hard\libc_nano.a(libc_a-findfp.o)
                              C:/ST/STM32CubeIDE_1.19.0/STM32CubeIDE/plugins/com.st.stm32cube.ide.mcu.externaltools.gnu-tools-for-stm32.13.3.rel1.win32_1.0.0.202411081344/tools/bin/../lib/gcc/arm-none-eabi/13.3.1/../../../../arm-none-eabi/lib/thumb/v7e-m+fp/hard\libc_nano.a(libc_a-exit.o) (__stdio_exit_handler)
C:/ST/STM32CubeIDE_1.19.0/STM32CubeIDE/plugins/com.st.stm32cube.ide.mcu.externaltools.gnu-tools-for-stm32.13.3.rel1.win32_1.0.0.202411081344/tools/bin/../lib/gcc/arm-none-eabi/13.3.1/../../../../arm-none-eabi/lib/thumb/v7e-m+fp/hard\libc_nano.a(libc_a-fwalk.o)
                              C:/ST/STM32CubeIDE_1.19.0/STM32CubeIDE/plugins/com.st.stm32cube.ide.mcu.externaltools.gnu-tools-for-stm32.13.3.rel1.win32_1.0.0.202411081344/tools/bin/../lib/gcc/arm-none-eabi/13.3.1/../../../../arm-none-eabi/lib/thumb/v7e-m+fp/hard\libc_nano.a(libc_a-findfp.o) (_fwalk_sglue)
C:/ST/STM32CubeIDE_1.19.0/STM32CubeIDE/plugins/com.st.stm32cube.ide.mcu.externaltools.gnu-tools-for-stm32.13.3.rel1.win32_1.0.0.202411081344/tools/bin/../lib/gcc/arm-none-eabi/13.3.1/../../../../arm-none-eabi/lib/thumb/v7e-m+fp/hard\libc_nano.a(libc_a-snprintf.o)
                              ./Src/main.o (snprintf)
C:/ST/STM32CubeIDE_1.19.0/STM32CubeIDE/plugins/com.st.stm32cube.ide.mcu.externaltools.gnu-tools-for-stm32.13.3.rel1.win32_1.0.0.202411081344/tools/bin/../lib/gcc/arm-none-eabi/13.3.1/../../../../arm-none-eabi/lib/thumb/v7e-m+fp/hard\libc_nano.a(libc_a-stdio.o)
                              C:/ST/STM32CubeIDE_1.19.0/STM32CubeIDE/plugins/com.st.stm32cube.ide.mcu.externaltools.gnu-tools-for-stm32.13.3.rel1.win32_1.0.0.202411081344/tools/bin/../lib/gcc/arm-none-eabi/13.3.1/../../../../arm-none-eabi/lib/thumb/v7e-m+fp/hard\libc_nano.a(libc_a-findfp.o) (__sread)
C:/ST/STM32CubeIDE_1.19.0/STM32CubeIDE/plugins/com.st.stm32cube.ide.mcu.externaltools.gnu-tools-for-stm32.13.3.rel1.win32_1.0.0.202411081344/tools/bin/../lib/gcc/arm-none-eabi/13.3.1/../../../../arm-none-eabi/lib/thumb/v7e-m+fp/hard\libc_nano.a(libc_a-memcmp.o)
                              ./ThuVien_SDK_1.0.3_NUCLEO-F401RE-master/shared/Middle/flash/flash.o (memcmp)
C:/ST/STM32CubeIDE_1.19.0/STM32CubeIDE/plugins/com.st.stm32cube.ide.mcu.externaltools.gnu-tools-for-stm32.13.3.rel1.win32_1.0.0.202411081344/tools/bin/../lib/gcc/arm-none-eabi/13.3.1/../../../../arm-none-eabi/lib/thumb/v7e-m+fp/hard\libc_nano.a(libc_a-memset.o)
                              C:/ST/STM32CubeIDE_1.19.0/STM32CubeIDE/plugins/com.st.stm32cube.ide.mcu.externaltools.gnu-tools-for-stm32.13.3.rel1.win32_1.0.0.202411081344/tools/bin/../lib/gcc/arm-none-eabi/13.3.1/../../../../arm-none-eabi/lib/thumb/v7e-m+fp/hard/crt0.o (memset)
C:/ST/STM32CubeIDE_1.19.0/STM32CubeIDE/plugins/com.st.stm32cube.ide.mcu.externaltools.gnu-tools-for-stm32.13.3.rel1.win32_1.0.0.202411081344/tools/bin/../lib/gcc/arm-none-eabi/13.3.1/../../../../arm-none-eabi/lib/thumb/v7e-m+fp/hard\libc_nano.a(libc_a-closer.o)
                              C:/ST/STM32CubeIDE_1.19.0/STM32CubeIDE/plugins/com.st.stm32cube.ide.mcu.externaltools.gnu-tools-for-stm32.13.3.rel1.win32_1.0.0.202411081344/tools/bin/../lib/gcc/arm-none-eabi/13.3.1/../../../../arm-none-eabi/lib/thumb/v7e-m+fp/hard\libc_nano.a(libc_a-stdio.o) (_close_r)
C:/ST/STM32CubeIDE_1.19.0/STM32CubeIDE/plugins/com.st.stm32cube.ide.mcu.externaltools.gnu-tools-for-stm32.13.3.rel1.win32_1.0.0.202411081344/tools/bin/../lib/gcc/arm-none-eabi/13.3.1/../../../../arm-none-eabi/lib/thumb/v7e-m+fp/hard\libc_nano.a(libc_a-reent.o)
                              C:/ST/STM32CubeIDE_1.19.0/STM32CubeIDE/plugins/com.st.stm32cube.ide.mcu.externaltools.gnu-tools-for-stm32.13.3.rel1.win32_1.0.0.202411081344/tools/bin/../lib/gcc/arm-none-eabi/13.3.1/../../../../arm-none-eabi/lib/thumb/v7e-m+fp/hard\libc_nano.a(libc_a-closer.o) (errno)
[...]
Memory Configuration

Name             Origin             Length             Attributes
RAM              0x20000000         0x00018000         xrw
FLASH            0x08000000         0x00080000         xr
*default*        0x00000000         0xffffffff

Linker script and memory map

LOAD C:/ST/STM32CubeIDE_1.19.0/STM32CubeIDE/plugins/com.st.stm32cube.ide.mcu.externaltools.gnu-tools-for-stm32.13.3.rel1.win32_1.0.0.202411081344/tools/bin/../lib/gcc/arm-none-eabi/13.3.1/thumb/v7e-m+fp/hard/crti.o
LOAD C:/ST/STM32CubeIDE_1.19.0/STM32CubeIDE/plugins/com.st.stm32cube.ide.mcu.externaltools.gnu-tools-for-stm32.13.3.rel1.win32_1.0.0.202411081344/tools/bin/../lib/gcc/arm-none-eabi/13.3.1/thumb/v7e-m+fp/hard/crtbegin.o
LOAD C:/ST/STM32CubeIDE_1.19.0/STM32CubeIDE/plugins/com.st.stm32cube.ide.mcu.externaltools.gnu-tools-for-stm32.13.3.rel1.win32_1.0.0.202411081344/tools/bin/../lib/gcc/arm-none-eabi/13.3.1/../../../../arm-none-eabi/lib/thumb/v7e-m+fp/hard/crt0.o
LOAD ./Src/main.o
LOAD ./Src/syscalls.o
LOAD ./Src/sysmem.o
LOAD ./Startup/startup_stm32f401retx.o
LOAD ./ThuVien_SDK_1.0.3_NUCLEO-F401RE-master/shared/Drivers/CMSIS/Source/system_stm32f4xx.o
LOAD ./ThuVien_SDK_1.0.3_NUCLEO-F401RE-master/shared/Drivers/STM32F401RE_StdPeriph_Driver/src/misc.o
LOAD ./ThuVien_SDK_1.0.3_NUCLEO-F401RE-master/shared/Drivers/STM32F401RE_StdPeriph_Driver/src/stm32f401re_adc.o
LOAD ./ThuVien_SDK_1.0.3_NUCLEO-F401RE-master/shared/Drivers/STM32F401RE_StdPeriph_Driver/src/stm32f401re_dma.o
LOAD ./ThuVien_SDK_1.0.3_NUCLEO-F401RE-master/shared/Drivers/STM32F401RE_StdPeriph_Driver/src/stm32f401re_exti.o
LOAD ./ThuVien_SDK_1.0.3_NUCLEO-F401RE-master/shared/Drivers/STM32F401RE_StdPeriph_Driver/src/stm32f401re_gpio.o
LOAD ./ThuVien_SDK_1.0.3_NUCLEO-F401RE-master/shared/Drivers/STM32F401RE_StdPeriph_Driver/src/stm32f401re_i2c.o
LOAD ./ThuVien_SDK_1.0.3_NUCLEO-F401RE-master/shared/Drivers/STM32F401RE_StdPeriph_Driver/src/stm32f401re_rcc.o
LOAD ./ThuVien_SDK_1.0.3_NUCLEO-F401RE-master/shared/Drivers/STM32F401RE_StdPeriph_Driver/src/stm32f401re_spi.o
LOAD ./ThuVien_SDK_1.0.3_NUCLEO-F401RE-master/shared/Drivers/STM32F401RE_StdPeriph_Driver/src/stm32f401re_syscfg.o
LOAD ./ThuVien_SDK_1.0.3_NUCLEO-F401RE-master/shared/Drivers/STM32F401RE_StdPeriph_Driver/src/stm32f401re_tim.o
LOAD ./ThuVien_SDK_1.0.3_NUCLEO-F401RE-master/shared/Drivers/STM32F401RE_StdPeriph_Driver/src/stm32f401re_usart.o
LOAD ./ThuVien_SDK_1.0.3_NUCLEO-F401RE-master/shared/Drivers/STM32F401RE_StdPeriph_Driver/src/stm32f4xx_flash.o
LOAD ./ThuVien_SDK_1.0.3_NUCLEO-F401RE-master/shared/Middle/button/button.o
LOAD ./ThuVien_SDK_1.0.3_NUCLEO-F401RE-master/shared/Middle/button/eventbutton.o
LOAD ./ThuVien_SDK_1.0.3_NUCLEO-F401RE-master/shared/Middle/buzzer/buzzer.o
LOAD ./ThuVien_SDK_1.0.3_NUCLEO-F401RE-master/shared/Middle/buzzer/melody.o
LOAD ./ThuVien_SDK_1.0.3_NUCLEO-F401RE-master/shared/Middle/flash/flash.o
LOAD ./ThuVien_SDK_1.0.3_NUCLEO-F401RE-master/shared/Middle/led/led.o
LOAD ./ThuVien_SDK_1.0.3_NUCLEO-F401RE-master/shared/Middle/rtos/eventman.o
LOAD ./ThuVien_SDK_1.0.3_NUCLEO-F401RE-master/shared/Middle/rtos/timer.o
LOAD ./ThuVien_SDK_1.0.3_NUCLEO-F401RE-master/shared/Middle/sensor/lightsensor.o
LOAD ./ThuVien_SDK_1.0.3_NUCLEO-F401RE-master/shared/Middle/sensor/temhumsensor.o
LOAD ./ThuVien_SDK_1.0.3_NUCLEO-F401RE-master/shared/Middle/serial/serial.o
LOAD ./ThuVien_SDK_1.0.3_NUCLEO-F401RE-master/shared/Middle/serial/uartcmd.o
LOAD ./ThuVien_SDK_1.0.3_NUCLEO-F401RE-master/shared/Middle/ucglib/Ucglib.o
LOAD ./ThuVien_SDK_1.0.3_NUCLEO-F401RE-master/shared/Middle/ucglib/ucg_bitmap.o
LOAD ./ThuVien_SDK_1.0.3_NUCLEO-F401RE-master/shared/Middle/ucglib/ucg_box.o
LOAD ./ThuVien_SDK_1.0.3_NUCLEO-F401RE-master/shared/Middle/ucglib/ucg_ccs.o
LOAD ./ThuVien_SDK_1.0.3_NUCLEO-F401RE-master/shared/Middle/ucglib/ucg_circle.o
LOAD ./ThuVien_SDK_1.0.3_NUCLEO-F401RE-master/shared/Middle/ucglib/ucg_clip.o
LOAD ./ThuVien_SDK_1.0.3_NUCLEO-F401RE-master/shared/Middle/ucglib/ucg_com_msg_api.o
LOAD ./ThuVien_SDK_1.0.3_NUCLEO-F401RE-master/shared/Middle/ucglib/ucg_dev_default_cb.o
LOAD ./ThuVien_SDK_1.0.3_NUCLEO-F401RE-master/shared/Middle/ucglib/ucg_dev_ic_st7735.o
LOAD ./ThuVien_SDK_1.0.3_NUCLEO-F401RE-master/shared/Middle/ucglib/ucg_dev_msg_api.o
LOAD ./ThuVien_SDK_1.0.3_NUCLEO-F401RE-master/shared/Middle/ucglib/ucg_dev_tft_128x128_st7735.o
LOAD ./ThuVien_SDK_1.0.3_NUCLEO-F401RE-master/shared/Middle/ucglib/ucg_font.o
LOAD ./ThuVien_SDK_1.0.3_NUCLEO-F401RE-master/shared/Middle/ucglib/ucg_init.o
LOAD ./ThuVien_SDK_1.0.3_NUCLEO-F401RE-master/shared/Middle/ucglib/ucg_line.o
LOAD ./ThuVien_SDK_1.0.3_NUCLEO-F401RE-master/shared/Middle/ucglib/ucg_pixel.o
LOAD ./ThuVien_SDK_1.0.3_NUCLEO-F401RE-master/shared/Middle/ucglib/ucg_pixel_font_data.o
LOAD ./ThuVien_SDK_1.0.3_NUCLEO-F401RE-master/shared/Middle/ucglib/ucg_polygon.o
LOAD ./ThuVien_SDK_1.0.3_NUCLEO-F401RE-master/shared/Middle/ucglib/ucg_rotate.o
LOAD ./ThuVien_SDK_1.0.3_NUCLEO-F401RE-master/shared/Middle/ucglib/ucg_scale.o
LOAD ./ThuVien_SDK_1.0.3_NUCLEO-F401RE-master/shared/Middle/ucglib/ucg_vector_font_data.o
LOAD ./ThuVien_SDK_1.0.3_NUCLEO-F401RE-master/shared/Utilities/buff.o
LOAD ./ThuVien_SDK_1.0.3_NUCLEO-F401RE-master/shared/Utilities/utilities.o
LOAD C:\ThuVien_SDK_1.0.3_NUCLEO-F401RE-master\lib_stm\libLibraries.a
START GROUP
LOAD C:/ST/STM32CubeIDE_1.19.0/STM32CubeIDE/plugins/com.st.stm32cube.ide.mcu.externaltools.gnu-tools-for-stm32.13.3.rel1.win32_1.0.0.202411081344/tools/bin/../lib/gcc/arm-none-eabi/13.3.1/../../../../arm-none-eabi/lib/thumb/v7e-m+fp/hard\libc_nano.a
LOAD C:/ST/STM32CubeIDE_1.19.0/STM32CubeIDE/plugins/com.st.stm32cube.ide.mcu.externaltools.gnu-tools-for-stm32.13.3.rel1.win32_1.0.0.202411081344/tools/bin/../lib/gcc/arm-none-eabi/13.3.1/../../../../arm-none-eabi/lib/thumb/v7e-m+fp/hard\libm.a
END GROUP
START GROUP
LOAD C:/ST/STM32CubeIDE_1.19.0/STM32CubeIDE/plugins/com.st.stm32cube.ide.mcu.externaltools.gnu-tools-for-stm32.13.3.rel1.win32_1.0.0.202411081344/tools/bin/../lib/gcc/arm-none-eabi/13.3.1/thumb/v7e-m+fp/hard\libgcc.a
LOAD C:/ST/STM32CubeIDE_1.19.0/STM32CubeIDE/plugins/com.st.stm32cube.ide.mcu.externaltools.gnu-tools-for-stm32.13.3.rel1.win32_1.0.0.202411081344/tools/bin/../lib/gcc/arm-none-eabi/13.3.1/../../../../arm-none-eabi/lib/thumb/v7e-m+fp/hard\libc_nano.a
END GROUP
START GROUP
LOAD C:/ST/STM32CubeIDE_1.19.0/STM32CubeIDE/plugins/com.st.stm32cube.ide.mcu.externaltools.gnu-tools-for-stm32.13.3.rel1.win32_1.0.0.202411081344/tools/bin/../lib/gcc/arm-none-eabi/13.3.1/thumb/v7e-m+fp/hard\libgcc.a
LOAD C:/ST/STM32CubeIDE_1.19.0/STM32CubeIDE/plugins/com.st.stm32cube.ide.mcu.externaltools.gnu-tools-for-stm32.13.3.rel1.win32_1.0.0.202411081344/tools/bin/../lib/gcc/arm-none-eabi/13.3.1/../../../../arm-none-eabi/lib/thumb/v7e-m+fp/hard\libc_nano.a
LOAD C:/ST/STM32CubeIDE_1.19.0/STM32CubeIDE/plugins/com.st.stm32cube.ide.mcu.externaltools.gnu-tools-for-stm32.13.3.rel1.win32_1.0.0.202411081344/tools/bin/../lib/gcc/arm-none-eabi/13.3.1/../../../../arm-none-eabi/lib/thumb/v7e-m+fp/hard\libnosys.a
END GROUP
START GROUP
LOAD C:/ST/STM32CubeIDE_1.19.0/STM32CubeIDE/plugins/com.st.stm32cube.ide.mcu.externaltools.gnu-tools-for-stm32.13.3.rel1.win32_1.0.0.202411081344/tools/bin/../lib/gcc/arm-none-eabi/13.3.1/thumb/v7e-m+fp/hard\libgcc.a
LOAD C:/ST/STM32CubeIDE_1.19.0/STM32CubeIDE/plugins/com.st.stm32cube.ide.mcu.externaltools.gnu-tools-for-stm32.13.3.rel1.win32_1.0.0.202411081344/tools/bin/../lib/gcc/arm-none-eabi/13.3.1/../../../../arm-none-eabi/lib/thumb/v7e-m+fp/hard\libc_nano.a
LOAD C:/ST/STM32CubeIDE_1.19.0/STM32CubeIDE/plugins/com.st.stm32cube.ide.mcu.externaltools.gnu-tools-for-stm32.13.3.rel1.win32_1.0.0.202411081344/tools/bin/../lib/gcc/arm-none-eabi/13.3.1/../../../../arm-none-eabi/lib/thumb/v7e-m+fp/hard\libnosys.a
END GROUP
LOAD C:/ST/STM32CubeIDE_1.19.0/STM32CubeIDE/plugins/com.st.stm32cube.ide.mcu.externaltools.gnu-tools-for-stm32.13.3.rel1.win32_1.0.0.202411081344/tools/bin/../lib/gcc/arm-none-eabi/13.3.1/thumb/v7e-m+fp/hard/crtend.o
LOAD C:/ST/STM32CubeIDE_1.19.0/STM32CubeIDE/plugins/com.st.stm32cube.ide.mcu.externaltools.gnu-tools-for-stm32.13.3.rel1.win32_1.0.0.202411081344/tools/bin/../lib/gcc/arm-none-eabi/13.3.1/thumb/v7e-m+fp/hard/crtn.o
                0x20018000                        _estack = (ORIGIN (RAM) + LENGTH (RAM))
                0x00000200                        _Min_Heap_Size = 0x200
                0x00000400                        _Min_Stack_Size = 0x400

.isr_vector     0x08000000      0x194
                0x08000000                        . = ALIGN (0x4)
 *(.isr_vector)
 .isr_vector    0x08000000      0x194 ./Startup/startup_stm32f401retx.o
                0x08000000                g_pfnVectors
                0x08000194                        . = ALIGN (0x4)

.text           0x080001a0     0x5300
                0x080001a0                        . = ALIGN (0x4)
 *(.text)
 .text          0x080001a0       0x40 C:/ST/STM32CubeIDE_1.19.0/STM32CubeIDE/plugins/com.st.stm32cube.ide.mcu.externaltools.gnu-tools-for-stm32.13.3.rel1.win32_1.0.0.202411081344/tools/bin/../lib/gcc/arm-none-eabi/13.3.1/thumb/v7e-m+fp/hard/crtbegin.o
 .text          0x080001e0       0xa0 C:/ST/STM32CubeIDE_1.19.0/STM32CubeIDE/plugins/com.st.stm32cube.ide.mcu.externaltools.gnu-tools-for-stm32.13.3.rel1.win32_1.0.0.202411081344/tools/bin/../lib/gcc/arm-none-eabi/13.3.1/../../../../arm-none-eabi/lib/thumb/v7e-m+fp/hard\libc_nano.a(libc_a-memchr.o)
                0x080001e0                memchr
 *(.text*)
 .text.NVIC_SetPriority
                0x08000280       0x54 ./Src/main.o
 .text.SysTick_Config
                0x080002d4       0x44 ./Src/main.o
 .text.millis   0x08000318        0xe ./Src/main.o
 *fill*         0x08000326        0x2 
 .text.GPIO_Init_All
                0x08000328       0x7c ./Src/main.o
 .text.LED_On   0x080003a4       0x14 ./Src/main.o
 .text.LED_Off  0x080003b8       0x14 ./Src/main.o
 .text.BTN_ReadRaw
                0x080003cc       0x24 ./Src/main.o
 .text.delay_ms
                0x080003f0       0x2e ./Src/main.o
 *fill*         0x0800041e        0x2 
 .text.buzzer_beep
                0x08000420       0x58 ./Src/main.o
 .text.read_button_click
                0x08000478       0x44 ./Src/main.o
 .text.clear_playfield
                0x080004bc       0x40 ./Src/main.o
 .text.draw_frame
                0x080004fc       0x5c ./Src/main.o
 .text.draw_bird
                0x08000558       0x30 ./Src/main.o
 .text.draw_pipe
                0x08000588       0x8c ./Src/main.o
 .text.collide  0x08000614       0xb2 ./Src/main.o
 .text.game_over_blink
                0x080006c6       0x3c ./Src/main.o
 *fill*         0x08000702        0x2 
 .text.splash_and_choose_level
                0x08000704      0x154 ./Src/main.o
 .text.run_game
                0x08000858      0x19c ./Src/main.o
 .text.main     0x080009f4       0x88 ./Src/main.o
                0x080009f4                main
 .text._getpid  0x08000a7c       0x10 ./Src/syscalls.o
                0x08000a7c                _getpid
 .text._kill    0x08000a8c       0x20 ./Src/syscalls.o
                0x08000a8c                _kill
 .text._exit    0x08000aac       0x16 ./Src/syscalls.o
                0x08000aac                _exit
 .text._read    0x08000ac2       0x3a ./Src/syscalls.o
                0x08000ac2                _read
 .text._write   0x08000afc       0x38 ./Src/syscalls.o
                0x08000afc                _write
 .text._close   0x08000b34       0x18 ./Src/syscalls.o
                0x08000b34                _close
 .text._fstat   0x08000b4c       0x20 ./Src/syscalls.o
                0x08000b4c                _fstat
 .text._isatty  0x08000b6c       0x16 ./Src/syscalls.o
                0x08000b6c                _isatty
 .text._lseek   0x08000b82       0x1a ./Src/syscalls.o
                0x08000b82                _lseek
 .text._sbrk    0x08000b9c       0x6c ./Src/sysmem.o
                0x08000b9c                _sbrk
 .text.Reset_Handler
                0x08000c08       0x50 ./Startup/startup_stm32f401retx.o
                0x08000c08                Reset_Handler
 .text.Default_Handler
                0x08000c58        0x2 ./Startup/startup_stm32f401retx.o
                0x08000c58                EXTI2_IRQHandler
                0x08000c58                DebugMon_Handler
                0x08000c58                SPI4_IRQHandler
                0x08000c58                TIM1_CC_IRQHandler
                0x08000c58                DMA2_Stream5_IRQHandler
                0x08000c58                HardFault_Handler
                0x08000c58                DMA1_Stream5_IRQHandler
                0x08000c58                SDIO_IRQHandler
                0x08000c58                TAMP_STAMP_IRQHandler
                0x08000c58                PendSV_Handler
                0x08000c58                NMI_Handler
                0x08000c58                EXTI3_IRQHandler
                0x08000c58                TIM1_UP_TIM10_IRQHandler
                0x08000c58                I2C3_ER_IRQHandler
                0x08000c58                EXTI18_OTG_FS_WKUP_IRQHandler
                0x08000c58                EXTI0_IRQHandler
                0x08000c58                I2C2_EV_IRQHandler
                0x08000c58                DMA1_Stream2_IRQHandler
                0x08000c58                UsageFault_Handler
                0x08000c58                DMA2_Stream2_IRQHandler
                0x08000c58                SPI1_IRQHandler
                0x08000c58                TIM1_BRK_TIM9_IRQHandler
                0x08000c58                DMA2_Stream3_IRQHandler
                0x08000c58                USART6_IRQHandler
                0x08000c58                DMA2_Stream0_IRQHandler
                0x08000c58                TIM4_IRQHandler
                0x08000c58                I2C1_EV_IRQHandler
                0x08000c58                DMA1_Stream6_IRQHandler
                0x08000c58                DMA1_Stream1_IRQHandler
                0x08000c58                TIM3_IRQHandler
                0x08000c58                RCC_IRQHandler
                0x08000c58                Default_Handler
                0x08000c58                EXTI15_10_IRQHandler
                0x08000c58                ADC_IRQHandler
                0x08000c58                DMA1_Stream7_IRQHandler
                0x08000c58                TIM5_IRQHandler
                0x08000c58                DMA2_Stream7_IRQHandler
                0x08000c58                I2C3_EV_IRQHandler
                0x08000c58                EXTI9_5_IRQHandler
                0x08000c58                SPI2_IRQHandler
                0x08000c58                MemManage_Handler
                0x08000c58                DMA1_Stream0_IRQHandler
                0x08000c58                SVC_Handler
                0x08000c58                EXTI4_IRQHandler
                0x08000c58                EXTI22_RTC_WKUP_IRQHandler
                0x08000c58                TIM2_IRQHandler
                0x08000c58                EXTI16_PVD_IRQHandler
                0x08000c58                TIM1_TRG_COM_TIM11_IRQHandler
                0x08000c58                EXTI1_IRQHandler
                0x08000c58                EXTI17_RTC_Alarm_IRQHandler
                0x08000c58                I2C2_ER_IRQHandler
                0x08000c58                DMA2_Stream1_IRQHandler
                0x08000c58                FLASH_IRQHandler
                0x08000c58                DMA2_Stream4_IRQHandler
                0x08000c58                BusFault_Handler
                0x08000c58                USART1_IRQHandler
                0x08000c58                OTG_FS_IRQHandler
                0x08000c58                SPI3_IRQHandler
                0x08000c58                DMA1_Stream4_IRQHandler
                0x08000c58                I2C1_ER_IRQHandler
                0x08000c58                DMA2_Stream6_IRQHandler
                0x08000c58                DMA1_Stream3_IRQHandler
 *fill*         0x08000c5a        0x2 
 .text.SystemInit
                0x08000c5c       0x6c ./ThuVien_SDK_1.0.3_NUCLEO-F401RE-master/shared/Drivers/CMSIS/Source/system_stm32f4xx.o
                0x08000c5c                SystemInit
 .text.SystemCoreClockUpdate
                0x08000cc8      0x104 ./ThuVien_SDK_1.0.3_NUCLEO-F401RE-master/shared/Drivers/CMSIS/Source/system_stm32f4xx.o
                0x08000cc8                SystemCoreClockUpdate
 .text.SetSysClock
                0x08000dcc       0xa4 ./ThuVien_SDK_1.0.3_NUCLEO-F401RE-master/shared/Drivers/CMSIS/Source/system_stm32f4xx.o
 .text.GPIO_Init
                0x08000e70      0x11e ./ThuVien_SDK_1.0.3_NUCLEO-F401RE-master/shared/Drivers/STM32F401RE_StdPeriph_Driver/src/stm32f401re_gpio.o
                0x08000e70                GPIO_Init
 .text.GPIO_ReadInputDataBit
                0x08000f8e       0x34 ./ThuVien_SDK_1.0.3_NUCLEO-F401RE-master/shared/Drivers/STM32F401RE_StdPeriph_Driver/src/stm32f401re_gpio.o
                0x08000f8e                GPIO_ReadInputDataBit
 .text.GPIO_SetBits
                0x08000fc2       0x1e ./ThuVien_SDK_1.0.3_NUCLEO-F401RE-master/shared/Drivers/STM32F401RE_StdPeriph_Driver/src/stm32f401re_gpio.o
                0x08000fc2                GPIO_SetBits
 .text.GPIO_ResetBits
                0x08000fe0       0x1e ./ThuVien_SDK_1.0.3_NUCLEO-F401RE-master/shared/Drivers/STM32F401RE_StdPeriph_Driver/src/stm32f401re_gpio.o
                0x08000fe0                GPIO_ResetBits
 .text.GPIO_WriteBit
                0x08000ffe       0x30 ./ThuVien_SDK_1.0.3_NUCLEO-F401RE-master/shared/Drivers/STM32F401RE_StdPeriph_Driver/src/stm32f401re_gpio.o
                0x08000ffe                GPIO_WriteBit
 .text.GPIO_ToggleBits
                0x0800102e       0x24 ./ThuVien_SDK_1.0.3_NUCLEO-F401RE-master/shared/Drivers/STM32F401RE_StdPeriph_Driver/src/stm32f401re_gpio.o
                0x0800102e                GPIO_ToggleBits
 *fill*         0x08001052        0x2 
 .text.RCC_GetClocksFreq
                0x08001054      0x15c ./ThuVien_SDK_1.0.3_NUCLEO-F401RE-master/shared/Drivers/STM32F401RE_StdPeriph_Driver/src/stm32f401re_rcc.o
                0x08001054                RCC_GetClocksFreq
 .text.RCC_AHB1PeriphClockCmd
                0x080011b0       0x40 ./ThuVien_SDK_1.0.3_NUCLEO-F401RE-master/shared/Drivers/STM32F401RE_StdPeriph_Driver/src/stm32f401re_rcc.o
                0x080011b0                RCC_AHB1PeriphClockCmd
 .text.USART_ReceiveData
                0x080011f0       0x20 ./ThuVien_SDK_1.0.3_NUCLEO-F401RE-master/shared/Drivers/STM32F401RE_StdPeriph_Driver/src/stm32f401re_usart.o
                0x080011f0                USART_ReceiveData
 .text.USART_GetITStatus
                0x08001210       0xb6 ./ThuVien_SDK_1.0.3_NUCLEO-F401RE-master/shared/Drivers/STM32F401RE_StdPeriph_Driver/src/stm32f401re_usart.o
                0x08001210                USART_GetITStatus
 .text.USART_ClearITPendingBit
                0x080012c6       0x3a ./ThuVien_SDK_1.0.3_NUCLEO-F401RE-master/shared/Drivers/STM32F401RE_StdPeriph_Driver/src/stm32f401re_usart.o
                0x080012c6                USART_ClearITPendingBit
 .text.NVIC_SetPriority
                0x08001300       0x54 ./ThuVien_SDK_1.0.3_NUCLEO-F401RE-master/shared/Middle/rtos/timer.o
 .text.SysTick_Config
                0x08001354       0x44 ./ThuVien_SDK_1.0.3_NUCLEO-F401RE-master/shared/Middle/rtos/timer.o
 .text.TimerInit
                0x08001398       0x44 ./ThuVien_SDK_1.0.3_NUCLEO-F401RE-master/shared/Middle/rtos/timer.o
                0x08001398                TimerInit
 .text.TimerStart
                0x080013dc       0xc4 ./ThuVien_SDK_1.0.3_NUCLEO-F401RE-master/shared/Middle/rtos/timer.o
                0x080013dc                TimerStart
 .text.TimerStop
                0x080014a0       0xa0 ./ThuVien_SDK_1.0.3_NUCLEO-F401RE-master/shared/Middle/rtos/timer.o
                0x080014a0                TimerStop
 .text.GetMilSecTick
                0x08001540       0x18 ./ThuVien_SDK_1.0.3_NUCLEO-F401RE-master/shared/Middle/rtos/timer.o
                0x08001540                GetMilSecTick
 .text.processTimerScheduler
                0x08001558       0xf4 ./ThuVien_SDK_1.0.3_NUCLEO-F401RE-master/shared/Middle/rtos/timer.o
                0x08001558                processTimerScheduler
 .text.TimeExpired
                0x0800164c       0xd4 ./ThuVien_SDK_1.0.3_NUCLEO-F401RE-master/shared/Middle/rtos/timer.o
 .text.SysTick_Handler
                0x08001720       0x1c ./ThuVien_SDK_1.0.3_NUCLEO-F401RE-master/shared/Middle/rtos/timer.o
                0x08001720                SysTick_Handler
 .text.USART2_IRQHandler
                0x0800173c       0x54 ./ThuVien_SDK_1.0.3_NUCLEO-F401RE-master/shared/Middle/serial/serial.o
                0x0800173c                USART2_IRQHandler
 .text.delayMicroseconds
                0x08001790       0x14 ./ThuVien_SDK_1.0.3_NUCLEO-F401RE-master/shared/Middle/ucglib/Ucglib.o
 .text.ucg_gpio_init
                0x080017a4       0x60 ./ThuVien_SDK_1.0.3_NUCLEO-F401RE-master/shared/Middle/ucglib/Ucglib.o
 .text.ucg_com_arduino_send_generic_SW_SPI
                0x08001804       0x74 ./ThuVien_SDK_1.0.3_NUCLEO-F401RE-master/shared/Middle/ucglib/Ucglib.o
 .text.ucg_com_arduino_generic_SW_SPI
                0x08001878      0x1ec ./ThuVien_SDK_1.0.3_NUCLEO-F401RE-master/shared/Middle/ucglib/Ucglib.o
 .text.Ucglib4WireSWSPI_begin
                0x08001a64       0x38 ./ThuVien_SDK_1.0.3_NUCLEO-F401RE-master/shared/Middle/ucglib/Ucglib.o
                0x08001a64                Ucglib4WireSWSPI_begin
 .text.ucg_DrawBox
                0x08001a9c       0x58 ./ThuVien_SDK_1.0.3_NUCLEO-F401RE-master/shared/Middle/ucglib/ucg_box.o
                0x08001a9c                ucg_DrawBox
 .text.ucg_ClearScreen
                0x08001af4       0x50 ./ThuVien_SDK_1.0.3_NUCLEO-F401RE-master/shared/Middle/ucglib/ucg_box.o
                0x08001af4                ucg_ClearScreen
 .text.ucg_DrawFrame
                0x08001b44       0x9a ./ThuVien_SDK_1.0.3_NUCLEO-F401RE-master/shared/Middle/ucglib/ucg_box.o
                0x08001b44                ucg_DrawFrame
 .text.ucg_ccs_init
                0x08001bde       0xc0 ./ThuVien_SDK_1.0.3_NUCLEO-F401RE-master/shared/Middle/ucglib/ucg_ccs.o
                0x08001bde                ucg_ccs_init
 .text.ucg_ccs_step
                0x08001c9e       0x80 ./ThuVien_SDK_1.0.3_NUCLEO-F401RE-master/shared/Middle/ucglib/ucg_ccs.o
                0x08001c9e                ucg_ccs_step
 .text.ucg_ccs_seek
                0x08001d1e       0xca ./ThuVien_SDK_1.0.3_NUCLEO-F401RE-master/shared/Middle/ucglib/ucg_ccs.o
                0x08001d1e                ucg_ccs_seek
 .text.ucg_draw_disc_section
                0x08001de8      0x142 ./ThuVien_SDK_1.0.3_NUCLEO-F401RE-master/shared/Middle/ucglib/ucg_circle.o
 .text.ucg_draw_disc
                0x08001f2a       0xe6 ./ThuVien_SDK_1.0.3_NUCLEO-F401RE-master/shared/Middle/ucglib/ucg_circle.o
                0x08001f2a                ucg_draw_disc
 .text.ucg_DrawDisc
                0x08002010       0x3a ./ThuVien_SDK_1.0.3_NUCLEO-F401RE-master/shared/Middle/ucglib/ucg_circle.o
                0x08002010                ucg_DrawDisc
 .text.ucg_clip_is_x_visible
                0x0800204a       0x4a ./ThuVien_SDK_1.0.3_NUCLEO-F401RE-master/shared/Middle/ucglib/ucg_clip.o
 .text.ucg_clip_is_y_visible
                0x08002094       0x4a ./ThuVien_SDK_1.0.3_NUCLEO-F401RE-master/shared/Middle/ucglib/ucg_clip.o
 .text.ucg_clip_intersection
                0x080020de       0x74 ./ThuVien_SDK_1.0.3_NUCLEO-F401RE-master/shared/Middle/ucglib/ucg_clip.o
 .text.ucg_clip_is_pixel_visible
                0x08002152       0x32 ./ThuVien_SDK_1.0.3_NUCLEO-F401RE-master/shared/Middle/ucglib/ucg_clip.o
                0x08002152                ucg_clip_is_pixel_visible
 .text.ucg_clip_l90fx
                0x08002184      0x300 ./ThuVien_SDK_1.0.3_NUCLEO-F401RE-master/shared/Middle/ucglib/ucg_clip.o
                0x08002184                ucg_clip_l90fx
 .text.ucg_clip_l90se
                0x08002484       0x54 ./ThuVien_SDK_1.0.3_NUCLEO-F401RE-master/shared/Middle/ucglib/ucg_clip.o
                0x08002484                ucg_clip_l90se
 .text.ucg_com_PowerDown
                0x080024d8       0x3e ./ThuVien_SDK_1.0.3_NUCLEO-F401RE-master/shared/Middle/ucglib/ucg_com_msg_api.o
                0x080024d8                ucg_com_PowerDown
 .text.ucg_com_PowerUp
                0x08002516       0x60 ./ThuVien_SDK_1.0.3_NUCLEO-F401RE-master/shared/Middle/ucglib/ucg_com_msg_api.o
                0x08002516                ucg_com_PowerUp
 .text.ucg_com_SetLineStatus
                0x08002576       0xe2 ./ThuVien_SDK_1.0.3_NUCLEO-F401RE-master/shared/Middle/ucglib/ucg_com_msg_api.o
                0x08002576                ucg_com_SetLineStatus
 .text.ucg_com_SetResetLineStatus
                0x08002658       0x20 ./ThuVien_SDK_1.0.3_NUCLEO-F401RE-master/shared/Middle/ucglib/ucg_com_msg_api.o
                0x08002658                ucg_com_SetResetLineStatus
 .text.ucg_com_SetCSLineStatus
                0x08002678       0x20 ./ThuVien_SDK_1.0.3_NUCLEO-F401RE-master/shared/Middle/ucglib/ucg_com_msg_api.o
                0x08002678                ucg_com_SetCSLineStatus
 .text.ucg_com_SetCDLineStatus
                0x08002698       0x20 ./ThuVien_SDK_1.0.3_NUCLEO-F401RE-master/shared/Middle/ucglib/ucg_com_msg_api.o
                0x08002698                ucg_com_SetCDLineStatus
 .text.ucg_com_DelayMicroseconds
                0x080026b8       0x22 ./ThuVien_SDK_1.0.3_NUCLEO-F401RE-master/shared/Middle/ucglib/ucg_com_msg_api.o
                0x080026b8                ucg_com_DelayMicroseconds
 .text.ucg_com_DelayMilliseconds
                0x080026da       0x2e ./ThuVien_SDK_1.0.3_NUCLEO-F401RE-master/shared/Middle/ucglib/ucg_com_msg_api.o
                0x080026da                ucg_com_DelayMilliseconds
 .text.ucg_com_SendByte
                0x08002708       0x24 ./ThuVien_SDK_1.0.3_NUCLEO-F401RE-master/shared/Middle/ucglib/ucg_com_msg_api.o
                0x08002708                ucg_com_SendByte
 .text.ucg_com_SendStringP
                0x0800272c       0x42 ./ThuVien_SDK_1.0.3_NUCLEO-F401RE-master/shared/Middle/ucglib/ucg_com_msg_api.o
                0x0800272c                ucg_com_SendStringP
 .text.ucg_com_SendCmdArg
                0x0800276e       0x74 ./ThuVien_SDK_1.0.3_NUCLEO-F401RE-master/shared/Middle/ucglib/ucg_com_msg_api.o
 *fill*         0x080027e2        0x2 
 .text.ucg_com_SendCmdSeq
                0x080027e4      0x27c ./ThuVien_SDK_1.0.3_NUCLEO-F401RE-master/shared/Middle/ucglib/ucg_com_msg_api.o
                0x080027e4                ucg_com_SendCmdSeq
 .text.ucg_dev_default_cb
                0x08002a60       0x44 ./ThuVien_SDK_1.0.3_NUCLEO-F401RE-master/shared/Middle/ucglib/ucg_dev_default_cb.o
                0x08002a60                ucg_dev_default_cb
 .text.ucg_ext_none
                0x08002aa4       0x1c ./ThuVien_SDK_1.0.3_NUCLEO-F401RE-master/shared/Middle/ucglib/ucg_dev_default_cb.o
                0x08002aa4                ucg_ext_none
 .text.ucg_handle_st7735_l90fx
                0x08002ac0       0xdc ./ThuVien_SDK_1.0.3_NUCLEO-F401RE-master/shared/Middle/ucglib/ucg_dev_ic_st7735.o
                0x08002ac0                ucg_handle_st7735_l90fx
 .text.ucg_handle_st7735_l90se
                0x08002b9c      0x15c ./ThuVien_SDK_1.0.3_NUCLEO-F401RE-master/shared/Middle/ucglib/ucg_dev_ic_st7735.o
                0x08002b9c                ucg_handle_st7735_l90se
 .text.ucg_dev_ic_st7735_18
                0x08002cf8       0xf8 ./ThuVien_SDK_1.0.3_NUCLEO-F401RE-master/shared/Middle/ucglib/ucg_dev_ic_st7735.o
                0x08002cf8                ucg_dev_ic_st7735_18
 .text.ucg_ext_st7735_18
                0x08002df0       0x28 ./ThuVien_SDK_1.0.3_NUCLEO-F401RE-master/shared/Middle/ucglib/ucg_dev_ic_st7735.o
                0x08002df0                ucg_ext_st7735_18
 .text.ucg_PowerDown
                0x08002e18       0x34 ./ThuVien_SDK_1.0.3_NUCLEO-F401RE-master/shared/Middle/ucglib/ucg_dev_msg_api.o
                0x08002e18                ucg_PowerDown
 .text.ucg_PowerUp
                0x08002e4c       0x3c ./ThuVien_SDK_1.0.3_NUCLEO-F401RE-master/shared/Middle/ucglib/ucg_dev_msg_api.o
                0x08002e4c                ucg_PowerUp
 .text.ucg_SetClipBox
                0x08002e88       0x1e ./ThuVien_SDK_1.0.3_NUCLEO-F401RE-master/shared/Middle/ucglib/ucg_dev_msg_api.o
                0x08002e88                ucg_SetClipBox
 .text.ucg_SetMaxClipRange
                0x08002ea6       0x30 ./ThuVien_SDK_1.0.3_NUCLEO-F401RE-master/shared/Middle/ucglib/ucg_dev_msg_api.o
                0x08002ea6                ucg_SetMaxClipRange
 .text.ucg_GetDimension
                0x08002ed6       0x24 ./ThuVien_SDK_1.0.3_NUCLEO-F401RE-master/shared/Middle/ucglib/ucg_dev_msg_api.o
                0x08002ed6                ucg_GetDimension
 .text.ucg_DrawL90FXWithArg
                0x08002efa       0x1e ./ThuVien_SDK_1.0.3_NUCLEO-F401RE-master/shared/Middle/ucglib/ucg_dev_msg_api.o
                0x08002efa                ucg_DrawL90FXWithArg
 .text.ucg_dev_st7735_18x128x128
                0x08002f18       0x88 ./ThuVien_SDK_1.0.3_NUCLEO-F401RE-master/shared/Middle/ucglib/ucg_dev_tft_128x128_st7735.o
                0x08002f18                ucg_dev_st7735_18x128x128
 .text.ucg_font_get_byte
                0x08002fa0       0x24 ./ThuVien_SDK_1.0.3_NUCLEO-F401RE-master/shared/Middle/ucglib/ucg_font.o
 .text.ucg_font_get_word
                0x08002fc4       0x40 ./ThuVien_SDK_1.0.3_NUCLEO-F401RE-master/shared/Middle/ucglib/ucg_font.o
 .text.ucg_read_font_info
                0x08003004      0x142 ./ThuVien_SDK_1.0.3_NUCLEO-F401RE-master/shared/Middle/ucglib/ucg_font.o
                0x08003004                ucg_read_font_info
 .text.ucg_font_decode_get_unsigned_bits
                0x08003146       0x96 ./ThuVien_SDK_1.0.3_NUCLEO-F401RE-master/shared/Middle/ucglib/ucg_font.o
                0x08003146                ucg_font_decode_get_unsigned_bits
 .text.ucg_font_decode_get_signed_bits
                0x080031dc       0x46 ./ThuVien_SDK_1.0.3_NUCLEO-F401RE-master/shared/Middle/ucglib/ucg_font.o
                0x080031dc                ucg_font_decode_get_signed_bits
 .text.ucg_add_vector_y
                0x08003222       0x80 ./ThuVien_SDK_1.0.3_NUCLEO-F401RE-master/shared/Middle/ucglib/ucg_font.o
 .text.ucg_add_vector_x
                0x080032a2       0x80 ./ThuVien_SDK_1.0.3_NUCLEO-F401RE-master/shared/Middle/ucglib/ucg_font.o
 .text.ucg_font_decode_len
                0x08003322      0x114 ./ThuVien_SDK_1.0.3_NUCLEO-F401RE-master/shared/Middle/ucglib/ucg_font.o
                0x08003322                ucg_font_decode_len
 .text.ucg_font_setup_decode
                0x08003436       0x64 ./ThuVien_SDK_1.0.3_NUCLEO-F401RE-master/shared/Middle/ucglib/ucg_font.o
 .text.ucg_font_decode_glyph
                0x0800349a      0x14c ./ThuVien_SDK_1.0.3_NUCLEO-F401RE-master/shared/Middle/ucglib/ucg_font.o
                0x0800349a                ucg_font_decode_glyph
 .text.ucg_font_get_glyph_data
                0x080035e6       0x7a ./ThuVien_SDK_1.0.3_NUCLEO-F401RE-master/shared/Middle/ucglib/ucg_font.o
                0x080035e6                ucg_font_get_glyph_data
 .text.ucg_font_draw_glyph
                0x08003660       0x62 ./ThuVien_SDK_1.0.3_NUCLEO-F401RE-master/shared/Middle/ucglib/ucg_font.o
                0x08003660                ucg_font_draw_glyph
 .text.ucg_SetFontMode
                0x080036c2       0x20 ./ThuVien_SDK_1.0.3_NUCLEO-F401RE-master/shared/Middle/ucglib/ucg_font.o
                0x080036c2                ucg_SetFontMode
 *fill*         0x080036e2        0x2 
 .text.ucg_DrawGlyph
                0x080036e4       0xb0 ./ThuVien_SDK_1.0.3_NUCLEO-F401RE-master/shared/Middle/ucglib/ucg_font.o
                0x080036e4                ucg_DrawGlyph
 .text.task_drawString
                0x08003794      0x138 ./ThuVien_SDK_1.0.3_NUCLEO-F401RE-master/shared/Middle/ucglib/ucg_font.o
                0x08003794                task_drawString
 .text.ucg_DrawString
                0x080038cc       0x78 ./ThuVien_SDK_1.0.3_NUCLEO-F401RE-master/shared/Middle/ucglib/ucg_font.o
                0x080038cc                ucg_DrawString
 .text.ucg_UpdateRefHeight
                0x08003944       0xd8 ./ThuVien_SDK_1.0.3_NUCLEO-F401RE-master/shared/Middle/ucglib/ucg_font.o
                0x08003944                ucg_UpdateRefHeight
 .text.ucg_font_calc_vref_font
                0x08003a1c       0x16 ./ThuVien_SDK_1.0.3_NUCLEO-F401RE-master/shared/Middle/ucglib/ucg_font.o
                0x08003a1c                ucg_font_calc_vref_font
 *fill*         0x08003a32        0x2 
 .text.ucg_SetFontPosBaseline
                0x08003a34       0x20 ./ThuVien_SDK_1.0.3_NUCLEO-F401RE-master/shared/Middle/ucglib/ucg_font.o
                0x08003a34                ucg_SetFontPosBaseline
 .text.ucg_SetFont
                0x08003a54       0x4c ./ThuVien_SDK_1.0.3_NUCLEO-F401RE-master/shared/Middle/ucglib/ucg_font.o
                0x08003a54                ucg_SetFont
 .text.ucg_init_struct
                0x08003aa0       0x50 ./ThuVien_SDK_1.0.3_NUCLEO-F401RE-master/shared/Middle/ucglib/ucg_init.o
                0x08003aa0                ucg_init_struct
 .text.ucg_Init
                0x08003af0       0x5c ./ThuVien_SDK_1.0.3_NUCLEO-F401RE-master/shared/Middle/ucglib/ucg_init.o
                0x08003af0                ucg_Init
 .text.ucg_Draw90Line
                0x08003b4c       0x88 ./ThuVien_SDK_1.0.3_NUCLEO-F401RE-master/shared/Middle/ucglib/ucg_line.o
                0x08003b4c                ucg_Draw90Line
 .text.ucg_DrawHLine
                0x08003bd4       0x3c ./ThuVien_SDK_1.0.3_NUCLEO-F401RE-master/shared/Middle/ucglib/ucg_line.o
                0x08003bd4                ucg_DrawHLine
 .text.ucg_DrawVLine
                0x08003c10       0x3c ./ThuVien_SDK_1.0.3_NUCLEO-F401RE-master/shared/Middle/ucglib/ucg_line.o
                0x08003c10                ucg_DrawVLine
 .text.ucg_SetColor
                0x08003c4c       0x5c ./ThuVien_SDK_1.0.3_NUCLEO-F401RE-master/shared/Middle/ucglib/ucg_pixel.o
                0x08003c4c                ucg_SetColor
 .text.ucg_UndoRotate
                0x08003ca8       0x32 ./ThuVien_SDK_1.0.3_NUCLEO-F401RE-master/shared/Middle/ucglib/ucg_rotate.o
                0x08003ca8                ucg_UndoRotate
 .text.ucg_rotate_180_xy
                0x08003cda       0x66 ./ThuVien_SDK_1.0.3_NUCLEO-F401RE-master/shared/Middle/ucglib/ucg_rotate.o
 .text.ucg_dev_rotate180
                0x08003d40      0x100 ./ThuVien_SDK_1.0.3_NUCLEO-F401RE-master/shared/Middle/ucglib/ucg_rotate.o
                0x08003d40                ucg_dev_rotate180
 .text.ucg_SetRotate180
                0x08003e40       0x34 ./ThuVien_SDK_1.0.3_NUCLEO-F401RE-master/shared/Middle/ucglib/ucg_rotate.o
                0x08003e40                ucg_SetRotate180
 .text.bufInit  0x08003e74       0x36 ./ThuVien_SDK_1.0.3_NUCLEO-F401RE-master/shared/Utilities/buff.o
                0x08003e74                bufInit
 .text.bufNumItems
                0x08003eaa       0x18 ./ThuVien_SDK_1.0.3_NUCLEO-F401RE-master/shared/Utilities/buff.o
                0x08003eaa                bufNumItems
 .text.bufIsFull
                0x08003ec2       0x26 ./ThuVien_SDK_1.0.3_NUCLEO-F401RE-master/shared/Utilities/buff.o
                0x08003ec2                bufIsFull
 .text.bufIsEmpty
                0x08003ee8       0x26 ./ThuVien_SDK_1.0.3_NUCLEO-F401RE-master/shared/Utilities/buff.o
                0x08003ee8                bufIsEmpty
 .text.bufFlush
                0x08003f0e       0x32 ./ThuVien_SDK_1.0.3_NUCLEO-F401RE-master/shared/Utilities/buff.o
                0x08003f0e                bufFlush
 .text.bufEnDat
                0x08003f40       0x9e ./ThuVien_SDK_1.0.3_NUCLEO-F401RE-master/shared/Utilities/buff.o
                0x08003f40                bufEnDat
 .text.bufDeDat
                0x08003fde       0x8a ./ThuVien_SDK_1.0.3_NUCLEO-F401RE-master/shared/Utilities/buff.o
                0x08003fde                bufDeDat
 .text.memsetl  0x08004068       0x34 ./ThuVien_SDK_1.0.3_NUCLEO-F401RE-master/shared/Utilities/utilities.o
                0x08004068                memsetl
 .text.srand    0x0800409c       0x5c C:/ST/STM32CubeIDE_1.19.0/STM32CubeIDE/plugins/com.st.stm32cube.ide.mcu.externaltools.gnu-tools-for-stm32.13.3.rel1.win32_1.0.0.202411081344/tools/bin/../lib/gcc/arm-none-eabi/13.3.1/../../../../arm-none-eabi/lib/thumb/v7e-m+fp/hard\libc_nano.a(libc_a-rand.o)
                0x0800409c                srand
 .text.rand     0x080040f8       0x7c C:/ST/STM32CubeIDE_1.19.0/STM32CubeIDE/plugins/com.st.stm32cube.ide.mcu.externaltools.gnu-tools-for-stm32.13.3.rel1.win32_1.0.0.202411081344/tools/bin/../lib/gcc/arm-none-eabi/13.3.1/../../../../arm-none-eabi/lib/thumb/v7e-m+fp/hard\libc_nano.a(libc_a-rand.o)
                0x080040f8                rand
 .text.std      0x08004174       0x6c C:/ST/STM32CubeIDE_1.19.0/STM32CubeIDE/plugins/com.st.stm32cube.ide.mcu.externaltools.gnu-tools-for-stm32.13.3.rel1.win32_1.0.0.202411081344/tools/bin/../lib/gcc/arm-none-eabi/13.3.1/../../../../arm-none-eabi/lib/thumb/v7e-m+fp/hard\libc_nano.a(libc_a-findfp.o)
 .text.stdio_exit_handler
                0x080041e0       0x18 C:/ST/STM32CubeIDE_1.19.0/STM32CubeIDE/plugins/com.st.stm32cube.ide.mcu.externaltools.gnu-tools-for-stm32.13.3.rel1.win32_1.0.0.202411081344/tools/bin/../lib/gcc/arm-none-eabi/13.3.1/../../../../arm-none-eabi/lib/thumb/v7e-m+fp/hard\libc_nano.a(libc_a-findfp.o)
 .text.cleanup_stdio
                0x080041f8       0x40 C:/ST/STM32CubeIDE_1.19.0/STM32CubeIDE/plugins/com.st.stm32cube.ide.mcu.externaltools.gnu-tools-for-stm32.13.3.rel1.win32_1.0.0.202411081344/tools/bin/../lib/gcc/arm-none-eabi/13.3.1/../../../../arm-none-eabi/lib/thumb/v7e-m+fp/hard\libc_nano.a(libc_a-findfp.o)
 .text.global_stdio_init.part.0
                0x08004238       0x3c C:/ST/STM32CubeIDE_1.19.0/STM32CubeIDE/plugins/com.st.stm32cube.ide.mcu.externaltools.gnu-tools-for-stm32.13.3.rel1.win32_1.0.0.202411081344/tools/bin/../lib/gcc/arm-none-eabi/13.3.1/../../../../arm-none-eabi/lib/thumb/v7e-m+fp/hard\libc_nano.a(libc_a-findfp.o)
 .text.__sfp_lock_acquire
                0x08004274        0xc C:/ST/STM32CubeIDE_1.19.0/STM32CubeIDE/plugins/com.st.stm32cube.ide.mcu.externaltools.gnu-tools-for-stm32.13.3.rel1.win32_1.0.0.202411081344/tools/bin/../lib/gcc/arm-none-eabi/13.3.1/../../../../arm-none-eabi/lib/thumb/v7e-m+fp/hard\libc_nano.a(libc_a-findfp.o)
                0x08004274                __sfp_lock_acquire
 .text.__sfp_lock_release
                0x08004280        0xc C:/ST/STM32CubeIDE_1.19.0/STM32CubeIDE/plugins/com.st.stm32cube.ide.mcu.externaltools.gnu-tools-for-stm32.13.3.rel1.win32_1.0.0.202411081344/tools/bin/../lib/gcc/arm-none-eabi/13.3.1/../../../../arm-none-eabi/lib/thumb/v7e-m+fp/hard\libc_nano.a(libc_a-findfp.o)
                0x08004280                __sfp_lock_release
 .text.__sinit  0x0800428c       0x30 C:/ST/STM32CubeIDE_1.19.0/STM32CubeIDE/plugins/com.st.stm32cube.ide.mcu.externaltools.gnu-tools-for-stm32.13.3.rel1.win32_1.0.0.202411081344/tools/bin/../lib/gcc/arm-none-eabi/13.3.1/../../../../arm-none-eabi/lib/thumb/v7e-m+fp/hard\libc_nano.a(libc_a-findfp.o)
                0x0800428c                __sinit
 .text._fwalk_sglue
                0x080042bc       0x3c C:/ST/STM32CubeIDE_1.19.0/STM32CubeIDE/plugins/com.st.stm32cube.ide.mcu.externaltools.gnu-tools-for-stm32.13.3.rel1.win32_1.0.0.202411081344/tools/bin/../lib/gcc/arm-none-eabi/13.3.1/../../../../arm-none-eabi/lib/thumb/v7e-m+fp/hard\libc_nano.a(libc_a-fwalk.o)
                0x080042bc                _fwalk_sglue
 .text.snprintf
                0x080042f8       0x6c C:/ST/STM32CubeIDE_1.19.0/STM32CubeIDE/plugins/com.st.stm32cube.ide.mcu.externaltools.gnu-tools-for-stm32.13.3.rel1.win32_1.0.0.202411081344/tools/bin/../lib/gcc/arm-none-eabi/13.3.1/../../../../arm-none-eabi/lib/thumb/v7e-m+fp/hard\libc_nano.a(libc_a-snprintf.o)
                0x080042f8                sniprintf
                0x080042f8                snprintf
 .text.__sread  0x08004364       0x22 C:/ST/STM32CubeIDE_1.19.0/STM32CubeIDE/plugins/com.st.stm32cube.ide.mcu.externaltools.gnu-tools-for-stm32.13.3.rel1.win32_1.0.0.202411081344/tools/bin/../lib/gcc/arm-none-eabi/13.3.1/../../../../arm-none-eabi/lib/thumb/v7e-m+fp/hard\libc_nano.a(libc_a-stdio.o)
                0x08004364                __sread
 .text.__swrite
                0x08004386       0x38 C:/ST/STM32CubeIDE_1.19.0/STM32CubeIDE/plugins/com.st.stm32cube.ide.mcu.externaltools.gnu-tools-for-stm32.13.3.rel1.win32_1.0.0.202411081344/tools/bin/../lib/gcc/arm-none-eabi/13.3.1/../../../../arm-none-eabi/lib/thumb/v7e-m+fp/hard\libc_nano.a(libc_a-stdio.o)
                0x08004386                __swrite
 .text.__sseek  0x080043be       0x24 C:/ST/STM32CubeIDE_1.19.0/STM32CubeIDE/plugins/com.st.stm32cube.ide.mcu.externaltools.gnu-tools-for-stm32.13.3.rel1.win32_1.0.0.202411081344/tools/bin/../lib/gcc/arm-none-eabi/13.3.1/../../../../arm-none-eabi/lib/thumb/v7e-m+fp/hard\libc_nano.a(libc_a-stdio.o)
                0x080043be                __sseek
 .text.__sclose
                0x080043e2        0x8 C:/ST/STM32CubeIDE_1.19.0/STM32CubeIDE/plugins/com.st.stm32cube.ide.mcu.externaltools.gnu-tools-for-stm32.13.3.rel1.win32_1.0.0.202411081344/tools/bin/../lib/gcc/arm-none-eabi/13.3.1/../../../../arm-none-eabi/lib/thumb/v7e-m+fp/hard\libc_nano.a(libc_a-stdio.o)
                0x080043e2                __sclose
 .text.memset   0x080043ea       0x10 C:/ST/STM32CubeIDE_1.19.0/STM32CubeIDE/plugins/com.st.stm32cube.ide.mcu.externaltools.gnu-tools-for-stm32.13.3.rel1.win32_1.0.0.202411081344/tools/bin/../lib/gcc/arm-none-eabi/13.3.1/../../../../arm-none-eabi/lib/thumb/v7e-m+fp/hard\libc_nano.a(libc_a-memset.o)
                0x080043ea                memset
 *fill*         0x080043fa        0x2 
 .text._close_r
                0x080043fc       0x20 C:/ST/STM32CubeIDE_1.19.0/STM32CubeIDE/plugins/com.st.stm32cube.ide.mcu.externaltools.gnu-tools-for-stm32.13.3.rel1.win32_1.0.0.202411081344/tools/bin/../lib/gcc/arm-none-eabi/13.3.1/../../../../arm-none-eabi/lib/thumb/v7e-m+fp/hard\libc_nano.a(libc_a-closer.o)
                0x080043fc                _close_r
 .text._lseek_r
                0x0800441c       0x24 C:/ST/STM32CubeIDE_1.19.0/STM32CubeIDE/plugins/com.st.stm32cube.ide.mcu.externaltools.gnu-tools-for-stm32.13.3.rel1.win32_1.0.0.202411081344/tools/bin/../lib/gcc/arm-none-eabi/13.3.1/../../../../arm-none-eabi/lib/thumb/v7e-m+fp/hard\libc_nano.a(libc_a-lseekr.o)
                0x0800441c                _lseek_r
 .text._read_r  0x08004440       0x24 C:/ST/STM32CubeIDE_1.19.0/STM32CubeIDE/plugins/com.st.stm32cube.ide.mcu.externaltools.gnu-tools-for-stm32.13.3.rel1.win32_1.0.0.202411081344/tools/bin/../lib/gcc/arm-none-eabi/13.3.1/../../../../arm-none-eabi/lib/thumb/v7e-m+fp/hard\libc_nano.a(libc_a-readr.o)
                0x08004440                _read_r
 .text._write_r
                0x08004464       0x24 C:/ST/STM32CubeIDE_1.19.0/STM32CubeIDE/plugins/com.st.stm32cube.ide.mcu.externaltools.gnu-tools-for-stm32.13.3.rel1.win32_1.0.0.202411081344/tools/bin/../lib/gcc/arm-none-eabi/13.3.1/../../../../arm-none-eabi/lib/thumb/v7e-m+fp/hard\libc_nano.a(libc_a-writer.o)
                0x08004464                _write_r
 .text.__errno  0x08004488        0xc C:/ST/STM32CubeIDE_1.19.0/STM32CubeIDE/plugins/com.st.stm32cube.ide.mcu.externaltools.gnu-tools-for-stm32.13.3.rel1.win32_1.0.0.202411081344/tools/bin/../lib/gcc/arm-none-eabi/13.3.1/../../../../arm-none-eabi/lib/thumb/v7e-m+fp/hard\libc_nano.a(libc_a-errno.o)
                0x08004488                __errno
 .text.__libc_init_array
                0x08004494       0x48 C:/ST/STM32CubeIDE_1.19.0/STM32CubeIDE/plugins/com.st.stm32cube.ide.mcu.externaltools.gnu-tools-for-stm32.13.3.rel1.win32_1.0.0.202411081344/tools/bin/../lib/gcc/arm-none-eabi/13.3.1/../../../../arm-none-eabi/lib/thumb/v7e-m+fp/hard\libc_nano.a(libc_a-init.o)
                0x08004494                __libc_init_array
 .text.__retarget_lock_init_recursive
                0x080044dc        0x2 C:/ST/STM32CubeIDE_1.19.0/STM32CubeIDE/plugins/com.st.stm32cube.ide.mcu.externaltools.gnu-tools-for-stm32.13.3.rel1.win32_1.0.0.202411081344/tools/bin/../lib/gcc/arm-none-eabi/13.3.1/../../../../arm-none-eabi/lib/thumb/v7e-m+fp/hard\libc_nano.a(libc_a-lock.o)
                0x080044dc                __retarget_lock_init_recursive
 .text.__retarget_lock_acquire_recursive
                0x080044de        0x2 C:/ST/STM32CubeIDE_1.19.0/STM32CubeIDE/plugins/com.st.stm32cube.ide.mcu.externaltools.gnu-tools-for-stm32.13.3.rel1.win32_1.0.0.202411081344/tools/bin/../lib/gcc/arm-none-eabi/13.3.1/../../../../arm-none-eabi/lib/thumb/v7e-m+fp/hard\libc_nano.a(libc_a-lock.o)
                0x080044de                __retarget_lock_acquire_recursive
 .text.__retarget_lock_release_recursive
                0x080044e0        0x2 C:/ST/STM32CubeIDE_1.19.0/STM32CubeIDE/plugins/com.st.stm32cube.ide.mcu.externaltools.gnu-tools-for-stm32.13.3.rel1.win32_1.0.0.202411081344/tools/bin/../lib/gcc/arm-none-eabi/13.3.1/../../../../arm-none-eabi/lib/thumb/v7e-m+fp/hard\libc_nano.a(libc_a-lock.o)
                0x080044e0                __retarget_lock_release_recursive
 *fill*         0x080044e2        0x2 
 .text.__assert_func
                0x080044e4       0x3c C:/ST/STM32CubeIDE_1.19.0/STM32CubeIDE/plugins/com.st.stm32cube.ide.mcu.externaltools.gnu-tools-for-stm32.13.3.rel1.win32_1.0.0.202411081344/tools/bin/../lib/gcc/arm-none-eabi/13.3.1/../../../../arm-none-eabi/lib/thumb/v7e-m+fp/hard\libc_nano.a(libc_a-assert.o)
                0x080044e4                __assert_func
 .text._free_r  0x08004520       0x94 C:/ST/STM32CubeIDE_1.19.0/STM32CubeIDE/plugins/com.st.stm32cube.ide.mcu.externaltools.gnu-tools-for-stm32.13.3.rel1.win32_1.0.0.202411081344/tools/bin/../lib/gcc/arm-none-eabi/13.3.1/../../../../arm-none-eabi/lib/thumb/v7e-m+fp/hard\libc_nano.a(libc_a-freer.o)
                0x08004520                _free_r
 .text.malloc   0x080045b4       0x10 C:/ST/STM32CubeIDE_1.19.0/STM32CubeIDE/plugins/com.st.stm32cube.ide.mcu.externaltools.gnu-tools-for-stm32.13.3.rel1.win32_1.0.0.202411081344/tools/bin/../lib/gcc/arm-none-eabi/13.3.1/../../../../arm-none-eabi/lib/thumb/v7e-m+fp/hard\libc_nano.a(libc_a-malloc.o)
                0x080045b4                malloc
 .text.sbrk_aligned
                0x080045c4       0x44 C:/ST/STM32CubeIDE_1.19.0/STM32CubeIDE/plugins/com.st.stm32cube.ide.mcu.externaltools.gnu-tools-for-stm32.13.3.rel1.win32_1.0.0.202411081344/tools/bin/../lib/gcc/arm-none-eabi/13.3.1/../../../../arm-none-eabi/lib/thumb/v7e-m+fp/hard\libc_nano.a(libc_a-mallocr.o)
 .text._malloc_r
                0x08004608      0x100 C:/ST/STM32CubeIDE_1.19.0/STM32CubeIDE/plugins/com.st.stm32cube.ide.mcu.externaltools.gnu-tools-for-stm32.13.3.rel1.win32_1.0.0.202411081344/tools/bin/../lib/gcc/arm-none-eabi/13.3.1/../../../../arm-none-eabi/lib/thumb/v7e-m+fp/hard\libc_nano.a(libc_a-mallocr.o)
                0x08004608                _malloc_r
 .text.__malloc_lock
                0x08004708        0xc C:/ST/STM32CubeIDE_1.19.0/STM32CubeIDE/plugins/com.st.stm32cube.ide.mcu.externaltools.gnu-tools-for-stm32.13.3.rel1.win32_1.0.0.202411081344/tools/bin/../lib/gcc/arm-none-eabi/13.3.1/../../../../arm-none-eabi/lib/thumb/v7e-m+fp/hard\libc_nano.a(libc_a-mlock.o)
                0x08004708                __malloc_lock
 .text.__malloc_unlock
                0x08004714        0xc C:/ST/STM32CubeIDE_1.19.0/STM32CubeIDE/plugins/com.st.stm32cube.ide.mcu.externaltools.gnu-tools-for-stm32.13.3.rel1.win32_1.0.0.202411081344/tools/bin/../lib/gcc/arm-none-eabi/13.3.1/../../../../arm-none-eabi/lib/thumb/v7e-m+fp/hard\libc_nano.a(libc_a-mlock.o)
                0x08004714                __malloc_unlock
 .text.__ssputs_r
                0x08004720       0xb6 C:/ST/STM32CubeIDE_1.19.0/STM32CubeIDE/plugins/com.st.stm32cube.ide.mcu.externaltools.gnu-tools-for-stm32.13.3.rel1.win32_1.0.0.202411081344/tools/bin/../lib/gcc/arm-none-eabi/13.3.1/../../../../arm-none-eabi/lib/thumb/v7e-m+fp/hard\libc_nano.a(libc_a-nano-svfprintf.o)
                0x08004720                __ssputs_r
 *fill*         0x080047d6        0x2 
 .text._svfprintf_r
                0x080047d8      0x1f8 C:/ST/STM32CubeIDE_1.19.0/STM32CubeIDE/plugins/com.st.stm32cube.ide.mcu.externaltools.gnu-tools-for-stm32.13.3.rel1.win32_1.0.0.202411081344/tools/bin/../lib/gcc/arm-none-eabi/13.3.1/../../../../arm-none-eabi/lib/thumb/v7e-m+fp/hard\libc_nano.a(libc_a-nano-svfprintf.o)
                0x080047d8                _svfiprintf_r
                0x080047d8                _svfprintf_r
 .text._printf_common
                0x080049d0       0xda C:/ST/STM32CubeIDE_1.19.0/STM32CubeIDE/plugins/com.st.stm32cube.ide.mcu.externaltools.gnu-tools-for-stm32.13.3.rel1.win32_1.0.0.202411081344/tools/bin/../lib/gcc/arm-none-eabi/13.3.1/../../../../arm-none-eabi/lib/thumb/v7e-m+fp/hard\libc_nano.a(libc_a-nano-vfprintf_i.o)
                0x080049d0                _printf_common
 *fill*         0x08004aaa        0x2 
 .text._printf_i
                0x08004aac      0x23c C:/ST/STM32CubeIDE_1.19.0/STM32CubeIDE/plugins/com.st.stm32cube.ide.mcu.externaltools.gnu-tools-for-stm32.13.3.rel1.win32_1.0.0.202411081344/tools/bin/../lib/gcc/arm-none-eabi/13.3.1/../../../../arm-none-eabi/lib/thumb/v7e-m+fp/hard\libc_nano.a(libc_a-nano-vfprintf_i.o)
                0x08004aac                _printf_i
 .text.__sflush_r
                0x08004ce8      0x108 C:/ST/STM32CubeIDE_1.19.0/STM32CubeIDE/plugins/com.st.stm32cube.ide.mcu.externaltools.gnu-tools-for-stm32.13.3.rel1.win32_1.0.0.202411081344/tools/bin/../lib/gcc/arm-none-eabi/13.3.1/../../../../arm-none-eabi/lib/thumb/v7e-m+fp/hard\libc_nano.a(libc_a-fflush.o)
                0x08004ce8                __sflush_r
 .text._fflush_r
                0x08004df0       0x50 C:/ST/STM32CubeIDE_1.19.0/STM32CubeIDE/plugins/com.st.stm32cube.ide.mcu.externaltools.gnu-tools-for-stm32.13.3.rel1.win32_1.0.0.202411081344/tools/bin/../lib/gcc/arm-none-eabi/13.3.1/../../../../arm-none-eabi/lib/thumb/v7e-m+fp/hard\libc_nano.a(libc_a-fflush.o)
                0x08004df0                _fflush_r
 .text.fprintf  0x08004e40       0x24 C:/ST/STM32CubeIDE_1.19.0/STM32CubeIDE/plugins/com.st.stm32cube.ide.mcu.externaltools.gnu-tools-for-stm32.13.3.rel1.win32_1.0.0.202411081344/tools/bin/../lib/gcc/arm-none-eabi/13.3.1/../../../../arm-none-eabi/lib/thumb/v7e-m+fp/hard\libc_nano.a(libc_a-fprintf.o)
                0x08004e40                fiprintf
                0x08004e40                fprintf
 .text.memmove  0x08004e64       0x34 C:/ST/STM32CubeIDE_1.19.0/STM32CubeIDE/plugins/com.st.stm32cube.ide.mcu.externaltools.gnu-tools-for-stm32.13.3.rel1.win32_1.0.0.202411081344/tools/bin/../lib/gcc/arm-none-eabi/13.3.1/../../../../arm-none-eabi/lib/thumb/v7e-m+fp/hard\libc_nano.a(libc_a-memmove.o)
                0x08004e64                memmove
 .text._sbrk_r  0x08004e98       0x20 C:/ST/STM32CubeIDE_1.19.0/STM32CubeIDE/plugins/com.st.stm32cube.ide.mcu.externaltools.gnu-tools-for-stm32.13.3.rel1.win32_1.0.0.202411081344/tools/bin/../lib/gcc/arm-none-eabi/13.3.1/../../../../arm-none-eabi/lib/thumb/v7e-m+fp/hard\libc_nano.a(libc_a-sbrkr.o)
                0x08004e98                _sbrk_r
 .text.memcpy   0x08004eb8       0x1c C:/ST/STM32CubeIDE_1.19.0/STM32CubeIDE/plugins/com.st.stm32cube.ide.mcu.externaltools.gnu-tools-for-stm32.13.3.rel1.win32_1.0.0.202411081344/tools/bin/../lib/gcc/arm-none-eabi/13.3.1/../../../../arm-none-eabi/lib/thumb/v7e-m+fp/hard\libc_nano.a(libc_a-memcpy-stub.o)
                0x08004eb8                memcpy
 .text.abort    0x08004ed4        0xe C:/ST/STM32CubeIDE_1.19.0/STM32CubeIDE/plugins/com.st.stm32cube.ide.mcu.externaltools.gnu-tools-for-stm32.13.3.rel1.win32_1.0.0.202411081344/tools/bin/../lib/gcc/arm-none-eabi/13.3.1/../../../../arm-none-eabi/lib/thumb/v7e-m+fp/hard\libc_nano.a(libc_a-abort.o)
                0x08004ed4                abort
 .text._realloc_r
                0x08004ee2       0x5c C:/ST/STM32CubeIDE_1.19.0/STM32CubeIDE/plugins/com.st.stm32cube.ide.mcu.externaltools.gnu-tools-for-stm32.13.3.rel1.win32_1.0.0.202411081344/tools/bin/../lib/gcc/arm-none-eabi/13.3.1/../../../../arm-none-eabi/lib/thumb/v7e-m+fp/hard\libc_nano.a(libc_a-reallocr.o)
                0x08004ee2                _realloc_r
 .text.__sfputc_r
                0x08004f3e       0x2e C:/ST/STM32CubeIDE_1.19.0/STM32CubeIDE/plugins/com.st.stm32cube.ide.mcu.externaltools.gnu-tools-for-stm32.13.3.rel1.win32_1.0.0.202411081344/tools/bin/../lib/gcc/arm-none-eabi/13.3.1/../../../../arm-none-eabi/lib/thumb/v7e-m+fp/hard\libc_nano.a(libc_a-nano-vfprintf.o)
 .text.__sfputs_r
                0x08004f6c       0x24 C:/ST/STM32CubeIDE_1.19.0/STM32CubeIDE/plugins/com.st.stm32cube.ide.mcu.externaltools.gnu-tools-for-stm32.13.3.rel1.win32_1.0.0.202411081344/tools/bin/../lib/gcc/arm-none-eabi/13.3.1/../../../../arm-none-eabi/lib/thumb/v7e-m+fp/hard\libc_nano.a(libc_a-nano-vfprintf.o)
                0x08004f6c                __sfputs_r
 .text._vfprintf_r
                0x08004f90      0x230 C:/ST/STM32CubeIDE_1.19.0/STM32CubeIDE/plugins/com.st.stm32cube.ide.mcu.externaltools.gnu-tools-for-stm32.13.3.rel1.win32_1.0.0.202411081344/tools/bin/../lib/gcc/arm-none-eabi/13.3.1/../../../../arm-none-eabi/lib/thumb/v7e-m+fp/hard\libc_nano.a(libc_a-nano-vfprintf.o)
                0x08004f90                _vfprintf_r
                0x08004f90                _vfiprintf_r
 .text.__swbuf_r
                0x080051c0       0x7c C:/ST/STM32CubeIDE_1.19.0/STM32CubeIDE/plugins/com.st.stm32cube.ide.mcu.externaltools.gnu-tools-for-stm32.13.3.rel1.win32_1.0.0.202411081344/tools/bin/../lib/gcc/arm-none-eabi/13.3.1/../../../../arm-none-eabi/lib/thumb/v7e-m+fp/hard\libc_nano.a(libc_a-wbuf.o)
                0x080051c0                __swbuf_r
 .text.__swsetup_r
                0x0800523c       0xac C:/ST/STM32CubeIDE_1.19.0/STM32CubeIDE/plugins/com.st.stm32cube.ide.mcu.externaltools.gnu-tools-for-stm32.13.3.rel1.win32_1.0.0.202411081344/tools/bin/../lib/gcc/arm-none-eabi/13.3.1/../../../../arm-none-eabi/lib/thumb/v7e-m+fp/hard\libc_nano.a(libc_a-wsetup.o)
                0x0800523c                __swsetup_r
 .text._raise_r
                0x080052e8       0x50 C:/ST/STM32CubeIDE_1.19.0/STM32CubeIDE/plugins/com.st.stm32cube.ide.mcu.externaltools.gnu-tools-for-stm32.13.3.rel1.win32_1.0.0.202411081344/tools/bin/../lib/gcc/arm-none-eabi/13.3.1/../../../../arm-none-eabi/lib/thumb/v7e-m+fp/hard\libc_nano.a(libc_a-signal.o)
                0x080052e8                _raise_r
 .text.raise    0x08005338       0x10 C:/ST/STM32CubeIDE_1.19.0/STM32CubeIDE/plugins/com.st.stm32cube.ide.mcu.externaltools.gnu-tools-for-stm32.13.3.rel1.win32_1.0.0.202411081344/tools/bin/../lib/gcc/arm-none-eabi/13.3.1/../../../../arm-none-eabi/lib/thumb/v7e-m+fp/hard\libc_nano.a(libc_a-signal.o)
                0x08005338                raise
 .text._kill_r  0x08005348       0x24 C:/ST/STM32CubeIDE_1.19.0/STM32CubeIDE/plugins/com.st.stm32cube.ide.mcu.externaltools.gnu-tools-for-stm32.13.3.rel1.win32_1.0.0.202411081344/tools/bin/../lib/gcc/arm-none-eabi/13.3.1/../../../../arm-none-eabi/lib/thumb/v7e-m+fp/hard\libc_nano.a(libc_a-signalr.o)
                0x08005348                _kill_r
 .text._getpid_r
                0x0800536c        0x4 C:/ST/STM32CubeIDE_1.19.0/STM32CubeIDE/plugins/com.st.stm32cube.ide.mcu.externaltools.gnu-tools-for-stm32.13.3.rel1.win32_1.0.0.202411081344/tools/bin/../lib/gcc/arm-none-eabi/13.3.1/../../../../arm-none-eabi/lib/thumb/v7e-m+fp/hard\libc_nano.a(libc_a-signalr.o)
                0x0800536c                _getpid_r
 .text._malloc_usable_size_r
                0x08005370       0x10 C:/ST/STM32CubeIDE_1.19.0/STM32CubeIDE/plugins/com.st.stm32cube.ide.mcu.externaltools.gnu-tools-for-stm32.13.3.rel1.win32_1.0.0.202411081344/tools/bin/../lib/gcc/arm-none-eabi/13.3.1/../../../../arm-none-eabi/lib/thumb/v7e-m+fp/hard\libc_nano.a(libc_a-msizer.o)
                0x08005370                _malloc_usable_size_r
 .text.__swhatbuf_r
                0x08005380       0x4c C:/ST/STM32CubeIDE_1.19.0/STM32CubeIDE/plugins/com.st.stm32cube.ide.mcu.externaltools.gnu-tools-for-stm32.13.3.rel1.win32_1.0.0.202411081344/tools/bin/../lib/gcc/arm-none-eabi/13.3.1/../../../../arm-none-eabi/lib/thumb/v7e-m+fp/hard\libc_nano.a(libc_a-makebuf.o)
                0x08005380                __swhatbuf_r
 .text.__smakebuf_r
                0x080053cc       0x78 C:/ST/STM32CubeIDE_1.19.0/STM32CubeIDE/plugins/com.st.stm32cube.ide.mcu.externaltools.gnu-tools-for-stm32.13.3.rel1.win32_1.0.0.202411081344/tools/bin/../lib/gcc/arm-none-eabi/13.3.1/../../../../arm-none-eabi/lib/thumb/v7e-m+fp/hard\libc_nano.a(libc_a-makebuf.o)
                0x080053cc                __smakebuf_r
 .text._fstat_r
                0x08005444       0x24 C:/ST/STM32CubeIDE_1.19.0/STM32CubeIDE/plugins/com.st.stm32cube.ide.mcu.externaltools.gnu-tools-for-stm32.13.3.rel1.win32_1.0.0.202411081344/tools/bin/../lib/gcc/arm-none-eabi/13.3.1/../../../../arm-none-eabi/lib/thumb/v7e-m+fp/hard\libc_nano.a(libc_a-fstatr.o)
                0x08005444                _fstat_r
 .text._isatty_r
                0x08005468       0x20 C:/ST/STM32CubeIDE_1.19.0/STM32CubeIDE/plugins/com.st.stm32cube.ide.mcu.externaltools.gnu-tools-for-stm32.13.3.rel1.win32_1.0.0.202411081344/tools/bin/../lib/gcc/arm-none-eabi/13.3.1/../../../../arm-none-eabi/lib/thumb/v7e-m+fp/hard\libc_nano.a(libc_a-isattyr.o)
                0x08005468                _isatty_r
 *(.glue_7)
 .glue_7        0x08005488        0x0 linker stubs
 *(.glue_7t)
 .glue_7t       0x08005488        0x0 linker stubs
 *(.eh_frame)
 .eh_frame      0x08005488        0x0 C:/ST/STM32CubeIDE_1.19.0/STM32CubeIDE/plugins/com.st.stm32cube.ide.mcu.externaltools.gnu-tools-for-stm32.13.3.rel1.win32_1.0.0.202411081344/tools/bin/../lib/gcc/arm-none-eabi/13.3.1/thumb/v7e-m+fp/hard/crtbegin.o
 *(.init)
 .init          0x08005488        0x4 C:/ST/STM32CubeIDE_1.19.0/STM32CubeIDE/plugins/com.st.stm32cube.ide.mcu.externaltools.gnu-tools-for-stm32.13.3.rel1.win32_1.0.0.202411081344/tools/bin/../lib/gcc/arm-none-eabi/13.3.1/thumb/v7e-m+fp/hard/crti.o
                0x08005488                _init
 .init          0x0800548c        0x8 C:/ST/STM32CubeIDE_1.19.0/STM32CubeIDE/plugins/com.st.stm32cube.ide.mcu.externaltools.gnu-tools-for-stm32.13.3.rel1.win32_1.0.0.202411081344/tools/bin/../lib/gcc/arm-none-eabi/13.3.1/thumb/v7e-m+fp/hard/crtn.o
 *(.fini)
 .fini          0x08005494        0x4 C:/ST/STM32CubeIDE_1.19.0/STM32CubeIDE/plugins/com.st.stm32cube.ide.mcu.externaltools.gnu-tools-for-stm32.13.3.rel1.win32_1.0.0.202411081344/tools/bin/../lib/gcc/arm-none-eabi/13.3.1/thumb/v7e-m+fp/hard/crti.o
                0x08005494                _fini
 .fini          0x08005498        0x8 C:/ST/STM32CubeIDE_1.19.0/STM32CubeIDE/plugins/com.st.stm32cube.ide.mcu.externaltools.gnu-tools-for-stm32.13.3.rel1.win32_1.0.0.202411081344/tools/bin/../lib/gcc/arm-none-eabi/13.3.1/thumb/v7e-m+fp/hard/crtn.o
                0x080054a0                        . = ALIGN (0x4)
                0x080054a0                        _etext = .

.vfp11_veneer   0x080054a0        0x0
 .vfp11_veneer  0x080054a0        0x0 linker stubs

.v4_bx          0x080054a0        0x0
 .v4_bx         0x080054a0        0x0 linker stubs

.iplt           0x080054a0        0x0
 .iplt          0x080054a0        0x0 C:/ST/STM32CubeIDE_1.19.0/STM32CubeIDE/plugins/com.st.stm32cube.ide.mcu.externaltools.gnu-tools-for-stm32.13.3.rel1.win32_1.0.0.202411081344/tools/bin/../lib/gcc/arm-none-eabi/13.3.1/thumb/v7e-m+fp/hard/crtbegin.o

.rodata         0x080054a0     0x22f0
                0x080054a0                        . = ALIGN (0x4)
 *(.rodata)
 .rodata        0x080054a0       0x5c ./Src/main.o
 .rodata        0x080054fc        0xf ./ThuVien_SDK_1.0.3_NUCLEO-F401RE-master/shared/Middle/ucglib/ucg_font.o
 *(.rodata*)
 *fill*         0x0800550b        0x1 
 .rodata.AHBPrescTable
                0x0800550c       0x10 ./ThuVien_SDK_1.0.3_NUCLEO-F401RE-master/shared/Drivers/CMSIS/Source/system_stm32f4xx.o
                0x0800550c                AHBPrescTable
 .rodata.APBAHBPrescTable
                0x0800551c       0x10 ./ThuVien_SDK_1.0.3_NUCLEO-F401RE-master/shared/Drivers/STM32F401RE_StdPeriph_Driver/src/stm32f401re_rcc.o
 .rodata.ucg_st7735_set_pos_seq
                0x0800552c       0x1e ./ThuVien_SDK_1.0.3_NUCLEO-F401RE-master/shared/Middle/ucglib/ucg_dev_ic_st7735.o
                0x0800552c                ucg_st7735_set_pos_seq
 *fill*         0x0800554a        0x2 
 .rodata.ucg_st7735_set_pos_dir0_seq
                0x0800554c       0x1e ./ThuVien_SDK_1.0.3_NUCLEO-F401RE-master/shared/Middle/ucglib/ucg_dev_ic_st7735.o
                0x0800554c                ucg_st7735_set_pos_dir0_seq
 *fill*         0x0800556a        0x2 
 .rodata.ucg_st7735_set_pos_dir1_seq
                0x0800556c       0x21 ./ThuVien_SDK_1.0.3_NUCLEO-F401RE-master/shared/Middle/ucglib/ucg_dev_ic_st7735.o
                0x0800556c                ucg_st7735_set_pos_dir1_seq
 *fill*         0x0800558d        0x3 
 .rodata.ucg_st7735_set_pos_dir2_seq
                0x08005590       0x21 ./ThuVien_SDK_1.0.3_NUCLEO-F401RE-master/shared/Middle/ucglib/ucg_dev_ic_st7735.o
                0x08005590                ucg_st7735_set_pos_dir2_seq
 *fill*         0x080055b1        0x3 
 .rodata.ucg_st7735_set_pos_dir3_seq
                0x080055b4       0x24 ./ThuVien_SDK_1.0.3_NUCLEO-F401RE-master/shared/Middle/ucglib/ucg_dev_ic_st7735.o
                0x080055b4                ucg_st7735_set_pos_dir3_seq
 .rodata.ucg_st7735_power_down_seq
                0x080055d8        0x7 ./ThuVien_SDK_1.0.3_NUCLEO-F401RE-master/shared/Middle/ucglib/ucg_dev_ic_st7735.o
 *fill*         0x080055df        0x1 
 .rodata.ucg_tft_128x160_st7735_init_seq
                0x080055e0       0x2c ./ThuVien_SDK_1.0.3_NUCLEO-F401RE-master/shared/Middle/ucglib/ucg_dev_tft_128x128_st7735.o
 .rodata.ucg_font_helvR08_tf
                0x0800560c      0x88b ./ThuVien_SDK_1.0.3_NUCLEO-F401RE-master/shared/Middle/ucglib/ucg_pixel_font_data.o
                0x0800560c                ucg_font_helvR08_tf
 *fill*         0x08005e97        0x1 
 .rodata.ucg_font_helvR10_tf
                0x08005e98      0xb24 ./ThuVien_SDK_1.0.3_NUCLEO-F401RE-master/shared/Middle/ucglib/ucg_pixel_font_data.o
                0x08005e98                ucg_font_helvR10_tf
 .rodata.ucg_font_helvR12_tf
                0x080069bc      0xcf4 ./ThuVien_SDK_1.0.3_NUCLEO-F401RE-master/shared/Middle/ucglib/ucg_pixel_font_data.o
                0x080069bc                ucg_font_helvR12_tf
 .rodata.srand.str1.1
                0x080076b0       0xde C:/ST/STM32CubeIDE_1.19.0/STM32CubeIDE/plugins/com.st.stm32cube.ide.mcu.externaltools.gnu-tools-for-stm32.13.3.rel1.win32_1.0.0.202411081344/tools/bin/../lib/gcc/arm-none-eabi/13.3.1/../../../../arm-none-eabi/lib/thumb/v7e-m+fp/hard\libc_nano.a(libc_a-rand.o)
                                 0x6f (size before relaxing)
 .rodata.__assert_func.str1.1
                0x0800778e       0x3d C:/ST/STM32CubeIDE_1.19.0/STM32CubeIDE/plugins/com.st.stm32cube.ide.mcu.externaltools.gnu-tools-for-stm32.13.3.rel1.win32_1.0.0.202411081344/tools/bin/../lib/gcc/arm-none-eabi/13.3.1/../../../../arm-none-eabi/lib/thumb/v7e-m+fp/hard\libc_nano.a(libc_a-assert.o)
 .rodata._svfprintf_r.str1.1
                0x0800778e       0x11 C:/ST/STM32CubeIDE_1.19.0/STM32CubeIDE/plugins/com.st.stm32cube.ide.mcu.externaltools.gnu-tools-for-stm32.13.3.rel1.win32_1.0.0.202411081344/tools/bin/../lib/gcc/arm-none-eabi/13.3.1/../../../../arm-none-eabi/lib/thumb/v7e-m+fp/hard\libc_nano.a(libc_a-nano-svfprintf.o)
 .rodata._printf_i.str1.1
                0x0800778e       0x22 C:/ST/STM32CubeIDE_1.19.0/STM32CubeIDE/plugins/com.st.stm32cube.ide.mcu.externaltools.gnu-tools-for-stm32.13.3.rel1.win32_1.0.0.202411081344/tools/bin/../lib/gcc/arm-none-eabi/13.3.1/../../../../arm-none-eabi/lib/thumb/v7e-m+fp/hard\libc_nano.a(libc_a-nano-vfprintf_i.o)
 .rodata._vfprintf_r.str1.1
                0x0800778e       0x11 C:/ST/STM32CubeIDE_1.19.0/STM32CubeIDE/plugins/com.st.stm32cube.ide.mcu.externaltools.gnu-tools-for-stm32.13.3.rel1.win32_1.0.0.202411081344/tools/bin/../lib/gcc/arm-none-eabi/13.3.1/../../../../arm-none-eabi/lib/thumb/v7e-m+fp/hard\libc_nano.a(libc_a-nano-vfprintf.o)
                0x080077cc                        . = ALIGN (0x4)
 *fill*         0x0800778e        0x2 

.ARM.extab      0x08007790        0x0
                0x08007790                        . = ALIGN (0x4)
 *(.ARM.extab* .gnu.linkonce.armextab.*)
                0x08007790                        . = ALIGN (0x4)

.ARM            0x08007790        0x8
                0x08007790                        . = ALIGN (0x4)
                0x08007790                        __exidx_start = .
 *(.ARM.exidx*)
 .ARM.exidx     0x08007790        0x8 C:/ST/STM32CubeIDE_1.19.0/STM32CubeIDE/plugins/com.st.stm32cube.ide.mcu.externaltools.gnu-tools-for-stm32.13.3.rel1.win32_1.0.0.202411081344/tools/bin/../lib/gcc/arm-none-eabi/13.3.1/../../../../arm-none-eabi/lib/thumb/v7e-m+fp/hard\libc_nano.a(libc_a-memchr.o)
                0x08007798                        __exidx_end = .
                0x08007798                        . = ALIGN (0x4)

.preinit_array  0x08007798        0x0
                0x08007798                        . = ALIGN (0x4)
                0x08007798                        PROVIDE (__preinit_array_start = .)
 *(.preinit_array*)
                0x08007798                        PROVIDE (__preinit_array_end = .)
                0x08007798                        . = ALIGN (0x4)

.init_array     0x08007798        0x4
                0x08007798                        . = ALIGN (0x4)
                0x08007798                        PROVIDE (__init_array_start = .)
 *(SORT_BY_NAME(.init_array.*))
 *(.init_array*)
 .init_array    0x08007798        0x4 C:/ST/STM32CubeIDE_1.19.0/STM32CubeIDE/plugins/com.st.stm32cube.ide.mcu.externaltools.gnu-tools-for-stm32.13.3.rel1.win32_1.0.0.202411081344/tools/bin/../lib/gcc/arm-none-eabi/13.3.1/thumb/v7e-m+fp/hard/crtbegin.o
                0x0800779c                        PROVIDE (__init_array_end = .)
                0x0800779c                        . = ALIGN (0x4)

.fini_array     0x0800779c        0x4
                0x0800779c                        . = ALIGN (0x4)
                [!provide]                        PROVIDE (__fini_array_start = .)
 *(SORT_BY_NAME(.fini_array.*))
 *(.fini_array*)
 .fini_array    0x0800779c        0x4 C:/ST/STM32CubeIDE_1.19.0/STM32CubeIDE/plugins/com.st.stm32cube.ide.mcu.externaltools.gnu-tools-for-stm32.13.3.rel1.win32_1.0.0.202411081344/tools/bin/../lib/gcc/arm-none-eabi/13.3.1/thumb/v7e-m+fp/hard/crtbegin.o
                [!provide]                        PROVIDE (__fini_array_end = .)
                0x080077a0                        . = ALIGN (0x4)
                0x080077a0                        _sidata = LOADADDR (.data)

.rel.dyn        0x080077a0        0x0
 .rel.iplt      0x080077a0        0x0 C:/ST/STM32CubeIDE_1.19.0/STM32CubeIDE/plugins/com.st.stm32cube.ide.mcu.externaltools.gnu-tools-for-stm32.13.3.rel1.win32_1.0.0.202411081344/tools/bin/../lib/gcc/arm-none-eabi/13.3.1/thumb/v7e-m+fp/hard/crtbegin.o

.data           0x20000000       0x70 load address 0x080077a0
                0x20000000                        . = ALIGN (0x4)
                0x20000000                        _sdata = .
 *(.data)
 *(.data*)
 .data.LEVELS   0x20000000        0xc ./Src/main.o
 .data.SystemCoreClock
                0x2000000c        0x4 ./ThuVien_SDK_1.0.3_NUCLEO-F401RE-master/shared/Drivers/CMSIS/Source/system_stm32f4xx.o
                0x2000000c                SystemCoreClock
 .data.idTaskScanDecodeLen
                0x20000010        0x1 ./ThuVien_SDK_1.0.3_NUCLEO-F401RE-master/shared/Middle/ucglib/ucg_font.o
 *fill*         0x20000011        0x3 
 .data.__sglue  0x20000014        0xc C:/ST/STM32CubeIDE_1.19.0/STM32CubeIDE/plugins/com.st.stm32cube.ide.mcu.externaltools.gnu-tools-for-stm32.13.3.rel1.win32_1.0.0.202411081344/tools/bin/../lib/gcc/arm-none-eabi/13.3.1/../../../../arm-none-eabi/lib/thumb/v7e-m+fp/hard\libc_nano.a(libc_a-findfp.o)
                0x20000014                __sglue
 .data._impure_ptr
                0x20000020        0x4 C:/ST/STM32CubeIDE_1.19.0/STM32CubeIDE/plugins/com.st.stm32cube.ide.mcu.externaltools.gnu-tools-for-stm32.13.3.rel1.win32_1.0.0.202411081344/tools/bin/../lib/gcc/arm-none-eabi/13.3.1/../../../../arm-none-eabi/lib/thumb/v7e-m+fp/hard\libc_nano.a(libc_a-impure.o)
                0x20000020                _impure_ptr
 .data._impure_data
                0x20000024       0x4c C:/ST/STM32CubeIDE_1.19.0/STM32CubeIDE/plugins/com.st.stm32cube.ide.mcu.externaltools.gnu-tools-for-stm32.13.3.rel1.win32_1.0.0.202411081344/tools/bin/../lib/gcc/arm-none-eabi/13.3.1/../../../../arm-none-eabi/lib/thumb/v7e-m+fp/hard\libc_nano.a(libc_a-impure.o)
                0x20000024                _impure_data
 *(.RamFunc)
 *(.RamFunc*)
                0x20000070                        . = ALIGN (0x4)
                0x20000070                        _edata = .

.igot.plt       0x20000070        0x0 load address 0x08007810
 .igot.plt      0x20000070        0x0 C:/ST/STM32CubeIDE_1.19.0/STM32CubeIDE/plugins/com.st.stm32cube.ide.mcu.externaltools.gnu-tools-for-stm32.13.3.rel1.win32_1.0.0.202411081344/tools/bin/../lib/gcc/arm-none-eabi/13.3.1/thumb/v7e-m+fp/hard/crtbegin.o
                0x20000070                        . = ALIGN (0x4)

.bss            0x20000070     0x13d0 load address 0x08007810
                0x20000070                        _sbss = .
                0x20000070                        __bss_start__ = _sbss
 *(.bss)
 .bss           0x20000070       0x1c C:/ST/STM32CubeIDE_1.19.0/STM32CubeIDE/plugins/com.st.stm32cube.ide.mcu.externaltools.gnu-tools-for-stm32.13.3.rel1.win32_1.0.0.202411081344/tools/bin/../lib/gcc/arm-none-eabi/13.3.1/thumb/v7e-m+fp/hard/crtbegin.o
 *(.bss*)
 .bss.ucg       0x2000008c       0xb4 ./Src/main.o
 .bss.current_level
                0x20000140        0x1 ./Src/main.o
 .bss.pressed_last.0
                0x20000141        0x1 ./Src/main.o
 *fill*         0x20000142        0x2 
 .bss.__sbrk_heap_end
                0x20000144        0x4 ./Src/sysmem.o
 .bss.g_pTimerHandle
                0x20000148      0x180 ./ThuVien_SDK_1.0.3_NUCLEO-F401RE-master/shared/Middle/rtos/timer.o
 .bss.g_wMilSecTickTimer
                0x200002c8        0x4 ./ThuVien_SDK_1.0.3_NUCLEO-F401RE-master/shared/Middle/rtos/timer.o
 .bss.g_pUartQueueRx
                0x200002cc        0x8 ./ThuVien_SDK_1.0.3_NUCLEO-F401RE-master/shared/Middle/serial/serial.o
 .bss.fontQueue
                0x200002d4       0x10 ./ThuVien_SDK_1.0.3_NUCLEO-F401RE-master/shared/Middle/ucglib/ucg_font.o
 .bss.pQueueFont
                0x200002e4     0x1000 ./ThuVien_SDK_1.0.3_NUCLEO-F401RE-master/shared/Middle/ucglib/ucg_font.o
 .bss.ucg_draw_str
                0x200012e4        0xc ./ThuVien_SDK_1.0.3_NUCLEO-F401RE-master/shared/Middle/ucglib/ucg_font.o
                0x200012e4                ucg_draw_str
 .bss.next.0    0x200012f0        0x1 ./ThuVien_SDK_1.0.3_NUCLEO-F401RE-master/shared/Middle/ucglib/ucg_font.o
 *fill*         0x200012f1        0x3 
 .bss.__sf      0x200012f4      0x138 C:/ST/STM32CubeIDE_1.19.0/STM32CubeIDE/plugins/com.st.stm32cube.ide.mcu.externaltools.gnu-tools-for-stm32.13.3.rel1.win32_1.0.0.202411081344/tools/bin/../lib/gcc/arm-none-eabi/13.3.1/../../../../arm-none-eabi/lib/thumb/v7e-m+fp/hard\libc_nano.a(libc_a-findfp.o)
                0x200012f4                __sf
 .bss.__stdio_exit_handler
                0x2000142c        0x4 C:/ST/STM32CubeIDE_1.19.0/STM32CubeIDE/plugins/com.st.stm32cube.ide.mcu.externaltools.gnu-tools-for-stm32.13.3.rel1.win32_1.0.0.202411081344/tools/bin/../lib/gcc/arm-none-eabi/13.3.1/../../../../arm-none-eabi/lib/thumb/v7e-m+fp/hard\libc_nano.a(libc_a-findfp.o)
                0x2000142c                __stdio_exit_handler
 .bss.errno     0x20001430        0x4 C:/ST/STM32CubeIDE_1.19.0/STM32CubeIDE/plugins/com.st.stm32cube.ide.mcu.externaltools.gnu-tools-for-stm32.13.3.rel1.win32_1.0.0.202411081344/tools/bin/../lib/gcc/arm-none-eabi/13.3.1/../../../../arm-none-eabi/lib/thumb/v7e-m+fp/hard\libc_nano.a(libc_a-reent.o)
                0x20001430                errno
 .bss.__lock___malloc_recursive_mutex
                0x20001434        0x1 C:/ST/STM32CubeIDE_1.19.0/STM32CubeIDE/plugins/com.st.stm32cube.ide.mcu.externaltools.gnu-tools-for-stm32.13.3.rel1.win32_1.0.0.202411081344/tools/bin/../lib/gcc/arm-none-eabi/13.3.1/../../../../arm-none-eabi/lib/thumb/v7e-m+fp/hard\libc_nano.a(libc_a-lock.o)
                0x20001434                __lock___malloc_recursive_mutex
 .bss.__lock___sfp_recursive_mutex
                0x20001435        0x1 C:/ST/STM32CubeIDE_1.19.0/STM32CubeIDE/plugins/com.st.stm32cube.ide.mcu.externaltools.gnu-tools-for-stm32.13.3.rel1.win32_1.0.0.202411081344/tools/bin/../lib/gcc/arm-none-eabi/13.3.1/../../../../arm-none-eabi/lib/thumb/v7e-m+fp/hard\libc_nano.a(libc_a-lock.o)
                0x20001435                __lock___sfp_recursive_mutex
 *fill*         0x20001436        0x2 
 .bss.__malloc_sbrk_start
                0x20001438        0x4 C:/ST/STM32CubeIDE_1.19.0/STM32CubeIDE/plugins/com.st.stm32cube.ide.mcu.externaltools.gnu-tools-for-stm32.13.3.rel1.win32_1.0.0.202411081344/tools/bin/../lib/gcc/arm-none-eabi/13.3.1/../../../../arm-none-eabi/lib/thumb/v7e-m+fp/hard\libc_nano.a(libc_a-mallocr.o)
                0x20001438                __malloc_sbrk_start
 .bss.__malloc_free_list
                0x2000143c        0x4 C:/ST/STM32CubeIDE_1.19.0/STM32CubeIDE/plugins/com.st.stm32cube.ide.mcu.externaltools.gnu-tools-for-stm32.13.3.rel1.win32_1.0.0.202411081344/tools/bin/../lib/gcc/arm-none-eabi/13.3.1/../../../../arm-none-eabi/lib/thumb/v7e-m+fp/hard\libc_nano.a(libc_a-mallocr.o)
                0x2000143c                __malloc_free_list
 *(COMMON)
                0x20001440                        . = ALIGN (0x4)
                0x20001440                        _ebss = .
                0x20001440                        __bss_end__ = _ebss

._user_heap_stack
                0x20001440      0x600 load address 0x08007810
                0x20001440                        . = ALIGN (0x8)
                [!provide]                        PROVIDE (end = .)
                0x20001440                        PROVIDE (_end = .)
                0x20001640                        . = (. + _Min_Heap_Size)
 *fill*         0x20001440      0x200 
                0x20001a40                        . = (. + _Min_Stack_Size)
 *fill*         0x20001640      0x400 
                0x20001a40                        . = ALIGN (0x8)

/DISCARD/
 libc.a(*)
 libm.a(*)
 libgcc.a(*)

.ARM.attributes
                0x00000000       0x30
 *(.ARM.attributes)
 .ARM.attributes
                0x00000000       0x22 C:/ST/STM32CubeIDE_1.19.0/STM32CubeIDE/plugins/com.st.stm32cube.ide.mcu.externaltools.gnu-tools-for-stm32.13.3.rel1.win32_1.0.0.202411081344/tools/bin/../lib/gcc/arm-none-eabi/13.3.1/thumb/v7e-m+fp/hard/crti.o
 .ARM.attributes
                0x00000022       0x34 C:/ST/STM32CubeIDE_1.19.0/STM32CubeIDE/plugins/com.st.stm32cube.ide.mcu.externaltools.gnu-tools-for-stm32.13.3.rel1.win32_1.0.0.202411081344/tools/bin/../lib/gcc/arm-none-eabi/13.3.1/thumb/v7e-m+fp/hard/crtbegin.o
 .ARM.attributes
                0x00000056       0x34 ./Src/main.o
 .ARM.attributes
                0x0000008a       0x34 ./Src/syscalls.o
 .ARM.attributes
                0x000000be       0x34 ./Src/sysmem.o
 .ARM.attributes
                0x000000f2       0x21 ./Startup/startup_stm32f401retx.o
 .ARM.attributes
                0x00000113       0x34 ./ThuVien_SDK_1.0.3_NUCLEO-F401RE-master/shared/Drivers/CMSIS/Source/system_stm32f4xx.o
 .ARM.attributes
                0x00000147       0x34 ./ThuVien_SDK_1.0.3_NUCLEO-F401RE-master/shared/Drivers/STM32F401RE_StdPeriph_Driver/src/stm32f401re_gpio.o
 .ARM.attributes
                0x0000017b       0x34 ./ThuVien_SDK_1.0.3_NUCLEO-F401RE-master/shared/Drivers/STM32F401RE_StdPeriph_Driver/src/stm32f401re_rcc.o
 .ARM.attributes
                0x000001af       0x34 ./ThuVien_SDK_1.0.3_NUCLEO-F401RE-master/shared/Drivers/STM32F401RE_StdPeriph_Driver/src/stm32f401re_usart.o
 .ARM.attributes
                0x000001e3       0x34 ./ThuVien_SDK_1.0.3_NUCLEO-F401RE-master/shared/Middle/rtos/timer.o
 .ARM.attributes
                0x00000217       0x34 ./ThuVien_SDK_1.0.3_NUCLEO-F401RE-master/shared/Middle/serial/serial.o
 .ARM.attributes
                0x0000024b       0x34 ./ThuVien_SDK_1.0.3_NUCLEO-F401RE-master/shared/Middle/ucglib/Ucglib.o
 .ARM.attributes
                0x0000027f       0x34 ./ThuVien_SDK_1.0.3_NUCLEO-F401RE-master/shared/Middle/ucglib/ucg_box.o
 .ARM.attributes
                0x000002b3       0x34 ./ThuVien_SDK_1.0.3_NUCLEO-F401RE-master/shared/Middle/ucglib/ucg_ccs.o
 .ARM.attributes
                0x000002e7       0x34 ./ThuVien_SDK_1.0.3_NUCLEO-F401RE-master/shared/Middle/ucglib/ucg_circle.o
 .ARM.attributes
                0x0000031b       0x34 ./ThuVien_SDK_1.0.3_NUCLEO-F401RE-master/shared/Middle/ucglib/ucg_clip.o
 .ARM.attributes
                0x0000034f       0x34 ./ThuVien_SDK_1.0.3_NUCLEO-F401RE-master/shared/Middle/ucglib/ucg_com_msg_api.o
 .ARM.attributes
                0x00000383       0x34 ./ThuVien_SDK_1.0.3_NUCLEO-F401RE-master/shared/Middle/ucglib/ucg_dev_default_cb.o
 .ARM.attributes
                0x000003b7       0x34 ./ThuVien_SDK_1.0.3_NUCLEO-F401RE-master/shared/Middle/ucglib/ucg_dev_ic_st7735.o
 .ARM.attributes
                0x000003eb       0x34 ./ThuVien_SDK_1.0.3_NUCLEO-F401RE-master/shared/Middle/ucglib/ucg_dev_msg_api.o
 .ARM.attributes
                0x0000041f       0x34 ./ThuVien_SDK_1.0.3_NUCLEO-F401RE-master/shared/Middle/ucglib/ucg_dev_tft_128x128_st7735.o
 .ARM.attributes
                0x00000453       0x34 ./ThuVien_SDK_1.0.3_NUCLEO-F401RE-master/shared/Middle/ucglib/ucg_font.o
 .ARM.attributes
                0x00000487       0x34 ./ThuVien_SDK_1.0.3_NUCLEO-F401RE-master/shared/Middle/ucglib/ucg_init.o
 .ARM.attributes
                0x000004bb       0x34 ./ThuVien_SDK_1.0.3_NUCLEO-F401RE-master/shared/Middle/ucglib/ucg_line.o
 .ARM.attributes
                0x000004ef       0x34 ./ThuVien_SDK_1.0.3_NUCLEO-F401RE-master/shared/Middle/ucglib/ucg_pixel.o
 .ARM.attributes
                0x00000523       0x34 ./ThuVien_SDK_1.0.3_NUCLEO-F401RE-master/shared/Middle/ucglib/ucg_pixel_font_data.o
 .ARM.attributes
                0x00000557       0x34 ./ThuVien_SDK_1.0.3_NUCLEO-F401RE-master/shared/Middle/ucglib/ucg_rotate.o
 .ARM.attributes
                0x0000058b       0x34 ./ThuVien_SDK_1.0.3_NUCLEO-F401RE-master/shared/Utilities/buff.o
 .ARM.attributes
                0x000005bf       0x34 ./ThuVien_SDK_1.0.3_NUCLEO-F401RE-master/shared/Utilities/utilities.o
 .ARM.attributes
                0x000005f3       0x34 C:/ST/STM32CubeIDE_1.19.0/STM32CubeIDE/plugins/com.st.stm32cube.ide.mcu.externaltools.gnu-tools-for-stm32.13.3.rel1.win32_1.0.0.202411081344/tools/bin/../lib/gcc/arm-none-eabi/13.3.1/../../../../arm-none-eabi/lib/thumb/v7e-m+fp/hard\libc_nano.a(libc_a-rand.o)
 .ARM.attributes
                0x00000627       0x34 C:/ST/STM32CubeIDE_1.19.0/STM32CubeIDE/plugins/com.st.stm32cube.ide.mcu.externaltools.gnu-tools-for-stm32.13.3.rel1.win32_1.0.0.202411081344/tools/bin/../lib/gcc/arm-none-eabi/13.3.1/../../../../arm-none-eabi/lib/thumb/v7e-m+fp/hard\libc_nano.a(libc_a-findfp.o)
 .ARM.attributes
                0x0000065b       0x34 C:/ST/STM32CubeIDE_1.19.0/STM32CubeIDE/plugins/com.st.stm32cube.ide.mcu.externaltools.gnu-tools-for-stm32.13.3.rel1.win32_1.0.0.202411081344/tools/bin/../lib/gcc/arm-none-eabi/13.3.1/../../../../arm-none-eabi/lib/thumb/v7e-m+fp/hard\libc_nano.a(libc_a-fwalk.o)
 .ARM.attributes
                0x0000068f       0x34 C:/ST/STM32CubeIDE_1.19.0/STM32CubeIDE/plugins/com.st.stm32cube.ide.mcu.externaltools.gnu-tools-for-stm32.13.3.rel1.win32_1.0.0.202411081344/tools/bin/../lib/gcc/arm-none-eabi/13.3.1/../../../../arm-none-eabi/lib/thumb/v7e-m+fp/hard\libc_nano.a(libc_a-snprintf.o)
 .ARM.attributes
                0x000006c3       0x34 C:/ST/STM32CubeIDE_1.19.0/STM32CubeIDE/plugins/com.st.stm32cube.ide.mcu.externaltools.gnu-tools-for-stm32.13.3.rel1.win32_1.0.0.202411081344/tools/bin/../lib/gcc/arm-none-eabi/13.3.1/../../../../arm-none-eabi/lib/thumb/v7e-m+fp/hard\libc_nano.a(libc_a-stdio.o)
 .ARM.attributes
                0x000006f7       0x34 C:/ST/STM32CubeIDE_1.19.0/STM32CubeIDE/plugins/com.st.stm32cube.ide.mcu.externaltools.gnu-tools-for-stm32.13.3.rel1.win32_1.0.0.202411081344/tools/bin/../lib/gcc/arm-none-eabi/13.3.1/../../../../arm-none-eabi/lib/thumb/v7e-m+fp/hard\libc_nano.a(libc_a-memset.o)
 .ARM.attributes
                0x0000072b       0x34 C:/ST/STM32CubeIDE_1.19.0/STM32CubeIDE/plugins/com.st.stm32cube.ide.mcu.externaltools.gnu-tools-for-stm32.13.3.rel1.win32_1.0.0.202411081344/tools/bin/../lib/gcc/arm-none-eabi/13.3.1/../../../../arm-none-eabi/lib/thumb/v7e-m+fp/hard\libc_nano.a(libc_a-closer.o)
 .ARM.attributes
                0x0000075f       0x34 C:/ST/STM32CubeIDE_1.19.0/STM32CubeIDE/plugins/com.st.stm32cube.ide.mcu.externaltools.gnu-tools-for-stm32.13.3.rel1.win32_1.0.0.202411081344/tools/bin/../lib/gcc/arm-none-eabi/13.3.1/../../../../arm-none-eabi/lib/thumb/v7e-m+fp/hard\libc_nano.a(libc_a-reent.o)
 .ARM.attributes
                0x00000793       0x34 C:/ST/STM32CubeIDE_1.19.0/STM32CubeIDE/plugins/com.st.stm32cube.ide.mcu.externaltools.gnu-tools-for-stm32.13.3.rel1.win32_1.0.0.202411081344/tools/bin/../lib/gcc/arm-none-eabi/13.3.1/../../../../arm-none-eabi/lib/thumb/v7e-m+fp/hard\libc_nano.a(libc_a-impure.o)
 .ARM.attributes
                0x000007c7       0x34 C:/ST/STM32CubeIDE_1.19.0/STM32CubeIDE/plugins/com.st.stm32cube.ide.mcu.externaltools.gnu-tools-for-stm32.13.3.rel1.win32_1.0.0.202411081344/tools/bin/../lib/gcc/arm-none-eabi/13.3.1/../../../../arm-none-eabi/lib/thumb/v7e-m+fp/hard\libc_nano.a(libc_a-lseekr.o)
 .ARM.attributes
                0x000007fb       0x34 C:/ST/STM32CubeIDE_1.19.0/STM32CubeIDE/plugins/com.st.stm32cube.ide.mcu.externaltools.gnu-tools-for-stm32.13.3.rel1.win32_1.0.0.202411081344/tools/bin/../lib/gcc/arm-none-eabi/13.3.1/../../../../arm-none-eabi/lib/thumb/v7e-m+fp/hard\libc_nano.a(libc_a-readr.o)
 .ARM.attributes
                0x0000082f       0x34 C:/ST/STM32CubeIDE_1.19.0/STM32CubeIDE/plugins/com.st.stm32cube.ide.mcu.externaltools.gnu-tools-for-stm32.13.3.rel1.win32_1.0.0.202411081344/tools/bin/../lib/gcc/arm-none-eabi/13.3.1/../../../../arm-none-eabi/lib/thumb/v7e-m+fp/hard\libc_nano.a(libc_a-writer.o)
 .ARM.attributes
                0x00000863       0x34 C:/ST/STM32CubeIDE_1.19.0/STM32CubeIDE/plugins/com.st.stm32cube.ide.mcu.externaltools.gnu-tools-for-stm32.13.3.rel1.win32_1.0.0.202411081344/tools/bin/../lib/gcc/arm-none-eabi/13.3.1/../../../../arm-none-eabi/lib/thumb/v7e-m+fp/hard\libc_nano.a(libc_a-errno.o)
 .ARM.attributes
                0x00000897       0x34 C:/ST/STM32CubeIDE_1.19.0/STM32CubeIDE/plugins/com.st.stm32cube.ide.mcu.externaltools.gnu-tools-for-stm32.13.3.rel1.win32_1.0.0.202411081344/tools/bin/../lib/gcc/arm-none-eabi/13.3.1/../../../../arm-none-eabi/lib/thumb/v7e-m+fp/hard\libc_nano.a(libc_a-init.o)
 .ARM.attributes
                0x000008cb       0x34 C:/ST/STM32CubeIDE_1.19.0/STM32CubeIDE/plugins/com.st.stm32cube.ide.mcu.externaltools.gnu-tools-for-stm32.13.3.rel1.win32_1.0.0.202411081344/tools/bin/../lib/gcc/arm-none-eabi/13.3.1/../../../../arm-none-eabi/lib/thumb/v7e-m+fp/hard\libc_nano.a(libc_a-lock.o)
 .ARM.attributes
                0x000008ff       0x34 C:/ST/STM32CubeIDE_1.19.0/STM32CubeIDE/plugins/com.st.stm32cube.ide.mcu.externaltools.gnu-tools-for-stm32.13.3.rel1.win32_1.0.0.202411081344/tools/bin/../lib/gcc/arm-none-eabi/13.3.1/../../../../arm-none-eabi/lib/thumb/v7e-m+fp/hard\libc_nano.a(libc_a-assert.o)
 .ARM.attributes
                0x00000933       0x34 C:/ST/STM32CubeIDE_1.19.0/STM32CubeIDE/plugins/com.st.stm32cube.ide.mcu.externaltools.gnu-tools-for-stm32.13.3.rel1.win32_1.0.0.202411081344/tools/bin/../lib/gcc/arm-none-eabi/13.3.1/../../../../arm-none-eabi/lib/thumb/v7e-m+fp/hard\libc_nano.a(libc_a-freer.o)
 .ARM.attributes
                0x00000967       0x34 C:/ST/STM32CubeIDE_1.19.0/STM32CubeIDE/plugins/com.st.stm32cube.ide.mcu.externaltools.gnu-tools-for-stm32.13.3.rel1.win32_1.0.0.202411081344/tools/bin/../lib/gcc/arm-none-eabi/13.3.1/../../../../arm-none-eabi/lib/thumb/v7e-m+fp/hard\libc_nano.a(libc_a-malloc.o)
 .ARM.attributes
                0x0000099b       0x34 C:/ST/STM32CubeIDE_1.19.0/STM32CubeIDE/plugins/com.st.stm32cube.ide.mcu.externaltools.gnu-tools-for-stm32.13.3.rel1.win32_1.0.0.202411081344/tools/bin/../lib/gcc/arm-none-eabi/13.3.1/../../../../arm-none-eabi/lib/thumb/v7e-m+fp/hard\libc_nano.a(libc_a-mallocr.o)
 .ARM.attributes
                0x000009cf       0x34 C:/ST/STM32CubeIDE_1.19.0/STM32CubeIDE/plugins/com.st.stm32cube.ide.mcu.externaltools.gnu-tools-for-stm32.13.3.rel1.win32_1.0.0.202411081344/tools/bin/../lib/gcc/arm-none-eabi/13.3.1/../../../../arm-none-eabi/lib/thumb/v7e-m+fp/hard\libc_nano.a(libc_a-mlock.o)
 .ARM.attributes
                0x00000a03       0x34 C:/ST/STM32CubeIDE_1.19.0/STM32CubeIDE/plugins/com.st.stm32cube.ide.mcu.externaltools.gnu-tools-for-stm32.13.3.rel1.win32_1.0.0.202411081344/tools/bin/../lib/gcc/arm-none-eabi/13.3.1/../../../../arm-none-eabi/lib/thumb/v7e-m+fp/hard\libc_nano.a(libc_a-nano-svfprintf.o)
 .ARM.attributes
                0x00000a37       0x34 C:/ST/STM32CubeIDE_1.19.0/STM32CubeIDE/plugins/com.st.stm32cube.ide.mcu.externaltools.gnu-tools-for-stm32.13.3.rel1.win32_1.0.0.202411081344/tools/bin/../lib/gcc/arm-none-eabi/13.3.1/../../../../arm-none-eabi/lib/thumb/v7e-m+fp/hard\libc_nano.a(libc_a-nano-vfprintf_i.o)
 .ARM.attributes
                0x00000a6b       0x34 C:/ST/STM32CubeIDE_1.19.0/STM32CubeIDE/plugins/com.st.stm32cube.ide.mcu.externaltools.gnu-tools-for-stm32.13.3.rel1.win32_1.0.0.202411081344/tools/bin/../lib/gcc/arm-none-eabi/13.3.1/../../../../arm-none-eabi/lib/thumb/v7e-m+fp/hard\libc_nano.a(libc_a-fflush.o)
 .ARM.attributes
                0x00000a9f       0x34 C:/ST/STM32CubeIDE_1.19.0/STM32CubeIDE/plugins/com.st.stm32cube.ide.mcu.externaltools.gnu-tools-for-stm32.13.3.rel1.win32_1.0.0.202411081344/tools/bin/../lib/gcc/arm-none-eabi/13.3.1/../../../../arm-none-eabi/lib/thumb/v7e-m+fp/hard\libc_nano.a(libc_a-fprintf.o)
 .ARM.attributes
                0x00000ad3       0x34 C:/ST/STM32CubeIDE_1.19.0/STM32CubeIDE/plugins/com.st.stm32cube.ide.mcu.externaltools.gnu-tools-for-stm32.13.3.rel1.win32_1.0.0.202411081344/tools/bin/../lib/gcc/arm-none-eabi/13.3.1/../../../../arm-none-eabi/lib/thumb/v7e-m+fp/hard\libc_nano.a(libc_a-memmove.o)
 .ARM.attributes
                0x00000b07       0x34 C:/ST/STM32CubeIDE_1.19.0/STM32CubeIDE/plugins/com.st.stm32cube.ide.mcu.externaltools.gnu-tools-for-stm32.13.3.rel1.win32_1.0.0.202411081344/tools/bin/../lib/gcc/arm-none-eabi/13.3.1/../../../../arm-none-eabi/lib/thumb/v7e-m+fp/hard\libc_nano.a(libc_a-sbrkr.o)
 .ARM.attributes
                0x00000b3b       0x1c C:/ST/STM32CubeIDE_1.19.0/STM32CubeIDE/plugins/com.st.stm32cube.ide.mcu.externaltools.gnu-tools-for-stm32.13.3.rel1.win32_1.0.0.202411081344/tools/bin/../lib/gcc/arm-none-eabi/13.3.1/../../../../arm-none-eabi/lib/thumb/v7e-m+fp/hard\libc_nano.a(libc_a-memchr.o)
 .ARM.attributes
                0x00000b57       0x34 C:/ST/STM32CubeIDE_1.19.0/STM32CubeIDE/plugins/com.st.stm32cube.ide.mcu.externaltools.gnu-tools-for-stm32.13.3.rel1.win32_1.0.0.202411081344/tools/bin/../lib/gcc/arm-none-eabi/13.3.1/../../../../arm-none-eabi/lib/thumb/v7e-m+fp/hard\libc_nano.a(libc_a-memcpy-stub.o)
 .ARM.attributes
                0x00000b8b       0x34 C:/ST/STM32CubeIDE_1.19.0/STM32CubeIDE/plugins/com.st.stm32cube.ide.mcu.externaltools.gnu-tools-for-stm32.13.3.rel1.win32_1.0.0.202411081344/tools/bin/../lib/gcc/arm-none-eabi/13.3.1/../../../../arm-none-eabi/lib/thumb/v7e-m+fp/hard\libc_nano.a(libc_a-abort.o)
 .ARM.attributes
                0x00000bbf       0x34 C:/ST/STM32CubeIDE_1.19.0/STM32CubeIDE/plugins/com.st.stm32cube.ide.mcu.externaltools.gnu-tools-for-stm32.13.3.rel1.win32_1.0.0.202411081344/tools/bin/../lib/gcc/arm-none-eabi/13.3.1/../../../../arm-none-eabi/lib/thumb/v7e-m+fp/hard\libc_nano.a(libc_a-reallocr.o)
 .ARM.attributes
                0x00000bf3       0x34 C:/ST/STM32CubeIDE_1.19.0/STM32CubeIDE/plugins/com.st.stm32cube.ide.mcu.externaltools.gnu-tools-for-stm32.13.3.rel1.win32_1.0.0.202411081344/tools/bin/../lib/gcc/arm-none-eabi/13.3.1/../../../../arm-none-eabi/lib/thumb/v7e-m+fp/hard\libc_nano.a(libc_a-nano-vfprintf.o)
 .ARM.attributes
                0x00000c27       0x34 C:/ST/STM32CubeIDE_1.19.0/STM32CubeIDE/plugins/com.st.stm32cube.ide.mcu.externaltools.gnu-tools-for-stm32.13.3.rel1.win32_1.0.0.202411081344/tools/bin/../lib/gcc/arm-none-eabi/13.3.1/../../../../arm-none-eabi/lib/thumb/v7e-m+fp/hard\libc_nano.a(libc_a-wbuf.o)
 .ARM.attributes
                0x00000c5b       0x34 C:/ST/STM32CubeIDE_1.19.0/STM32CubeIDE/plugins/com.st.stm32cube.ide.mcu.externaltools.gnu-tools-for-stm32.13.3.rel1.win32_1.0.0.202411081344/tools/bin/../lib/gcc/arm-none-eabi/13.3.1/../../../../arm-none-eabi/lib/thumb/v7e-m+fp/hard\libc_nano.a(libc_a-wsetup.o)
 .ARM.attributes
                0x00000c8f       0x34 C:/ST/STM32CubeIDE_1.19.0/STM32CubeIDE/plugins/com.st.stm32cube.ide.mcu.externaltools.gnu-tools-for-stm32.13.3.rel1.win32_1.0.0.202411081344/tools/bin/../lib/gcc/arm-none-eabi/13.3.1/../../../../arm-none-eabi/lib/thumb/v7e-m+fp/hard\libc_nano.a(libc_a-signal.o)
 .ARM.attributes
                0x00000cc3       0x34 C:/ST/STM32CubeIDE_1.19.0/STM32CubeIDE/plugins/com.st.stm32cube.ide.mcu.externaltools.gnu-tools-for-stm32.13.3.rel1.win32_1.0.0.202411081344/tools/bin/../lib/gcc/arm-none-eabi/13.3.1/../../../../arm-none-eabi/lib/thumb/v7e-m+fp/hard\libc_nano.a(libc_a-signalr.o)
 .ARM.attributes
                0x00000cf7       0x34 C:/ST/STM32CubeIDE_1.19.0/STM32CubeIDE/plugins/com.st.stm32cube.ide.mcu.externaltools.gnu-tools-for-stm32.13.3.rel1.win32_1.0.0.202411081344/tools/bin/../lib/gcc/arm-none-eabi/13.3.1/../../../../arm-none-eabi/lib/thumb/v7e-m+fp/hard\libc_nano.a(libc_a-msizer.o)
 .ARM.attributes
                0x00000d2b       0x34 C:/ST/STM32CubeIDE_1.19.0/STM32CubeIDE/plugins/com.st.stm32cube.ide.mcu.externaltools.gnu-tools-for-stm32.13.3.rel1.win32_1.0.0.202411081344/tools/bin/../lib/gcc/arm-none-eabi/13.3.1/../../../../arm-none-eabi/lib/thumb/v7e-m+fp/hard\libc_nano.a(libc_a-makebuf.o)
 .ARM.attributes
                0x00000d5f       0x34 C:/ST/STM32CubeIDE_1.19.0/STM32CubeIDE/plugins/com.st.stm32cube.ide.mcu.externaltools.gnu-tools-for-stm32.13.3.rel1.win32_1.0.0.202411081344/tools/bin/../lib/gcc/arm-none-eabi/13.3.1/../../../../arm-none-eabi/lib/thumb/v7e-m+fp/hard\libc_nano.a(libc_a-fstatr.o)
 .ARM.attributes
                0x00000d93       0x34 C:/ST/STM32CubeIDE_1.19.0/STM32CubeIDE/plugins/com.st.stm32cube.ide.mcu.externaltools.gnu-tools-for-stm32.13.3.rel1.win32_1.0.0.202411081344/tools/bin/../lib/gcc/arm-none-eabi/13.3.1/../../../../arm-none-eabi/lib/thumb/v7e-m+fp/hard\libc_nano.a(libc_a-isattyr.o)
 .ARM.attributes
                0x00000dc7       0x22 C:/ST/STM32CubeIDE_1.19.0/STM32CubeIDE/plugins/com.st.stm32cube.ide.mcu.externaltools.gnu-tools-for-stm32.13.3.rel1.win32_1.0.0.202411081344/tools/bin/../lib/gcc/arm-none-eabi/13.3.1/thumb/v7e-m+fp/hard/crtn.o
OUTPUT(Flappybirdgame.elf elf32-littlearm)
LOAD linker stubs
LOAD C:/ST/STM32CubeIDE_1.19.0/STM32CubeIDE/plugins/com.st.stm32cube.ide.mcu.externaltools.gnu-tools-for-stm32.13.3.rel1.win32_1.0.0.202411081344/tools/bin/../lib/gcc/arm-none-eabi/13.3.1/../../../../arm-none-eabi/lib/thumb/v7e-m+fp/hard\libc.a
LOAD C:/ST/STM32CubeIDE_1.19.0/STM32CubeIDE/plugins/com.st.stm32cube.ide.mcu.externaltools.gnu-tools-for-stm32.13.3.rel1.win32_1.0.0.202411081344/tools/bin/../lib/gcc/arm-none-eabi/13.3.1/../../../../arm-none-eabi/lib/thumb/v7e-m+fp/hard\libm.a
LOAD C:/ST/STM32CubeIDE_1.19.0/STM32CubeIDE/plugins/com.st.stm32cube.ide.mcu.externaltools.gnu-tools-for-stm32.13.3.rel1.win32_1.0.0.202411081344/tools/bin/../lib/gcc/arm-none-eabi/13.3.1/thumb/v7e-m+fp/hard\libgcc.a

.debug_info     0x00000000    0x14314
 .debug_info    0x00000000     0x1551 ./Src/main.o
 .debug_info    0x00001551      0x6a3 ./Src/syscalls.o
 .debug_info    0x00001bf4      0x168 ./Src/sysmem.o
 .debug_info    0x00001d5c       0x30 ./Startup/startup_stm32f401retx.o
 .debug_info    0x00001d8c      0x593 ./ThuVien_SDK_1.0.3_NUCLEO-F401RE-master/shared/Drivers/CMSIS/Source/system_stm32f4xx.o
 .debug_info    0x0000231f      0x60c ./ThuVien_SDK_1.0.3_NUCLEO-F401RE-master/shared/Drivers/STM32F401RE_StdPeriph_Driver/src/stm32f401re_gpio.o
 .debug_info    0x0000292b      0xce0 ./ThuVien_SDK_1.0.3_NUCLEO-F401RE-master/shared/Drivers/STM32F401RE_StdPeriph_Driver/src/stm32f401re_rcc.o
 .debug_info    0x0000360b      0x9c2 ./ThuVien_SDK_1.0.3_NUCLEO-F401RE-master/shared/Drivers/STM32F401RE_StdPeriph_Driver/src/stm32f401re_usart.o
 .debug_info    0x00003fcd      0x949 ./ThuVien_SDK_1.0.3_NUCLEO-F401RE-master/shared/Middle/rtos/timer.o
 .debug_info    0x00004916      0xccf ./ThuVien_SDK_1.0.3_NUCLEO-F401RE-master/shared/Middle/serial/serial.o
 .debug_info    0x000055e5      0xb6d ./ThuVien_SDK_1.0.3_NUCLEO-F401RE-master/shared/Middle/ucglib/Ucglib.o
 .debug_info    0x00006152      0xa75 ./ThuVien_SDK_1.0.3_NUCLEO-F401RE-master/shared/Middle/ucglib/ucg_box.o
 .debug_info    0x00006bc7      0x1da ./ThuVien_SDK_1.0.3_NUCLEO-F401RE-master/shared/Middle/ucglib/ucg_ccs.o
 .debug_info    0x00006da1      0x980 ./ThuVien_SDK_1.0.3_NUCLEO-F401RE-master/shared/Middle/ucglib/ucg_circle.o
 .debug_info    0x00007721      0x844 ./ThuVien_SDK_1.0.3_NUCLEO-F401RE-master/shared/Middle/ucglib/ucg_clip.o
 .debug_info    0x00007f65      0xb51 ./ThuVien_SDK_1.0.3_NUCLEO-F401RE-master/shared/Middle/ucglib/ucg_com_msg_api.o
 .debug_info    0x00008ab6      0x992 ./ThuVien_SDK_1.0.3_NUCLEO-F401RE-master/shared/Middle/ucglib/ucg_dev_default_cb.o
 .debug_info    0x00009448      0xa5b ./ThuVien_SDK_1.0.3_NUCLEO-F401RE-master/shared/Middle/ucglib/ucg_dev_ic_st7735.o
 .debug_info    0x00009ea3      0x845 ./ThuVien_SDK_1.0.3_NUCLEO-F401RE-master/shared/Middle/ucglib/ucg_dev_msg_api.o