Archive member included to satisfy reference by file (symbol)

C:/ST/STM32CubeIDE_1.19.0/STM32CubeIDE/plugins/com.st.stm32cube.ide.mcu.externaltools.gnu-tools-for-stm32.13.3.rel1.win32_1.0.0.202411081344/tools/bin/../lib/gcc/arm-none-eabi/13.3.1/../../../../arm-none-eabi/lib/thumb/v7e-m+fp/hard\libc_nano.a(libc_a-exit.o)
                              C:/ST/STM32CubeIDE_1.19.0/STM32CubeIDE/plugins/com.st.stm32cube.ide.mcu.externaltools.gnu-tools-for-stm32.13.3.rel1.win32_1.0.0.202411081344/tools/bin/../lib/gcc/arm-none-eabi/13.3.1/../../../../arm-none-eabi/lib/thumb/v7e-m+fp/hard/crt0.o (exit)
C:/ST/STM32CubeIDE_1.19.0/STM32CubeIDE/plugins/com.st.stm32cube.ide.mcu.externaltools.gnu-tools-for-stm32.13.3.rel1.win32_1.0.0.202411081344/tools/bin/../lib/gcc/arm-none-eabi/13.3.1/../../../../arm-none-eabi/lib/thumb/v7e-m+fp/hard\libc_nano.a(libc_a-rand.o)
                              ./Src/game/levels.o (rand)
C:/ST/STM32CubeIDE_1.19.0/STM32CubeIDE/plugins/com.st.stm32cube.ide.mcu.externaltools.gnu-tools-for-stm32.13.3.rel1.win32_1.0.0.202411081344/tools/bin/../lib/gcc/arm-none-eabi/13.3.1/../../../../arm-none-eabi/lib/thumb/v7e-m+fp/hard\libc_nano.a(libc_a-findfp.o)
                              C:/ST/STM32CubeIDE_1.19.0/STM32CubeIDE/plugins/com.st.stm32cube.ide.mcu.externaltools.gnu-tools-for-stm32.13.3.rel1.win32_1.0.0.202411081344/tools/bin/../lib/gcc/arm-none-eabi/13.3.1/../../../../arm-none-eabi/lib/thumb/v7e-m+fp/hard\libc_nano.a(libc_a-exit.o) (__stdio_exit_handler)
C:/ST/STM32CubeIDE_1.19.0/STM32CubeIDE/plugins/com.st.stm32cube.ide.mcu.externaltools.gnu-tools-for-stm32.13.3.rel1.win32_1.0.0.202411081344/tools/bin/../lib/gcc/arm-none-eabi/13.3.1/../../../../arm-none-eabi/lib/thumb/v7e-m+fp/hard\libc_nano.a(libc_a-fwalk.o)
                              C:/ST/STM32CubeIDE_1.19.0/STM32CubeIDE/plugins/com.st.stm32cube.ide.mcu.externaltools.gnu-tools-for-stm32.13.3.rel1.win32_1.0.0.202411081344/tools/bin/../lib/gcc/arm-none-eabi/13.3.1/../../../../arm-none-eabi/lib/thumb/v7e-m+fp/hard\libc_nano.a(libc_a-findfp.o) (_fwalk_sglue)
C:/ST/STM32CubeIDE_1.19.0/STM32CubeIDE/plugins/com.st.stm32cube.ide.mcu.externaltools.gnu-tools-for-stm32.13.3.rel1.win32_1.0.0.202411081344/tools/bin/../lib/gcc/arm-none-eabi/13.3.1/../../../../arm-none-eabi/lib/thumb/v7e-m+fp/hard\libc_nano.a(libc_a-snprintf.o)
                              ./Src/game/ui.o (snprintf)
C:/ST/STM32CubeIDE_1.19.0/STM32CubeIDE/plugins/com.st.stm32cube.ide.mcu.externaltools.gnu-tools-for-stm32.13.3.rel1.win32_1.0.0.202411081344/tools/bin/../lib/gcc/arm-none-eabi/13.3.1/../../../../arm-none-eabi/lib/thumb/v7e-m+fp/hard\libc_nano.a(libc_a-stdio.o)
                              C:/ST/STM32CubeIDE_1.19.0/STM32CubeIDE/plugins/com.st.stm32cube.ide.mcu.externaltools.gnu-tools-for-stm32.13.3.rel1.win32_1.0.0.202411081344/tools/bin/../lib/gcc/arm-none-eabi/13.3.1/../../../../arm-none-eabi/lib/thumb/v7e-m+fp/hard\libc_nano.a(libc_a-findfp.o) (__sread)
C:/ST/STM32CubeIDE_1.19.0/STM32CubeIDE/plugins/com.st.stm32cube.ide.mcu.externaltools.gnu-tools-for-stm32.13.3.rel1.win32_1.0.0.202411081344/tools/bin/../lib/gcc/arm-none-eabi/13.3.1/../../../../arm-none-eabi/lib/thumb/v7e-m+fp/hard\libc_nano.a(libc_a-memcmp.o)
                              ./ThuVien_SDK_1.0.3_NUCLEO-F401RE-master/shared/Middle/flash/flash.o (memcmp)
C:/ST/STM32CubeIDE_1.19.0/STM32CubeIDE/plugins/com.st.stm32cube.ide.mcu.externaltools.gnu-tools-for-stm32.13.3.rel1.win32_1.0.0.202411081344/tools/bin/../lib/gcc/arm-none-eabi/13.3.1/../../../../arm-none-eabi/lib/thumb/v7e-m+fp/hard\libc_nano.a(libc_a-memset.o)
                              C:/ST/STM32CubeIDE_1.19.0/STM32CubeIDE/plugins/com.st.stm32cube.ide.mcu.externaltools.gnu-tools-for-stm32.13.3.rel1.win32_1.0.0.202411081344/tools/bin/../lib/gcc/arm-none-eabi/13.3.1/../../../../arm-none-eabi/lib/thumb/v7e-m+fp/hard/crt0.o (memset)
C:/ST/STM32CubeIDE_1.19.0/STM32CubeIDE/plugins/com.st.stm32cube.ide.mcu.externaltools.gnu-tools-for-stm32.13.3.rel1.win32_1.0.0.202411081344/tools/bin/../lib/gcc/arm-none-eabi/13.3.1/../../../../arm-none-eabi/lib/thumb/v7e-m+fp/hard\libc_nano.a(libc_a-closer.o)
                              C:/ST/STM32CubeIDE_1.19.0/STM32CubeIDE/plugins/com.st.stm32cube.ide.mcu.externaltools.gnu-tools-for-stm32.13.3.rel1.win32_1.0.0.202411081344/tools/bin/../lib/gcc/arm-none-eabi/13.3.1/../../../../arm-none-eabi/lib/thumb/v7e-m+fp/hard\libc_nano.a(libc_a-stdio.o) (_close_r)
C:/ST/STM32CubeIDE_1.19.0/STM32CubeIDE/plugins/com.st.stm32cube.ide.mcu.externaltools.gnu-tools-for-stm32.13.3.rel1.win32_1.0.0.202411081344/tools/bin/../lib/gcc/arm-none-eabi/13.3.1/../../../../arm-none-eabi/lib/thumb/v7e-m+fp/hard\libc_nano.a(libc_a-reent.o)
                              C:/ST/STM32CubeIDE_1.19.0/STM32CubeIDE/plugins/com.st.stm32cube.ide.mcu.externaltools.gnu-tools-for-stm32.13.3.rel1.win32_1.0.0.202411081344/tools/bin/../lib/gcc/arm-none-eabi/13.3.1/../../../../arm-none-eabi/lib/thumb/v7e-m+fp/hard\libc_nano.a(libc_a-closer.o) (errno)
[...]
Memory Configuration

Name             Origin             Length             Attributes
RAM              0x20000000         0x00018000         xrw
FLASH            0x08000000         0x00080000         xr
*default*        0x00000000         0xffffffff

Linker script and memory map

LOAD C:/ST/STM32CubeIDE_1.19.0/STM32CubeIDE/plugins/com.st.stm32cube.ide.mcu.externaltools.gnu-tools-for-stm32.13.3.rel1.win32_1.0.0.202411081344/tools/bin/../lib/gcc/arm-none-eabi/13.3.1/thumb/v7e-m+fp/hard/crti.o
LOAD C:/ST/STM32CubeIDE_1.19.0/STM32CubeIDE/plugins/com.st.stm32cube.ide.mcu.externaltools.gnu-tools-for-stm32.13.3.rel1.win32_1.0.0.202411081344/tools/bin/../lib/gcc/arm-none-eabi/13.3.1/thumb/v7e-m+fp/hard/crtbegin.o
LOAD C:/ST/STM32CubeIDE_1.19.0/STM32CubeIDE/plugins/com.st.stm32cube.ide.mcu.externaltools.gnu-tools-for-stm32.13.3.rel1.win32_1.0.0.202411081344/tools/bin/../lib/gcc/arm-none-eabi/13.3.1/../../../../arm-none-eabi/lib/thumb/v7e-m+fp/hard/crt0.o
LOAD ./Src/drivers/gpio.o
LOAD ./Src/drivers/timebase.o
LOAD ./Src/game/collision.o
LOAD ./Src/game/levels.o
LOAD ./Src/game/loop.o
LOAD ./Src/game/ui.o
LOAD ./Src/gfx/lcd_init.o
LOAD ./Src/gfx/render.o
LOAD ./Src/main.o
LOAD ./Src/syscalls.o
LOAD ./Src/sysmem.o
LOAD ./Src/periph/buzzer.o
LOAD ./Src/periph/input.o
LOAD ./Src/periph/led.o
LOAD ./Startup/startup_stm32f401retx.o
LOAD ./ThuVien_SDK_1.0.3_NUCLEO-F401RE-master/shared/Drivers/CMSIS/Source/system_stm32f4xx.o
LOAD ./ThuVien_SDK_1.0.3_NUCLEO-F401RE-master/shared/Drivers/STM32F401RE_StdPeriph_Driver/src/misc.o
LOAD ./ThuVien_SDK_1.0.3_NUCLEO-F401RE-master/shared/Drivers/STM32F401RE_StdPeriph_Driver/src/stm32f401re_adc.o
LOAD ./ThuVien_SDK_1.0.3_NUCLEO-F401RE-master/shared/Drivers/STM32F401RE_StdPeriph_Driver/src/stm32f401re_dma.o
LOAD ./ThuVien_SDK_1.0.3_NUCLEO-F401RE-master/shared/Drivers/STM32F401RE_StdPeriph_Driver/src/stm32f401re_exti.o
LOAD ./ThuVien_SDK_1.0.3_NUCLEO-F401RE-master/shared/Drivers/STM32F401RE_StdPeriph_Driver/src/stm32f401re_gpio.o
LOAD ./ThuVien_SDK_1.0.3_NUCLEO-F401RE-master/shared/Drivers/STM32F401RE_StdPeriph_Driver/src/stm32f401re_i2c.o
LOAD ./ThuVien_SDK_1.0.3_NUCLEO-F401RE-master/shared/Drivers/STM32F401RE_StdPeriph_Driver/src/stm32f401re_rcc.o
LOAD ./ThuVien_SDK_1.0.3_NUCLEO-F401RE-master/shared/Drivers/STM32F401RE_StdPeriph_Driver/src/stm32f401re_spi.o
LOAD ./ThuVien_SDK_1.0.3_NUCLEO-F401RE-master/shared/Drivers/STM32F401RE_StdPeriph_Driver/src/stm32f401re_syscfg.o
LOAD ./ThuVien_SDK_1.0.3_NUCLEO-F401RE-master/shared/Drivers/STM32F401RE_StdPeriph_Driver/src/stm32f401re_tim.o
LOAD ./ThuVien_SDK_1.0.3_NUCLEO-F401RE-master/shared/Drivers/STM32F401RE_StdPeriph_Driver/src/stm32f401re_usart.o
LOAD ./ThuVien_SDK_1.0.3_NUCLEO-F401RE-master/shared/Drivers/STM32F401RE_StdPeriph_Driver/src/stm32f4xx_flash.o
LOAD ./ThuVien_SDK_1.0.3_NUCLEO-F401RE-master/shared/Middle/button/button.o
LOAD ./ThuVien_SDK_1.0.3_NUCLEO-F401RE-master/shared/Middle/button/eventbutton.o
LOAD ./ThuVien_SDK_1.0.3_NUCLEO-F401RE-master/shared/Middle/buzzer/buzzer.o
LOAD ./ThuVien_SDK_1.0.3_NUCLEO-F401RE-master/shared/Middle/buzzer/melody.o
LOAD ./ThuVien_SDK_1.0.3_NUCLEO-F401RE-master/shared/Middle/flash/flash.o
LOAD ./ThuVien_SDK_1.0.3_NUCLEO-F401RE-master/shared/Middle/led/led.o
LOAD ./ThuVien_SDK_1.0.3_NUCLEO-F401RE-master/shared/Middle/rtos/eventman.o
LOAD ./ThuVien_SDK_1.0.3_NUCLEO-F401RE-master/shared/Middle/rtos/timer.o
LOAD ./ThuVien_SDK_1.0.3_NUCLEO-F401RE-master/shared/Middle/sensor/lightsensor.o
LOAD ./ThuVien_SDK_1.0.3_NUCLEO-F401RE-master/shared/Middle/sensor/temhumsensor.o
LOAD ./ThuVien_SDK_1.0.3_NUCLEO-F401RE-master/shared/Middle/serial/serial.o
LOAD ./ThuVien_SDK_1.0.3_NUCLEO-F401RE-master/shared/Middle/serial/uartcmd.o
LOAD ./ThuVien_SDK_1.0.3_NUCLEO-F401RE-master/shared/Middle/ucglib/Ucglib.o
LOAD ./ThuVien_SDK_1.0.3_NUCLEO-F401RE-master/shared/Middle/ucglib/ucg_bitmap.o
LOAD ./ThuVien_SDK_1.0.3_NUCLEO-F401RE-master/shared/Middle/ucglib/ucg_box.o
LOAD ./ThuVien_SDK_1.0.3_NUCLEO-F401RE-master/shared/Middle/ucglib/ucg_ccs.o
LOAD ./ThuVien_SDK_1.0.3_NUCLEO-F401RE-master/shared/Middle/ucglib/ucg_circle.o
LOAD ./ThuVien_SDK_1.0.3_NUCLEO-F401RE-master/shared/Middle/ucglib/ucg_clip.o
LOAD ./ThuVien_SDK_1.0.3_NUCLEO-F401RE-master/shared/Middle/ucglib/ucg_com_msg_api.o
LOAD ./ThuVien_SDK_1.0.3_NUCLEO-F401RE-master/shared/Middle/ucglib/ucg_dev_default_cb.o
LOAD ./ThuVien_SDK_1.0.3_NUCLEO-F401RE-master/shared/Middle/ucglib/ucg_dev_ic_st7735.o
LOAD ./ThuVien_SDK_1.0.3_NUCLEO-F401RE-master/shared/Middle/ucglib/ucg_dev_msg_api.o
LOAD ./ThuVien_SDK_1.0.3_NUCLEO-F401RE-master/shared/Middle/ucglib/ucg_dev_tft_128x128_st7735.o
LOAD ./ThuVien_SDK_1.0.3_NUCLEO-F401RE-master/shared/Middle/ucglib/ucg_font.o
LOAD ./ThuVien_SDK_1.0.3_NUCLEO-F401RE-master/shared/Middle/ucglib/ucg_init.o
LOAD ./ThuVien_SDK_1.0.3_NUCLEO-F401RE-master/shared/Middle/ucglib/ucg_line.o
LOAD ./ThuVien_SDK_1.0.3_NUCLEO-F401RE-master/shared/Middle/ucglib/ucg_pixel.o
LOAD ./ThuVien_SDK_1.0.3_NUCLEO-F401RE-master/shared/Middle/ucglib/ucg_pixel_font_data.o
LOAD ./ThuVien_SDK_1.0.3_NUCLEO-F401RE-master/shared/Middle/ucglib/ucg_polygon.o
LOAD ./ThuVien_SDK_1.0.3_NUCLEO-F401RE-master/shared/Middle/ucglib/ucg_rotate.o
LOAD ./ThuVien_SDK_1.0.3_NUCLEO-F401RE-master/shared/Middle/ucglib/ucg_scale.o
LOAD ./ThuVien_SDK_1.0.3_NUCLEO-F401RE-master/shared/Middle/ucglib/ucg_vector_font_data.o
LOAD ./ThuVien_SDK_1.0.3_NUCLEO-F401RE-master/shared/Utilities/buff.o
LOAD ./ThuVien_SDK_1.0.3_NUCLEO-F401RE-master/shared/Utilities/utilities.o
LOAD C:\ThuVien_SDK_1.0.3_NUCLEO-F401RE-master\lib_stm\libLibraries.a
START GROUP
LOAD C:/ST/STM32CubeIDE_1.19.0/STM32CubeIDE/plugins/com.st.stm32cube.ide.mcu.externaltools.gnu-tools-for-stm32.13.3.rel1.win32_1.0.0.202411081344/tools/bin/../lib/gcc/arm-none-eabi/13.3.1/../../../../arm-none-eabi/lib/thumb/v7e-m+fp/hard\libc_nano.a
LOAD C:/ST/STM32CubeIDE_1.19.0/STM32CubeIDE/plugins/com.st.stm32cube.ide.mcu.externaltools.gnu-tools-for-stm32.13.3.rel1.win32_1.0.0.202411081344/tools/bin/../lib/gcc/arm-none-eabi/13.3.1/../../../../arm-none-eabi/lib/thumb/v7e-m+fp/hard\libm.a
END GROUP
START GROUP
LOAD C:/ST/STM32CubeIDE_1.19.0/STM32CubeIDE/plugins/com.st.stm32cube.ide.mcu.externaltools.gnu-tools-for-stm32.13.3.rel1.win32_1.0.0.202411081344/tools/bin/../lib/gcc/arm-none-eabi/13.3.1/thumb/v7e-m+fp/hard\libgcc.a
LOAD C:/ST/STM32CubeIDE_1.19.0/STM32CubeIDE/plugins/com.st.stm32cube.ide.mcu.externaltools.gnu-tools-for-stm32.13.3.rel1.win32_1.0.0.202411081344/tools/bin/../lib/gcc/arm-none-eabi/13.3.1/../../../../arm-none-eabi/lib/thumb/v7e-m+fp/hard\libc_nano.a
END GROUP
START GROUP
LOAD C:/ST/STM32CubeIDE_1.19.0/STM32CubeIDE/plugins/com.st.stm32cube.ide.mcu.externaltools.gnu-tools-for-stm32.13.3.rel1.win32_1.0.0.202411081344/tools/bin/../lib/gcc/arm-none-eabi/13.3.1/thumb/v7e-m+fp/hard\libgcc.a
LOAD C:/ST/STM32CubeIDE_1.19.0/STM32CubeIDE/plugins/com.st.stm32cube.ide.mcu.externaltools.gnu-tools-for-stm32.13.3.rel1.win32_1.0.0.202411081344/tools/bin/../lib/gcc/arm-none-eabi/13.3.1/../../../../arm-none-eabi/lib/thumb/v7e-m+fp/hard\libc_nano.a
LOAD C:/ST/STM32CubeIDE_1.19.0/STM32CubeIDE/plugins/com.st.stm32cube.ide.mcu.externaltools.gnu-tools-for-stm32.13.3.rel1.win32_1.0.0.202411081344/tools/bin/../lib/gcc/arm-none-eabi/13.3.1/../../../../arm-none-eabi/lib/thumb/v7e-m+fp/hard\libnosys.a
END GROUP
START GROUP
LOAD C:/ST/STM32CubeIDE_1.19.0/STM32CubeIDE/plugins/com.st.stm32cube.ide.mcu.externaltools.gnu-tools-for-stm32.13.3.rel1.win32_1.0.0.202411081344/tools/bin/../lib/gcc/arm-none-eabi/13.3.1/thumb/v7e-m+fp/hard\libgcc.a
LOAD C:/ST/STM32CubeIDE_1.19.0/STM32CubeIDE/plugins/com.st.stm32cube.ide.mcu.externaltools.gnu-tools-for-stm32.13.3.rel1.win32_1.0.0.202411081344/tools/bin/../lib/gcc/arm-none-eabi/13.3.1/../../../../arm-none-eabi/lib/thumb/v7e-m+fp/hard\libc_nano.a
LOAD C:/ST/STM32CubeIDE_1.19.0/STM32CubeIDE/plugins/com.st.stm32cube.ide.mcu.externaltools.gnu-tools-for-stm32.13.3.rel1.win32_1.0.0.202411081344/tools/bin/../lib/gcc/arm-none-eabi/13.3.1/../../../../arm-none-eabi/lib/thumb/v7e-m+fp/hard\libnosys.a
END GROUP
LOAD C:/ST/STM32CubeIDE_1.19.0/STM32CubeIDE/plugins/com.st.stm32cube.ide.mcu.externaltools.gnu-tools-for-stm32.13.3.rel1.win32_1.0.0.202411081344/tools/bin/../lib/gcc/arm-none-eabi/13.3.1/thumb/v7e-m+fp/hard/crtend.o
LOAD C:/ST/STM32CubeIDE_1.19.0/STM32CubeIDE/plugins/com.st.stm32cube.ide.mcu.externaltools.gnu-tools-for-stm32.13.3.rel1.win32_1.0.0.202411081344/tools/bin/../lib/gcc/arm-none-eabi/13.3.1/thumb/v7e-m+fp/hard/crtn.o
                0x20018000                        _estack = (ORIGIN (RAM) + LENGTH (RAM))
                0x00000200                        _Min_Heap_Size = 0x200
                0x00000400                        _Min_Stack_Size = 0x400

.isr_vector     0x08000000      0x194
                0x08000000                        . = ALIGN (0x4)
 *(.isr_vector)
 .isr_vector    0x08000000      0x194 ./Startup/startup_stm32f401retx.o
                0x08000000                g_pfnVectors
                0x08000194                        . = ALIGN (0x4)

.text           0x080001a0     0x5a40
                0x080001a0                        . = ALIGN (0x4)
 *(.text)
 .text          0x080001a0       0x40 C:/ST/STM32CubeIDE_1.19.0/STM32CubeIDE/plugins/com.st.stm32cube.ide.mcu.externaltools.gnu-tools-for-stm32.13.3.rel1.win32_1.0.0.202411081344/tools/bin/../lib/gcc/arm-none-eabi/13.3.1/thumb/v7e-m+fp/hard/crtbegin.o
 .text          0x080001e0       0xa0 C:/ST/STM32CubeIDE_1.19.0/STM32CubeIDE/plugins/com.st.stm32cube.ide.mcu.externaltools.gnu-tools-for-stm32.13.3.rel1.win32_1.0.0.202411081344/tools/bin/../lib/gcc/arm-none-eabi/13.3.1/../../../../arm-none-eabi/lib/thumb/v7e-m+fp/hard\libc_nano.a(libc_a-memchr.o)
                0x080001e0                memchr
 *(.text*)
 .text.drivers_gpio_init_all
                0x08000280       0xbc ./Src/drivers/gpio.o
                0x08000280                drivers_gpio_init_all
 .text.NVIC_SetPriority
                0x0800033c       0x54 ./Src/drivers/timebase.o
 .text.SysTick_Config
                0x08000390       0x44 ./Src/drivers/timebase.o
 .text.timebase_init
                0x080003d4       0x2c ./Src/drivers/timebase.o
                0x080003d4                timebase_init
 .text.timebase_millis
                0x08000400        0xe ./Src/drivers/timebase.o
                0x08000400                timebase_millis
 .text.timebase_process
                0x0800040e        0xc ./Src/drivers/timebase.o
                0x0800040e                timebase_process
 .text.timebase_delay_ms
                0x0800041a       0x2e ./Src/drivers/timebase.o
                0x0800041a                timebase_delay_ms
 .text.collision_check
                0x08000448       0xc4 ./Src/game/collision.o
                0x08000448                collision_check
 .text.draw_pipe1
                0x0800050c       0xa0 ./Src/game/levels.o
 .text.draw_pipe2
                0x080005ac       0xa0 ./Src/game/levels.o
 .text.levels_draw_pipe
                0x0800064c       0x28 ./Src/game/levels.o
                0x0800064c                levels_draw_pipe
 .text.levels_update_pipe
                0x08000674      0x118 ./Src/game/levels.o
                0x08000674                levels_update_pipe
 .text.tim2_config_20ms
                0x0800078c       0x62 ./Src/game/loop.o
 .text.game_over_blink
                0x080007ee       0x36 ./Src/game/loop.o
 .text.game_over_handler
                0x08000824       0x38 ./Src/game/loop.o
 .text.reset_run_and_redraw
                0x0800085c       0x88 ./Src/game/loop.o
 .text.game_init_state
                0x080008e4        0xc ./Src/game/loop.o
                0x080008e4                game_init_state
 .text.TIM2_IRQHandler
                0x080008f0      0x104 ./Src/game/loop.o
                0x080008f0                TIM2_IRQHandler
 .text.game_run_forever
                0x080009f4       0xf0 ./Src/game/loop.o
                0x080009f4                game_run_forever
 .text.ui_splash_and_choose_level
                0x08000ae4      0x220 ./Src/game/ui.o
                0x08000ae4                ui_splash_and_choose_level
 .text.lcd_init
                0x08000d04       0x5c ./Src/gfx/lcd_init.o
                0x08000d04                lcd_init
 .text.render_clear
                0x08000d60       0x14 ./Src/gfx/render.o
                0x08000d60                render_clear
 .text.render_border
                0x08000d74       0x38 ./Src/gfx/render.o
                0x08000d74                render_border
 .text.render_menu_text
                0x08000dac       0x48 ./Src/gfx/render.o
                0x08000dac                render_menu_text
 .text.render_bird_erase
                0x08000df4       0x3c ./Src/gfx/render.o
                0x08000df4                render_bird_erase
 .text.render_bird_draw
                0x08000e30       0xd0 ./Src/gfx/render.o
                0x08000e30                render_bird_draw
 .text.render_bird_update
                0x08000f00       0x3a ./Src/gfx/render.o
                0x08000f00                render_bird_update
 .text.main     0x08000f3a       0x1c ./Src/main.o
                0x08000f3a                main
 .text._getpid  0x08000f56       0x10 ./Src/syscalls.o
                0x08000f56                _getpid
 .text._kill    0x08000f66       0x20 ./Src/syscalls.o
                0x08000f66                _kill
 .text._exit    0x08000f86       0x16 ./Src/syscalls.o
                0x08000f86                _exit
 .text._read    0x08000f9c       0x3a ./Src/syscalls.o
                0x08000f9c                _read
 .text._write   0x08000fd6       0x38 ./Src/syscalls.o
                0x08000fd6                _write
 .text._close   0x0800100e       0x18 ./Src/syscalls.o
                0x0800100e                _close
 .text._fstat   0x08001026       0x20 ./Src/syscalls.o
                0x08001026                _fstat
 .text._isatty  0x08001046       0x16 ./Src/syscalls.o
                0x08001046                _isatty
 .text._lseek   0x0800105c       0x1a ./Src/syscalls.o
                0x0800105c                _lseek
 *fill*         0x08001076        0x2 
 .text._sbrk    0x08001078       0x6c ./Src/sysmem.o
                0x08001078                _sbrk
 .text.buzzer_on
                0x080010e4       0x18 ./Src/periph/buzzer.o
                0x080010e4                buzzer_on
 .text.buzzer_off
                0x080010fc       0x18 ./Src/periph/buzzer.o
                0x080010fc                buzzer_off
 .text.buzzer_beep_ticks
                0x08001114       0x20 ./Src/periph/buzzer.o
                0x08001114                buzzer_beep_ticks
 .text.buzzer_tick_20ms
                0x08001134       0x34 ./Src/periph/buzzer.o
                0x08001134                buzzer_tick_20ms
 .text.pin_read_active
                0x08001168       0x2a ./Src/periph/input.o
 .text.btn_clicked
                0x08001192       0x48 ./Src/periph/input.o
 *fill*         0x080011da        0x2 
 .text.sw1_click
                0x080011dc       0x24 ./Src/periph/input.o
                0x080011dc                sw1_click
 .text.sw3_click
                0x08001200       0x24 ./Src/periph/input.o
                0x08001200                sw3_click
 .text.sw5_click
                0x08001224       0x24 ./Src/periph/input.o
                0x08001224                sw5_click
 .text.held_generic
                0x08001248       0x7c ./Src/periph/input.o
 .text.sw1_held
                0x080012c4       0x24 ./Src/periph/input.o
                0x080012c4                sw1_held
 .text.sw3_held
                0x080012e8       0x24 ./Src/periph/input.o
                0x080012e8                sw3_held
 .text.sw5_held
                0x0800130c       0x24 ./Src/periph/input.o
                0x0800130c                sw5_held
 .text.led_on   0x08001330       0x18 ./Src/periph/led.o
                0x08001330                led_on
 .text.led_off  0x08001348       0x18 ./Src/periph/led.o
                0x08001348                led_off
 .text.Reset_Handler
                0x08001360       0x50 ./Startup/startup_stm32f401retx.o
                0x08001360                Reset_Handler
 .text.Default_Handler
                0x080013b0        0x2 ./Startup/startup_stm32f401retx.o
                0x080013b0                EXTI2_IRQHandler
                0x080013b0                DebugMon_Handler
                0x080013b0                SPI4_IRQHandler
                0x080013b0                TIM1_CC_IRQHandler
                0x080013b0                DMA2_Stream5_IRQHandler
                0x080013b0                HardFault_Handler
                0x080013b0                DMA1_Stream5_IRQHandler
                0x080013b0                SDIO_IRQHandler
                0x080013b0                TAMP_STAMP_IRQHandler
                0x080013b0                PendSV_Handler
                0x080013b0                NMI_Handler
                0x080013b0                EXTI3_IRQHandler
                0x080013b0                TIM1_UP_TIM10_IRQHandler
                0x080013b0                I2C3_ER_IRQHandler
                0x080013b0                EXTI18_OTG_FS_WKUP_IRQHandler
                0x080013b0                EXTI0_IRQHandler
                0x080013b0                I2C2_EV_IRQHandler
                0x080013b0                DMA1_Stream2_IRQHandler
                0x080013b0                UsageFault_Handler
                0x080013b0                DMA2_Stream2_IRQHandler
                0x080013b0                SPI1_IRQHandler
                0x080013b0                TIM1_BRK_TIM9_IRQHandler
                0x080013b0                DMA2_Stream3_IRQHandler
                0x080013b0                USART6_IRQHandler
                0x080013b0                DMA2_Stream0_IRQHandler
                0x080013b0                TIM4_IRQHandler
                0x080013b0                I2C1_EV_IRQHandler
                0x080013b0                DMA1_Stream6_IRQHandler
                0x080013b0                DMA1_Stream1_IRQHandler
                0x080013b0                TIM3_IRQHandler
                0x080013b0                RCC_IRQHandler
                0x080013b0                Default_Handler
                0x080013b0                EXTI15_10_IRQHandler
                0x080013b0                ADC_IRQHandler
                0x080013b0                DMA1_Stream7_IRQHandler
                0x080013b0                TIM5_IRQHandler
                0x080013b0                DMA2_Stream7_IRQHandler
                0x080013b0                I2C3_EV_IRQHandler
                0x080013b0                EXTI9_5_IRQHandler
                0x080013b0                SPI2_IRQHandler
                0x080013b0                MemManage_Handler
                0x080013b0                DMA1_Stream0_IRQHandler
                0x080013b0                SVC_Handler
                0x080013b0                EXTI4_IRQHandler
                0x080013b0                EXTI22_RTC_WKUP_IRQHandler
                0x080013b0                EXTI16_PVD_IRQHandler
                0x080013b0                TIM1_TRG_COM_TIM11_IRQHandler
                0x080013b0                EXTI1_IRQHandler
                0x080013b0                EXTI17_RTC_Alarm_IRQHandler
                0x080013b0                I2C2_ER_IRQHandler
                0x080013b0                DMA2_Stream1_IRQHandler
                0x080013b0                FLASH_IRQHandler
                0x080013b0                DMA2_Stream4_IRQHandler
                0x080013b0                BusFault_Handler
                0x080013b0                USART1_IRQHandler
                0x080013b0                OTG_FS_IRQHandler
                0x080013b0                SPI3_IRQHandler
                0x080013b0                DMA1_Stream4_IRQHandler
                0x080013b0                I2C1_ER_IRQHandler
                0x080013b0                DMA2_Stream6_IRQHandler
                0x080013b0                DMA1_Stream3_IRQHandler
 *fill*         0x080013b2        0x2 
 .text.SystemInit
                0x080013b4       0x6c ./ThuVien_SDK_1.0.3_NUCLEO-F401RE-master/shared/Drivers/CMSIS/Source/system_stm32f4xx.o
                0x080013b4                SystemInit
 .text.SystemCoreClockUpdate
                0x08001420      0x104 ./ThuVien_SDK_1.0.3_NUCLEO-F401RE-master/shared/Drivers/CMSIS/Source/system_stm32f4xx.o
                0x08001420                SystemCoreClockUpdate
 .text.SetSysClock
                0x08001524       0xa4 ./ThuVien_SDK_1.0.3_NUCLEO-F401RE-master/shared/Drivers/CMSIS/Source/system_stm32f4xx.o
 .text.NVIC_Init
                0x080015c8       0xc4 ./ThuVien_SDK_1.0.3_NUCLEO-F401RE-master/shared/Drivers/STM32F401RE_StdPeriph_Driver/src/misc.o
                0x080015c8                NVIC_Init
 .text.GPIO_Init
                0x0800168c      0x11e ./ThuVien_SDK_1.0.3_NUCLEO-F401RE-master/shared/Drivers/STM32F401RE_StdPeriph_Driver/src/stm32f401re_gpio.o
                0x0800168c                GPIO_Init
 .text.GPIO_ReadInputDataBit
                0x080017aa       0x34 ./ThuVien_SDK_1.0.3_NUCLEO-F401RE-master/shared/Drivers/STM32F401RE_StdPeriph_Driver/src/stm32f401re_gpio.o
                0x080017aa                GPIO_ReadInputDataBit
 .text.GPIO_SetBits
                0x080017de       0x1e ./ThuVien_SDK_1.0.3_NUCLEO-F401RE-master/shared/Drivers/STM32F401RE_StdPeriph_Driver/src/stm32f401re_gpio.o
                0x080017de                GPIO_SetBits
 .text.GPIO_ResetBits
                0x080017fc       0x1e ./ThuVien_SDK_1.0.3_NUCLEO-F401RE-master/shared/Drivers/STM32F401RE_StdPeriph_Driver/src/stm32f401re_gpio.o
                0x080017fc                GPIO_ResetBits
 .text.GPIO_WriteBit
                0x0800181a       0x30 ./ThuVien_SDK_1.0.3_NUCLEO-F401RE-master/shared/Drivers/STM32F401RE_StdPeriph_Driver/src/stm32f401re_gpio.o
                0x0800181a                GPIO_WriteBit
 *fill*         0x0800184a        0x2 
 .text.RCC_GetClocksFreq
                0x0800184c      0x15c ./ThuVien_SDK_1.0.3_NUCLEO-F401RE-master/shared/Drivers/STM32F401RE_StdPeriph_Driver/src/stm32f401re_rcc.o
                0x0800184c                RCC_GetClocksFreq
 .text.RCC_AHB1PeriphClockCmd
                0x080019a8       0x40 ./ThuVien_SDK_1.0.3_NUCLEO-F401RE-master/shared/Drivers/STM32F401RE_StdPeriph_Driver/src/stm32f401re_rcc.o
                0x080019a8                RCC_AHB1PeriphClockCmd
 .text.RCC_APB1PeriphClockCmd
                0x080019e8       0x40 ./ThuVien_SDK_1.0.3_NUCLEO-F401RE-master/shared/Drivers/STM32F401RE_StdPeriph_Driver/src/stm32f401re_rcc.o
                0x080019e8                RCC_APB1PeriphClockCmd
 .text.TIM_TimeBaseInit
                0x08001a28       0xd8 ./ThuVien_SDK_1.0.3_NUCLEO-F401RE-master/shared/Drivers/STM32F401RE_StdPeriph_Driver/src/stm32f401re_tim.o
                0x08001a28                TIM_TimeBaseInit
 .text.TIM_SetCounter
                0x08001b00       0x1c ./ThuVien_SDK_1.0.3_NUCLEO-F401RE-master/shared/Drivers/STM32F401RE_StdPeriph_Driver/src/stm32f401re_tim.o
                0x08001b00                TIM_SetCounter
 .text.TIM_Cmd  0x08001b1c       0x40 ./ThuVien_SDK_1.0.3_NUCLEO-F401RE-master/shared/Drivers/STM32F401RE_StdPeriph_Driver/src/stm32f401re_tim.o
                0x08001b1c                TIM_Cmd
 .text.TIM_ITConfig
                0x08001b5c       0x48 ./ThuVien_SDK_1.0.3_NUCLEO-F401RE-master/shared/Drivers/STM32F401RE_StdPeriph_Driver/src/stm32f401re_tim.o
                0x08001b5c                TIM_ITConfig
 .text.TIM_GetITStatus
                0x08001ba4       0x54 ./ThuVien_SDK_1.0.3_NUCLEO-F401RE-master/shared/Drivers/STM32F401RE_StdPeriph_Driver/src/stm32f401re_tim.o
                0x08001ba4                TIM_GetITStatus
 .text.TIM_ClearITPendingBit
                0x08001bf8       0x22 ./ThuVien_SDK_1.0.3_NUCLEO-F401RE-master/shared/Drivers/STM32F401RE_StdPeriph_Driver/src/stm32f401re_tim.o
                0x08001bf8                TIM_ClearITPendingBit
 .text.USART_ReceiveData
                0x08001c1a       0x20 ./ThuVien_SDK_1.0.3_NUCLEO-F401RE-master/shared/Drivers/STM32F401RE_StdPeriph_Driver/src/stm32f401re_usart.o
                0x08001c1a                USART_ReceiveData
 .text.USART_GetITStatus
                0x08001c3a       0xb6 ./ThuVien_SDK_1.0.3_NUCLEO-F401RE-master/shared/Drivers/STM32F401RE_StdPeriph_Driver/src/stm32f401re_usart.o
                0x08001c3a                USART_GetITStatus
 .text.USART_ClearITPendingBit
                0x08001cf0       0x3a ./ThuVien_SDK_1.0.3_NUCLEO-F401RE-master/shared/Drivers/STM32F401RE_StdPeriph_Driver/src/stm32f401re_usart.o
                0x08001cf0                USART_ClearITPendingBit
 *fill*         0x08001d2a        0x2 
 .text.NVIC_SetPriority
                0x08001d2c       0x54 ./ThuVien_SDK_1.0.3_NUCLEO-F401RE-master/shared/Middle/rtos/timer.o
 .text.SysTick_Config
                0x08001d80       0x44 ./ThuVien_SDK_1.0.3_NUCLEO-F401RE-master/shared/Middle/rtos/timer.o
 .text.TimerInit
                0x08001dc4       0x44 ./ThuVien_SDK_1.0.3_NUCLEO-F401RE-master/shared/Middle/rtos/timer.o
                0x08001dc4                TimerInit
 .text.TimerStart
                0x08001e08       0xc4 ./ThuVien_SDK_1.0.3_NUCLEO-F401RE-master/shared/Middle/rtos/timer.o
                0x08001e08                TimerStart
 .text.TimerStop
                0x08001ecc       0xa0 ./ThuVien_SDK_1.0.3_NUCLEO-F401RE-master/shared/Middle/rtos/timer.o
                0x08001ecc                TimerStop
 .text.GetMilSecTick
                0x08001f6c       0x18 ./ThuVien_SDK_1.0.3_NUCLEO-F401RE-master/shared/Middle/rtos/timer.o
                0x08001f6c                GetMilSecTick
 .text.processTimerScheduler
                0x08001f84       0xf4 ./ThuVien_SDK_1.0.3_NUCLEO-F401RE-master/shared/Middle/rtos/timer.o
                0x08001f84                processTimerScheduler
 .text.TimeExpired
                0x08002078       0xd4 ./ThuVien_SDK_1.0.3_NUCLEO-F401RE-master/shared/Middle/rtos/timer.o
 .text.SysTick_Handler
                0x0800214c       0x1c ./ThuVien_SDK_1.0.3_NUCLEO-F401RE-master/shared/Middle/rtos/timer.o
                0x0800214c                SysTick_Handler
 .text.USART2_IRQHandler
                0x08002168       0x54 ./ThuVien_SDK_1.0.3_NUCLEO-F401RE-master/shared/Middle/serial/serial.o
                0x08002168                USART2_IRQHandler
 .text.delayMicroseconds
                0x080021bc       0x14 ./ThuVien_SDK_1.0.3_NUCLEO-F401RE-master/shared/Middle/ucglib/Ucglib.o
 .text.ucg_gpio_init
                0x080021d0       0x60 ./ThuVien_SDK_1.0.3_NUCLEO-F401RE-master/shared/Middle/ucglib/Ucglib.o
 .text.ucg_com_arduino_send_generic_SW_SPI
                0x08002230       0x74 ./ThuVien_SDK_1.0.3_NUCLEO-F401RE-master/shared/Middle/ucglib/Ucglib.o
 .text.ucg_com_arduino_generic_SW_SPI
                0x080022a4      0x1ec ./ThuVien_SDK_1.0.3_NUCLEO-F401RE-master/shared/Middle/ucglib/Ucglib.o
 .text.Ucglib4WireSWSPI_begin
                0x08002490       0x38 ./ThuVien_SDK_1.0.3_NUCLEO-F401RE-master/shared/Middle/ucglib/Ucglib.o
                0x08002490                Ucglib4WireSWSPI_begin
 .text.ucg_DrawBox
                0x080024c8       0x58 ./ThuVien_SDK_1.0.3_NUCLEO-F401RE-master/shared/Middle/ucglib/ucg_box.o
                0x080024c8                ucg_DrawBox
 .text.ucg_ClearScreen
                0x08002520       0x50 ./ThuVien_SDK_1.0.3_NUCLEO-F401RE-master/shared/Middle/ucglib/ucg_box.o
                0x08002520                ucg_ClearScreen
 .text.ucg_ccs_init
                0x08002570       0xc0 ./ThuVien_SDK_1.0.3_NUCLEO-F401RE-master/shared/Middle/ucglib/ucg_ccs.o
                0x08002570                ucg_ccs_init
 .text.ucg_ccs_step
                0x08002630       0x80 ./ThuVien_SDK_1.0.3_NUCLEO-F401RE-master/shared/Middle/ucglib/ucg_ccs.o
                0x08002630                ucg_ccs_step
 .text.ucg_ccs_seek
                0x080026b0       0xca ./ThuVien_SDK_1.0.3_NUCLEO-F401RE-master/shared/Middle/ucglib/ucg_ccs.o
                0x080026b0                ucg_ccs_seek
 .text.ucg_clip_is_x_visible
                0x0800277a       0x4a ./ThuVien_SDK_1.0.3_NUCLEO-F401RE-master/shared/Middle/ucglib/ucg_clip.o
 .text.ucg_clip_is_y_visible
                0x080027c4       0x4a ./ThuVien_SDK_1.0.3_NUCLEO-F401RE-master/shared/Middle/ucglib/ucg_clip.o
 .text.ucg_clip_intersection
                0x0800280e       0x74 ./ThuVien_SDK_1.0.3_NUCLEO-F401RE-master/shared/Middle/ucglib/ucg_clip.o
 .text.ucg_clip_is_pixel_visible
                0x08002882       0x32 ./ThuVien_SDK_1.0.3_NUCLEO-F401RE-master/shared/Middle/ucglib/ucg_clip.o
                0x08002882                ucg_clip_is_pixel_visible
 .text.ucg_clip_l90fx
                0x080028b4      0x300 ./ThuVien_SDK_1.0.3_NUCLEO-F401RE-master/shared/Middle/ucglib/ucg_clip.o
                0x080028b4                ucg_clip_l90fx
 .text.ucg_clip_l90se
                0x08002bb4       0x54 ./ThuVien_SDK_1.0.3_NUCLEO-F401RE-master/shared/Middle/ucglib/ucg_clip.o
                0x08002bb4                ucg_clip_l90se
 .text.ucg_com_PowerDown
                0x08002c08       0x3e ./ThuVien_SDK_1.0.3_NUCLEO-F401RE-master/shared/Middle/ucglib/ucg_com_msg_api.o
                0x08002c08                ucg_com_PowerDown
 .text.ucg_com_PowerUp
                0x08002c46       0x60 ./ThuVien_SDK_1.0.3_NUCLEO-F401RE-master/shared/Middle/ucglib/ucg_com_msg_api.o
                0x08002c46                ucg_com_PowerUp
 .text.ucg_com_SetLineStatus
                0x08002ca6       0xe2 ./ThuVien_SDK_1.0.3_NUCLEO-F401RE-master/shared/Middle/ucglib/ucg_com_msg_api.o
                0x08002ca6                ucg_com_SetLineStatus
 .text.ucg_com_SetResetLineStatus
                0x08002d88       0x20 ./ThuVien_SDK_1.0.3_NUCLEO-F401RE-master/shared/Middle/ucglib/ucg_com_msg_api.o
                0x08002d88                ucg_com_SetResetLineStatus
 .text.ucg_com_SetCSLineStatus
                0x08002da8       0x20 ./ThuVien_SDK_1.0.3_NUCLEO-F401RE-master/shared/Middle/ucglib/ucg_com_msg_api.o
                0x08002da8                ucg_com_SetCSLineStatus
 .text.ucg_com_SetCDLineStatus
                0x08002dc8       0x20 ./ThuVien_SDK_1.0.3_NUCLEO-F401RE-master/shared/Middle/ucglib/ucg_com_msg_api.o
                0x08002dc8                ucg_com_SetCDLineStatus
 .text.ucg_com_DelayMicroseconds
                0x08002de8       0x22 ./ThuVien_SDK_1.0.3_NUCLEO-F401RE-master/shared/Middle/ucglib/ucg_com_msg_api.o
                0x08002de8                ucg_com_DelayMicroseconds
 .text.ucg_com_DelayMilliseconds
                0x08002e0a       0x2e ./ThuVien_SDK_1.0.3_NUCLEO-F401RE-master/shared/Middle/ucglib/ucg_com_msg_api.o
                0x08002e0a                ucg_com_DelayMilliseconds
 .text.ucg_com_SendByte
                0x08002e38       0x24 ./ThuVien_SDK_1.0.3_NUCLEO-F401RE-master/shared/Middle/ucglib/ucg_com_msg_api.o
                0x08002e38                ucg_com_SendByte
 .text.ucg_com_SendStringP
                0x08002e5c       0x42 ./ThuVien_SDK_1.0.3_NUCLEO-F401RE-master/shared/Middle/ucglib/ucg_com_msg_api.o
                0x08002e5c                ucg_com_SendStringP
 .text.ucg_com_SendCmdArg
                0x08002e9e       0x74 ./ThuVien_SDK_1.0.3_NUCLEO-F401RE-master/shared/Middle/ucglib/ucg_com_msg_api.o
 *fill*         0x08002f12        0x2 
 .text.ucg_com_SendCmdSeq
                0x08002f14      0x27c ./ThuVien_SDK_1.0.3_NUCLEO-F401RE-master/shared/Middle/ucglib/ucg_com_msg_api.o
                0x08002f14                ucg_com_SendCmdSeq
 .text.ucg_dev_default_cb
                0x08003190       0x44 ./ThuVien_SDK_1.0.3_NUCLEO-F401RE-master/shared/Middle/ucglib/ucg_dev_default_cb.o
                0x08003190                ucg_dev_default_cb
 .text.ucg_ext_none
                0x080031d4       0x1c ./ThuVien_SDK_1.0.3_NUCLEO-F401RE-master/shared/Middle/ucglib/ucg_dev_default_cb.o
                0x080031d4                ucg_ext_none
 .text.ucg_handle_st7735_l90fx
                0x080031f0       0xdc ./ThuVien_SDK_1.0.3_NUCLEO-F401RE-master/shared/Middle/ucglib/ucg_dev_ic_st7735.o
                0x080031f0                ucg_handle_st7735_l90fx
 .text.ucg_handle_st7735_l90se
                0x080032cc      0x15c ./ThuVien_SDK_1.0.3_NUCLEO-F401RE-master/shared/Middle/ucglib/ucg_dev_ic_st7735.o
                0x080032cc                ucg_handle_st7735_l90se
 .text.ucg_dev_ic_st7735_18
                0x08003428       0xf8 ./ThuVien_SDK_1.0.3_NUCLEO-F401RE-master/shared/Middle/ucglib/ucg_dev_ic_st7735.o
                0x08003428                ucg_dev_ic_st7735_18
 .text.ucg_ext_st7735_18
                0x08003520       0x28 ./ThuVien_SDK_1.0.3_NUCLEO-F401RE-master/shared/Middle/ucglib/ucg_dev_ic_st7735.o
                0x08003520                ucg_ext_st7735_18
 .text.ucg_PowerDown
                0x08003548       0x34 ./ThuVien_SDK_1.0.3_NUCLEO-F401RE-master/shared/Middle/ucglib/ucg_dev_msg_api.o
                0x08003548                ucg_PowerDown
 .text.ucg_PowerUp
                0x0800357c       0x3c ./ThuVien_SDK_1.0.3_NUCLEO-F401RE-master/shared/Middle/ucglib/ucg_dev_msg_api.o
                0x0800357c                ucg_PowerUp
 .text.ucg_SetClipBox
                0x080035b8       0x1e ./ThuVien_SDK_1.0.3_NUCLEO-F401RE-master/shared/Middle/ucglib/ucg_dev_msg_api.o
                0x080035b8                ucg_SetClipBox
 .text.ucg_SetMaxClipRange
                0x080035d6       0x30 ./ThuVien_SDK_1.0.3_NUCLEO-F401RE-master/shared/Middle/ucglib/ucg_dev_msg_api.o
                0x080035d6                ucg_SetMaxClipRange
 .text.ucg_GetDimension
                0x08003606       0x24 ./ThuVien_SDK_1.0.3_NUCLEO-F401RE-master/shared/Middle/ucglib/ucg_dev_msg_api.o
                0x08003606                ucg_GetDimension
 .text.ucg_DrawPixelWithArg
                0x0800362a       0x1c ./ThuVien_SDK_1.0.3_NUCLEO-F401RE-master/shared/Middle/ucglib/ucg_dev_msg_api.o
                0x0800362a                ucg_DrawPixelWithArg
 .text.ucg_DrawL90FXWithArg
                0x08003646       0x1e ./ThuVien_SDK_1.0.3_NUCLEO-F401RE-master/shared/Middle/ucglib/ucg_dev_msg_api.o
                0x08003646                ucg_DrawL90FXWithArg
 .text.ucg_dev_st7735_18x128x128
                0x08003664       0x88 ./ThuVien_SDK_1.0.3_NUCLEO-F401RE-master/shared/Middle/ucglib/ucg_dev_tft_128x128_st7735.o
                0x08003664                ucg_dev_st7735_18x128x128
 .text.ucg_font_get_byte
                0x080036ec       0x24 ./ThuVien_SDK_1.0.3_NUCLEO-F401RE-master/shared/Middle/ucglib/ucg_font.o
 .text.ucg_font_get_word
                0x08003710       0x40 ./ThuVien_SDK_1.0.3_NUCLEO-F401RE-master/shared/Middle/ucglib/ucg_font.o
 .text.ucg_read_font_info
                0x08003750      0x142 ./ThuVien_SDK_1.0.3_NUCLEO-F401RE-master/shared/Middle/ucglib/ucg_font.o
                0x08003750                ucg_read_font_info
 .text.ucg_font_decode_get_unsigned_bits
                0x08003892       0x96 ./ThuVien_SDK_1.0.3_NUCLEO-F401RE-master/shared/Middle/ucglib/ucg_font.o
                0x08003892                ucg_font_decode_get_unsigned_bits
 .text.ucg_font_decode_get_signed_bits
                0x08003928       0x46 ./ThuVien_SDK_1.0.3_NUCLEO-F401RE-master/shared/Middle/ucglib/ucg_font.o
                0x08003928                ucg_font_decode_get_signed_bits
 .text.ucg_add_vector_y
                0x0800396e       0x80 ./ThuVien_SDK_1.0.3_NUCLEO-F401RE-master/shared/Middle/ucglib/ucg_font.o
 .text.ucg_add_vector_x
                0x080039ee       0x80 ./ThuVien_SDK_1.0.3_NUCLEO-F401RE-master/shared/Middle/ucglib/ucg_font.o
 .text.ucg_font_decode_len
                0x08003a6e      0x114 ./ThuVien_SDK_1.0.3_NUCLEO-F401RE-master/shared/Middle/ucglib/ucg_font.o
                0x08003a6e                ucg_font_decode_len
 .text.ucg_font_setup_decode
                0x08003b82       0x64 ./ThuVien_SDK_1.0.3_NUCLEO-F401RE-master/shared/Middle/ucglib/ucg_font.o
 .text.ucg_font_decode_glyph
                0x08003be6      0x14c ./ThuVien_SDK_1.0.3_NUCLEO-F401RE-master/shared/Middle/ucglib/ucg_font.o
                0x08003be6                ucg_font_decode_glyph
 .text.ucg_font_get_glyph_data
                0x08003d32       0x7a ./ThuVien_SDK_1.0.3_NUCLEO-F401RE-master/shared/Middle/ucglib/ucg_font.o
                0x08003d32                ucg_font_get_glyph_data
 .text.ucg_font_draw_glyph
                0x08003dac       0x62 ./ThuVien_SDK_1.0.3_NUCLEO-F401RE-master/shared/Middle/ucglib/ucg_font.o
                0x08003dac                ucg_font_draw_glyph
 .text.ucg_SetFontMode
                0x08003e0e       0x20 ./ThuVien_SDK_1.0.3_NUCLEO-F401RE-master/shared/Middle/ucglib/ucg_font.o
                0x08003e0e                ucg_SetFontMode
 *fill*         0x08003e2e        0x2 
 .text.ucg_DrawGlyph
                0x08003e30       0xb0 ./ThuVien_SDK_1.0.3_NUCLEO-F401RE-master/shared/Middle/ucglib/ucg_font.o
                0x08003e30                ucg_DrawGlyph
 .text.task_drawString
                0x08003ee0      0x138 ./ThuVien_SDK_1.0.3_NUCLEO-F401RE-master/shared/Middle/ucglib/ucg_font.o
                0x08003ee0                task_drawString
 .text.ucg_DrawString
                0x08004018       0x78 ./ThuVien_SDK_1.0.3_NUCLEO-F401RE-master/shared/Middle/ucglib/ucg_font.o
                0x08004018                ucg_DrawString
 .text.ucg_UpdateRefHeight
                0x08004090       0xd8 ./ThuVien_SDK_1.0.3_NUCLEO-F401RE-master/shared/Middle/ucglib/ucg_font.o
                0x08004090                ucg_UpdateRefHeight
 .text.ucg_font_calc_vref_font
                0x08004168       0x16 ./ThuVien_SDK_1.0.3_NUCLEO-F401RE-master/shared/Middle/ucglib/ucg_font.o
                0x08004168                ucg_font_calc_vref_font
 *fill*         0x0800417e        0x2 
 .text.ucg_SetFontPosBaseline
                0x08004180       0x20 ./ThuVien_SDK_1.0.3_NUCLEO-F401RE-master/shared/Middle/ucglib/ucg_font.o
                0x08004180                ucg_SetFontPosBaseline
 .text.ucg_SetFont
                0x080041a0       0x4c ./ThuVien_SDK_1.0.3_NUCLEO-F401RE-master/shared/Middle/ucglib/ucg_font.o
                0x080041a0                ucg_SetFont
 .text.ucg_init_struct
                0x080041ec       0x50 ./ThuVien_SDK_1.0.3_NUCLEO-F401RE-master/shared/Middle/ucglib/ucg_init.o
                0x080041ec                ucg_init_struct
 .text.ucg_Init
                0x0800423c       0x5c ./ThuVien_SDK_1.0.3_NUCLEO-F401RE-master/shared/Middle/ucglib/ucg_init.o
                0x0800423c                ucg_Init
 .text.ucg_Draw90Line
                0x08004298       0x88 ./ThuVien_SDK_1.0.3_NUCLEO-F401RE-master/shared/Middle/ucglib/ucg_line.o
                0x08004298                ucg_Draw90Line
 .text.ucg_DrawHLine
                0x08004320       0x3c ./ThuVien_SDK_1.0.3_NUCLEO-F401RE-master/shared/Middle/ucglib/ucg_line.o
                0x08004320                ucg_DrawHLine
 .text.ucg_DrawVLine
                0x0800435c       0x3c ./ThuVien_SDK_1.0.3_NUCLEO-F401RE-master/shared/Middle/ucglib/ucg_line.o
                0x0800435c                ucg_DrawVLine
 .text.ucg_SetColor
                0x08004398       0x5c ./ThuVien_SDK_1.0.3_NUCLEO-F401RE-master/shared/Middle/ucglib/ucg_pixel.o
                0x08004398                ucg_SetColor
 .text.ucg_DrawPixel
                0x080043f4       0x4e ./ThuVien_SDK_1.0.3_NUCLEO-F401RE-master/shared/Middle/ucglib/ucg_pixel.o
                0x080043f4                ucg_DrawPixel
 .text.ucg_UndoRotate
                0x08004442       0x32 ./ThuVien_SDK_1.0.3_NUCLEO-F401RE-master/shared/Middle/ucglib/ucg_rotate.o
                0x08004442                ucg_UndoRotate
 .text.ucg_rotate_180_xy
                0x08004474       0x66 ./ThuVien_SDK_1.0.3_NUCLEO-F401RE-master/shared/Middle/ucglib/ucg_rotate.o
 *fill*         0x080044da        0x2 
 .text.ucg_dev_rotate180
                0x080044dc      0x100 ./ThuVien_SDK_1.0.3_NUCLEO-F401RE-master/shared/Middle/ucglib/ucg_rotate.o
                0x080044dc                ucg_dev_rotate180
 .text.ucg_SetRotate180
                0x080045dc       0x34 ./ThuVien_SDK_1.0.3_NUCLEO-F401RE-master/shared/Middle/ucglib/ucg_rotate.o
                0x080045dc                ucg_SetRotate180
 .text.bufInit  0x08004610       0x36 ./ThuVien_SDK_1.0.3_NUCLEO-F401RE-master/shared/Utilities/buff.o
                0x08004610                bufInit
 .text.bufNumItems
                0x08004646       0x18 ./ThuVien_SDK_1.0.3_NUCLEO-F401RE-master/shared/Utilities/buff.o
                0x08004646                bufNumItems
 .text.bufIsFull
                0x0800465e       0x26 ./ThuVien_SDK_1.0.3_NUCLEO-F401RE-master/shared/Utilities/buff.o
                0x0800465e                bufIsFull
 .text.bufIsEmpty
                0x08004684       0x26 ./ThuVien_SDK_1.0.3_NUCLEO-F401RE-master/shared/Utilities/buff.o
                0x08004684                bufIsEmpty
 .text.bufFlush
                0x080046aa       0x32 ./ThuVien_SDK_1.0.3_NUCLEO-F401RE-master/shared/Utilities/buff.o
                0x080046aa                bufFlush
 .text.bufEnDat
                0x080046dc       0x9e ./ThuVien_SDK_1.0.3_NUCLEO-F401RE-master/shared/Utilities/buff.o
                0x080046dc                bufEnDat
 .text.bufDeDat
                0x0800477a       0x8a ./ThuVien_SDK_1.0.3_NUCLEO-F401RE-master/shared/Utilities/buff.o
                0x0800477a                bufDeDat
 .text.memsetl  0x08004804       0x34 ./ThuVien_SDK_1.0.3_NUCLEO-F401RE-master/shared/Utilities/utilities.o
                0x08004804                memsetl
 .text.rand     0x08004838       0x7c C:/ST/STM32CubeIDE_1.19.0/STM32CubeIDE/plugins/com.st.stm32cube.ide.mcu.externaltools.gnu-tools-for-stm32.13.3.rel1.win32_1.0.0.202411081344/tools/bin/../lib/gcc/arm-none-eabi/13.3.1/../../../../arm-none-eabi/lib/thumb/v7e-m+fp/hard\libc_nano.a(libc_a-rand.o)
                0x08004838                rand
 .text.std      0x080048b4       0x6c C:/ST/STM32CubeIDE_1.19.0/STM32CubeIDE/plugins/com.st.stm32cube.ide.mcu.externaltools.gnu-tools-for-stm32.13.3.rel1.win32_1.0.0.202411081344/tools/bin/../lib/gcc/arm-none-eabi/13.3.1/../../../../arm-none-eabi/lib/thumb/v7e-m+fp/hard\libc_nano.a(libc_a-findfp.o)
 .text.stdio_exit_handler
                0x08004920       0x18 C:/ST/STM32CubeIDE_1.19.0/STM32CubeIDE/plugins/com.st.stm32cube.ide.mcu.externaltools.gnu-tools-for-stm32.13.3.rel1.win32_1.0.0.202411081344/tools/bin/../lib/gcc/arm-none-eabi/13.3.1/../../../../arm-none-eabi/lib/thumb/v7e-m+fp/hard\libc_nano.a(libc_a-findfp.o)
 .text.cleanup_stdio
                0x08004938       0x40 C:/ST/STM32CubeIDE_1.19.0/STM32CubeIDE/plugins/com.st.stm32cube.ide.mcu.externaltools.gnu-tools-for-stm32.13.3.rel1.win32_1.0.0.202411081344/tools/bin/../lib/gcc/arm-none-eabi/13.3.1/../../../../arm-none-eabi/lib/thumb/v7e-m+fp/hard\libc_nano.a(libc_a-findfp.o)
 .text.global_stdio_init.part.0
                0x08004978       0x3c C:/ST/STM32CubeIDE_1.19.0/STM32CubeIDE/plugins/com.st.stm32cube.ide.mcu.externaltools.gnu-tools-for-stm32.13.3.rel1.win32_1.0.0.202411081344/tools/bin/../lib/gcc/arm-none-eabi/13.3.1/../../../../arm-none-eabi/lib/thumb/v7e-m+fp/hard\libc_nano.a(libc_a-findfp.o)
 .text.__sfp_lock_acquire
                0x080049b4        0xc C:/ST/STM32CubeIDE_1.19.0/STM32CubeIDE/plugins/com.st.stm32cube.ide.mcu.externaltools.gnu-tools-for-stm32.13.3.rel1.win32_1.0.0.202411081344/tools/bin/../lib/gcc/arm-none-eabi/13.3.1/../../../../arm-none-eabi/lib/thumb/v7e-m+fp/hard\libc_nano.a(libc_a-findfp.o)
                0x080049b4                __sfp_lock_acquire
 .text.__sfp_lock_release
                0x080049c0        0xc C:/ST/STM32CubeIDE_1.19.0/STM32CubeIDE/plugins/com.st.stm32cube.ide.mcu.externaltools.gnu-tools-for-stm32.13.3.rel1.win32_1.0.0.202411081344/tools/bin/../lib/gcc/arm-none-eabi/13.3.1/../../../../arm-none-eabi/lib/thumb/v7e-m+fp/hard\libc_nano.a(libc_a-findfp.o)
                0x080049c0                __sfp_lock_release
 .text.__sinit  0x080049cc       0x30 C:/ST/STM32CubeIDE_1.19.0/STM32CubeIDE/plugins/com.st.stm32cube.ide.mcu.externaltools.gnu-tools-for-stm32.13.3.rel1.win32_1.0.0.202411081344/tools/bin/../lib/gcc/arm-none-eabi/13.3.1/../../../../arm-none-eabi/lib/thumb/v7e-m+fp/hard\libc_nano.a(libc_a-findfp.o)
                0x080049cc                __sinit
 .text._fwalk_sglue
                0x080049fc       0x3c C:/ST/STM32CubeIDE_1.19.0/STM32CubeIDE/plugins/com.st.stm32cube.ide.mcu.externaltools.gnu-tools-for-stm32.13.3.rel1.win32_1.0.0.202411081344/tools/bin/../lib/gcc/arm-none-eabi/13.3.1/../../../../arm-none-eabi/lib/thumb/v7e-m+fp/hard\libc_nano.a(libc_a-fwalk.o)
                0x080049fc                _fwalk_sglue
 .text.snprintf
                0x08004a38       0x6c C:/ST/STM32CubeIDE_1.19.0/STM32CubeIDE/plugins/com.st.stm32cube.ide.mcu.externaltools.gnu-tools-for-stm32.13.3.rel1.win32_1.0.0.202411081344/tools/bin/../lib/gcc/arm-none-eabi/13.3.1/../../../../arm-none-eabi/lib/thumb/v7e-m+fp/hard\libc_nano.a(libc_a-snprintf.o)
                0x08004a38                sniprintf
                0x08004a38                snprintf
 .text.__sread  0x08004aa4       0x22 C:/ST/STM32CubeIDE_1.19.0/STM32CubeIDE/plugins/com.st.stm32cube.ide.mcu.externaltools.gnu-tools-for-stm32.13.3.rel1.win32_1.0.0.202411081344/tools/bin/../lib/gcc/arm-none-eabi/13.3.1/../../../../arm-none-eabi/lib/thumb/v7e-m+fp/hard\libc_nano.a(libc_a-stdio.o)
                0x08004aa4                __sread
 .text.__swrite
                0x08004ac6       0x38 C:/ST/STM32CubeIDE_1.19.0/STM32CubeIDE/plugins/com.st.stm32cube.ide.mcu.externaltools.gnu-tools-for-stm32.13.3.rel1.win32_1.0.0.202411081344/tools/bin/../lib/gcc/arm-none-eabi/13.3.1/../../../../arm-none-eabi/lib/thumb/v7e-m+fp/hard\libc_nano.a(libc_a-stdio.o)
                0x08004ac6                __swrite
 .text.__sseek  0x08004afe       0x24 C:/ST/STM32CubeIDE_1.19.0/STM32CubeIDE/plugins/com.st.stm32cube.ide.mcu.externaltools.gnu-tools-for-stm32.13.3.rel1.win32_1.0.0.202411081344/tools/bin/../lib/gcc/arm-none-eabi/13.3.1/../../../../arm-none-eabi/lib/thumb/v7e-m+fp/hard\libc_nano.a(libc_a-stdio.o)
                0x08004afe                __sseek
 .text.__sclose
                0x08004b22        0x8 C:/ST/STM32CubeIDE_1.19.0/STM32CubeIDE/plugins/com.st.stm32cube.ide.mcu.externaltools.gnu-tools-for-stm32.13.3.rel1.win32_1.0.0.202411081344/tools/bin/../lib/gcc/arm-none-eabi/13.3.1/../../../../arm-none-eabi/lib/thumb/v7e-m+fp/hard\libc_nano.a(libc_a-stdio.o)
                0x08004b22                __sclose
 .text.memset   0x08004b2a       0x10 C:/ST/STM32CubeIDE_1.19.0/STM32CubeIDE/plugins/com.st.stm32cube.ide.mcu.externaltools.gnu-tools-for-stm32.13.3.rel1.win32_1.0.0.202411081344/tools/bin/../lib/gcc/arm-none-eabi/13.3.1/../../../../arm-none-eabi/lib/thumb/v7e-m+fp/hard\libc_nano.a(libc_a-memset.o)
                0x08004b2a                memset
 *fill*         0x08004b3a        0x2 
 .text._close_r
                0x08004b3c       0x20 C:/ST/STM32CubeIDE_1.19.0/STM32CubeIDE/plugins/com.st.stm32cube.ide.mcu.externaltools.gnu-tools-for-stm32.13.3.rel1.win32_1.0.0.202411081344/tools/bin/../lib/gcc/arm-none-eabi/13.3.1/../../../../arm-none-eabi/lib/thumb/v7e-m+fp/hard\libc_nano.a(libc_a-closer.o)
                0x08004b3c                _close_r
 .text._lseek_r
                0x08004b5c       0x24 C:/ST/STM32CubeIDE_1.19.0/STM32CubeIDE/plugins/com.st.stm32cube.ide.mcu.externaltools.gnu-tools-for-stm32.13.3.rel1.win32_1.0.0.202411081344/tools/bin/../lib/gcc/arm-none-eabi/13.3.1/../../../../arm-none-eabi/lib/thumb/v7e-m+fp/hard\libc_nano.a(libc_a-lseekr.o)
                0x08004b5c                _lseek_r
 .text._read_r  0x08004b80       0x24 C:/ST/STM32CubeIDE_1.19.0/STM32CubeIDE/plugins/com.st.stm32cube.ide.mcu.externaltools.gnu-tools-for-stm32.13.3.rel1.win32_1.0.0.202411081344/tools/bin/../lib/gcc/arm-none-eabi/13.3.1/../../../../arm-none-eabi/lib/thumb/v7e-m+fp/hard\libc_nano.a(libc_a-readr.o)
                0x08004b80                _read_r
 .text._write_r
                0x08004ba4       0x24 C:/ST/STM32CubeIDE_1.19.0/STM32CubeIDE/plugins/com.st.stm32cube.ide.mcu.externaltools.gnu-tools-for-stm32.13.3.rel1.win32_1.0.0.202411081344/tools/bin/../lib/gcc/arm-none-eabi/13.3.1/../../../../arm-none-eabi/lib/thumb/v7e-m+fp/hard\libc_nano.a(libc_a-writer.o)
                0x08004ba4                _write_r
 .text.__errno  0x08004bc8        0xc C:/ST/STM32CubeIDE_1.19.0/STM32CubeIDE/plugins/com.st.stm32cube.ide.mcu.externaltools.gnu-tools-for-stm32.13.3.rel1.win32_1.0.0.202411081344/tools/bin/../lib/gcc/arm-none-eabi/13.3.1/../../../../arm-none-eabi/lib/thumb/v7e-m+fp/hard\libc_nano.a(libc_a-errno.o)
                0x08004bc8                __errno
 .text.__libc_init_array
                0x08004bd4       0x48 C:/ST/STM32CubeIDE_1.19.0/STM32CubeIDE/plugins/com.st.stm32cube.ide.mcu.externaltools.gnu-tools-for-stm32.13.3.rel1.win32_1.0.0.202411081344/tools/bin/../lib/gcc/arm-none-eabi/13.3.1/../../../../arm-none-eabi/lib/thumb/v7e-m+fp/hard\libc_nano.a(libc_a-init.o)
                0x08004bd4                __libc_init_array
 .text.__retarget_lock_init_recursive
                0x08004c1c        0x2 C:/ST/STM32CubeIDE_1.19.0/STM32CubeIDE/plugins/com.st.stm32cube.ide.mcu.externaltools.gnu-tools-for-stm32.13.3.rel1.win32_1.0.0.202411081344/tools/bin/../lib/gcc/arm-none-eabi/13.3.1/../../../../arm-none-eabi/lib/thumb/v7e-m+fp/hard\libc_nano.a(libc_a-lock.o)
                0x08004c1c                __retarget_lock_init_recursive
 .text.__retarget_lock_acquire_recursive
                0x08004c1e        0x2 C:/ST/STM32CubeIDE_1.19.0/STM32CubeIDE/plugins/com.st.stm32cube.ide.mcu.externaltools.gnu-tools-for-stm32.13.3.rel1.win32_1.0.0.202411081344/tools/bin/../lib/gcc/arm-none-eabi/13.3.1/../../../../arm-none-eabi/lib/thumb/v7e-m+fp/hard\libc_nano.a(libc_a-lock.o)
                0x08004c1e                __retarget_lock_acquire_recursive
 .text.__retarget_lock_release_recursive
                0x08004c20        0x2 C:/ST/STM32CubeIDE_1.19.0/STM32CubeIDE/plugins/com.st.stm32cube.ide.mcu.externaltools.gnu-tools-for-stm32.13.3.rel1.win32_1.0.0.202411081344/tools/bin/../lib/gcc/arm-none-eabi/13.3.1/../../../../arm-none-eabi/lib/thumb/v7e-m+fp/hard\libc_nano.a(libc_a-lock.o)
                0x08004c20                __retarget_lock_release_recursive
 *fill*         0x08004c22        0x2 
 .text.__assert_func
                0x08004c24       0x3c C:/ST/STM32CubeIDE_1.19.0/STM32CubeIDE/plugins/com.st.stm32cube.ide.mcu.externaltools.gnu-tools-for-stm32.13.3.rel1.win32_1.0.0.202411081344/tools/bin/../lib/gcc/arm-none-eabi/13.3.1/../../../../arm-none-eabi/lib/thumb/v7e-m+fp/hard\libc_nano.a(libc_a-assert.o)
                0x08004c24                __assert_func
 .text._free_r  0x08004c60       0x94 C:/ST/STM32CubeIDE_1.19.0/STM32CubeIDE/plugins/com.st.stm32cube.ide.mcu.externaltools.gnu-tools-for-stm32.13.3.rel1.win32_1.0.0.202411081344/tools/bin/../lib/gcc/arm-none-eabi/13.3.1/../../../../arm-none-eabi/lib/thumb/v7e-m+fp/hard\libc_nano.a(libc_a-freer.o)
                0x08004c60                _free_r
 .text.malloc   0x08004cf4       0x10 C:/ST/STM32CubeIDE_1.19.0/STM32CubeIDE/plugins/com.st.stm32cube.ide.mcu.externaltools.gnu-tools-for-stm32.13.3.rel1.win32_1.0.0.202411081344/tools/bin/../lib/gcc/arm-none-eabi/13.3.1/../../../../arm-none-eabi/lib/thumb/v7e-m+fp/hard\libc_nano.a(libc_a-malloc.o)
                0x08004cf4                malloc
 .text.sbrk_aligned
                0x08004d04       0x44 C:/ST/STM32CubeIDE_1.19.0/STM32CubeIDE/plugins/com.st.stm32cube.ide.mcu.externaltools.gnu-tools-for-stm32.13.3.rel1.win32_1.0.0.202411081344/tools/bin/../lib/gcc/arm-none-eabi/13.3.1/../../../../arm-none-eabi/lib/thumb/v7e-m+fp/hard\libc_nano.a(libc_a-mallocr.o)
 .text._malloc_r
                0x08004d48      0x100 C:/ST/STM32CubeIDE_1.19.0/STM32CubeIDE/plugins/com.st.stm32cube.ide.mcu.externaltools.gnu-tools-for-stm32.13.3.rel1.win32_1.0.0.202411081344/tools/bin/../lib/gcc/arm-none-eabi/13.3.1/../../../../arm-none-eabi/lib/thumb/v7e-m+fp/hard\libc_nano.a(libc_a-mallocr.o)
                0x08004d48                _malloc_r
 .text.__malloc_lock
                0x08004e48        0xc C:/ST/STM32CubeIDE_1.19.0/STM32CubeIDE/plugins/com.st.stm32cube.ide.mcu.externaltools.gnu-tools-for-stm32.13.3.rel1.win32_1.0.0.202411081344/tools/bin/../lib/gcc/arm-none-eabi/13.3.1/../../../../arm-none-eabi/lib/thumb/v7e-m+fp/hard\libc_nano.a(libc_a-mlock.o)
                0x08004e48                __malloc_lock
 .text.__malloc_unlock
                0x08004e54        0xc C:/ST/STM32CubeIDE_1.19.0/STM32CubeIDE/plugins/com.st.stm32cube.ide.mcu.externaltools.gnu-tools-for-stm32.13.3.rel1.win32_1.0.0.202411081344/tools/bin/../lib/gcc/arm-none-eabi/13.3.1/../../../../arm-none-eabi/lib/thumb/v7e-m+fp/hard\libc_nano.a(libc_a-mlock.o)
                0x08004e54                __malloc_unlock
 .text.__ssputs_r
                0x08004e60       0xb6 C:/ST/STM32CubeIDE_1.19.0/STM32CubeIDE/plugins/com.st.stm32cube.ide.mcu.externaltools.gnu-tools-for-stm32.13.3.rel1.win32_1.0.0.202411081344/tools/bin/../lib/gcc/arm-none-eabi/13.3.1/../../../../arm-none-eabi/lib/thumb/v7e-m+fp/hard\libc_nano.a(libc_a-nano-svfprintf.o)
                0x08004e60                __ssputs_r
 *fill*         0x08004f16        0x2 
 .text._svfprintf_r
                0x08004f18      0x1f8 C:/ST/STM32CubeIDE_1.19.0/STM32CubeIDE/plugins/com.st.stm32cube.ide.mcu.externaltools.gnu-tools-for-stm32.13.3.rel1.win32_1.0.0.202411081344/tools/bin/../lib/gcc/arm-none-eabi/13.3.1/../../../../arm-none-eabi/lib/thumb/v7e-m+fp/hard\libc_nano.a(libc_a-nano-svfprintf.o)
                0x08004f18                _svfiprintf_r
                0x08004f18                _svfprintf_r
 .text._printf_common
                0x08005110       0xda C:/ST/STM32CubeIDE_1.19.0/STM32CubeIDE/plugins/com.st.stm32cube.ide.mcu.externaltools.gnu-tools-for-stm32.13.3.rel1.win32_1.0.0.202411081344/tools/bin/../lib/gcc/arm-none-eabi/13.3.1/../../../../arm-none-eabi/lib/thumb/v7e-m+fp/hard\libc_nano.a(libc_a-nano-vfprintf_i.o)
                0x08005110                _printf_common
 *fill*         0x080051ea        0x2 
 .text._printf_i
                0x080051ec      0x23c C:/ST/STM32CubeIDE_1.19.0/STM32CubeIDE/plugins/com.st.stm32cube.ide.mcu.externaltools.gnu-tools-for-stm32.13.3.rel1.win32_1.0.0.202411081344/tools/bin/../lib/gcc/arm-none-eabi/13.3.1/../../../../arm-none-eabi/lib/thumb/v7e-m+fp/hard\libc_nano.a(libc_a-nano-vfprintf_i.o)
                0x080051ec                _printf_i
 .text.__sflush_r
                0x08005428      0x108 C:/ST/STM32CubeIDE_1.19.0/STM32CubeIDE/plugins/com.st.stm32cube.ide.mcu.externaltools.gnu-tools-for-stm32.13.3.rel1.win32_1.0.0.202411081344/tools/bin/../lib/gcc/arm-none-eabi/13.3.1/../../../../arm-none-eabi/lib/thumb/v7e-m+fp/hard\libc_nano.a(libc_a-fflush.o)
                0x08005428                __sflush_r
 .text._fflush_r
                0x08005530       0x50 C:/ST/STM32CubeIDE_1.19.0/STM32CubeIDE/plugins/com.st.stm32cube.ide.mcu.externaltools.gnu-tools-for-stm32.13.3.rel1.win32_1.0.0.202411081344/tools/bin/../lib/gcc/arm-none-eabi/13.3.1/../../../../arm-none-eabi/lib/thumb/v7e-m+fp/hard\libc_nano.a(libc_a-fflush.o)
                0x08005530                _fflush_r
 .text.fprintf  0x08005580       0x24 C:/ST/STM32CubeIDE_1.19.0/STM32CubeIDE/plugins/com.st.stm32cube.ide.mcu.externaltools.gnu-tools-for-stm32.13.3.rel1.win32_1.0.0.202411081344/tools/bin/../lib/gcc/arm-none-eabi/13.3.1/../../../../arm-none-eabi/lib/thumb/v7e-m+fp/hard\libc_nano.a(libc_a-fprintf.o)
                0x08005580                fiprintf
                0x08005580                fprintf
 .text.memmove  0x080055a4       0x34 C:/ST/STM32CubeIDE_1.19.0/STM32CubeIDE/plugins/com.st.stm32cube.ide.mcu.externaltools.gnu-tools-for-stm32.13.3.rel1.win32_1.0.0.202411081344/tools/bin/../lib/gcc/arm-none-eabi/13.3.1/../../../../arm-none-eabi/lib/thumb/v7e-m+fp/hard\libc_nano.a(libc_a-memmove.o)
                0x080055a4                memmove
 .text._sbrk_r  0x080055d8       0x20 C:/ST/STM32CubeIDE_1.19.0/STM32CubeIDE/plugins/com.st.stm32cube.ide.mcu.externaltools.gnu-tools-for-stm32.13.3.rel1.win32_1.0.0.202411081344/tools/bin/../lib/gcc/arm-none-eabi/13.3.1/../../../../arm-none-eabi/lib/thumb/v7e-m+fp/hard\libc_nano.a(libc_a-sbrkr.o)
                0x080055d8                _sbrk_r
 .text.memcpy   0x080055f8       0x1c C:/ST/STM32CubeIDE_1.19.0/STM32CubeIDE/plugins/com.st.stm32cube.ide.mcu.externaltools.gnu-tools-for-stm32.13.3.rel1.win32_1.0.0.202411081344/tools/bin/../lib/gcc/arm-none-eabi/13.3.1/../../../../arm-none-eabi/lib/thumb/v7e-m+fp/hard\libc_nano.a(libc_a-memcpy-stub.o)
                0x080055f8                memcpy
 .text.abort    0x08005614        0xe C:/ST/STM32CubeIDE_1.19.0/STM32CubeIDE/plugins/com.st.stm32cube.ide.mcu.externaltools.gnu-tools-for-stm32.13.3.rel1.win32_1.0.0.202411081344/tools/bin/../lib/gcc/arm-none-eabi/13.3.1/../../../../arm-none-eabi/lib/thumb/v7e-m+fp/hard\libc_nano.a(libc_a-abort.o)
                0x08005614                abort
 .text._realloc_r
                0x08005622       0x5c C:/ST/STM32CubeIDE_1.19.0/STM32CubeIDE/plugins/com.st.stm32cube.ide.mcu.externaltools.gnu-tools-for-stm32.13.3.rel1.win32_1.0.0.202411081344/tools/bin/../lib/gcc/arm-none-eabi/13.3.1/../../../../arm-none-eabi/lib/thumb/v7e-m+fp/hard\libc_nano.a(libc_a-reallocr.o)
                0x08005622                _realloc_r
 .text.__sfputc_r
                0x0800567e       0x2e C:/ST/STM32CubeIDE_1.19.0/STM32CubeIDE/plugins/com.st.stm32cube.ide.mcu.externaltools.gnu-tools-for-stm32.13.3.rel1.win32_1.0.0.202411081344/tools/bin/../lib/gcc/arm-none-eabi/13.3.1/../../../../arm-none-eabi/lib/thumb/v7e-m+fp/hard\libc_nano.a(libc_a-nano-vfprintf.o)
 .text.__sfputs_r
                0x080056ac       0x24 C:/ST/STM32CubeIDE_1.19.0/STM32CubeIDE/plugins/com.st.stm32cube.ide.mcu.externaltools.gnu-tools-for-stm32.13.3.rel1.win32_1.0.0.202411081344/tools/bin/../lib/gcc/arm-none-eabi/13.3.1/../../../../arm-none-eabi/lib/thumb/v7e-m+fp/hard\libc_nano.a(libc_a-nano-vfprintf.o)
                0x080056ac                __sfputs_r
 .text._vfprintf_r
                0x080056d0      0x230 C:/ST/STM32CubeIDE_1.19.0/STM32CubeIDE/plugins/com.st.stm32cube.ide.mcu.externaltools.gnu-tools-for-stm32.13.3.rel1.win32_1.0.0.202411081344/tools/bin/../lib/gcc/arm-none-eabi/13.3.1/../../../../arm-none-eabi/lib/thumb/v7e-m+fp/hard\libc_nano.a(libc_a-nano-vfprintf.o)
                0x080056d0                _vfprintf_r
                0x080056d0                _vfiprintf_r
 .text.__swbuf_r
                0x08005900       0x7c C:/ST/STM32CubeIDE_1.19.0/STM32CubeIDE/plugins/com.st.stm32cube.ide.mcu.externaltools.gnu-tools-for-stm32.13.3.rel1.win32_1.0.0.202411081344/tools/bin/../lib/gcc/arm-none-eabi/13.3.1/../../../../arm-none-eabi/lib/thumb/v7e-m+fp/hard\libc_nano.a(libc_a-wbuf.o)
                0x08005900                __swbuf_r
 .text.__swsetup_r
                0x0800597c       0xac C:/ST/STM32CubeIDE_1.19.0/STM32CubeIDE/plugins/com.st.stm32cube.ide.mcu.externaltools.gnu-tools-for-stm32.13.3.rel1.win32_1.0.0.202411081344/tools/bin/../lib/gcc/arm-none-eabi/13.3.1/../../../../arm-none-eabi/lib/thumb/v7e-m+fp/hard\libc_nano.a(libc_a-wsetup.o)
                0x0800597c                __swsetup_r
 .text._raise_r
                0x08005a28       0x50 C:/ST/STM32CubeIDE_1.19.0/STM32CubeIDE/plugins/com.st.stm32cube.ide.mcu.externaltools.gnu-tools-for-stm32.13.3.rel1.win32_1.0.0.202411081344/tools/bin/../lib/gcc/arm-none-eabi/13.3.1/../../../../arm-none-eabi/lib/thumb/v7e-m+fp/hard\libc_nano.a(libc_a-signal.o)
                0x08005a28                _raise_r
 .text.raise    0x08005a78       0x10 C:/ST/STM32CubeIDE_1.19.0/STM32CubeIDE/plugins/com.st.stm32cube.ide.mcu.externaltools.gnu-tools-for-stm32.13.3.rel1.win32_1.0.0.202411081344/tools/bin/../lib/gcc/arm-none-eabi/13.3.1/../../../../arm-none-eabi/lib/thumb/v7e-m+fp/hard\libc_nano.a(libc_a-signal.o)
                0x08005a78                raise
 .text._kill_r  0x08005a88       0x24 C:/ST/STM32CubeIDE_1.19.0/STM32CubeIDE/plugins/com.st.stm32cube.ide.mcu.externaltools.gnu-tools-for-stm32.13.3.rel1.win32_1.0.0.202411081344/tools/bin/../lib/gcc/arm-none-eabi/13.3.1/../../../../arm-none-eabi/lib/thumb/v7e-m+fp/hard\libc_nano.a(libc_a-signalr.o)
                0x08005a88                _kill_r
 .text._getpid_r
                0x08005aac        0x4 C:/ST/STM32CubeIDE_1.19.0/STM32CubeIDE/plugins/com.st.stm32cube.ide.mcu.externaltools.gnu-tools-for-stm32.13.3.rel1.win32_1.0.0.202411081344/tools/bin/../lib/gcc/arm-none-eabi/13.3.1/../../../../arm-none-eabi/lib/thumb/v7e-m+fp/hard\libc_nano.a(libc_a-signalr.o)
                0x08005aac                _getpid_r
 .text._malloc_usable_size_r
                0x08005ab0       0x10 C:/ST/STM32CubeIDE_1.19.0/STM32CubeIDE/plugins/com.st.stm32cube.ide.mcu.externaltools.gnu-tools-for-stm32.13.3.rel1.win32_1.0.0.202411081344/tools/bin/../lib/gcc/arm-none-eabi/13.3.1/../../../../arm-none-eabi/lib/thumb/v7e-m+fp/hard\libc_nano.a(libc_a-msizer.o)
                0x08005ab0                _malloc_usable_size_r
 .text.__swhatbuf_r
                0x08005ac0       0x4c C:/ST/STM32CubeIDE_1.19.0/STM32CubeIDE/plugins/com.st.stm32cube.ide.mcu.externaltools.gnu-tools-for-stm32.13.3.rel1.win32_1.0.0.202411081344/tools/bin/../lib/gcc/arm-none-eabi/13.3.1/../../../../arm-none-eabi/lib/thumb/v7e-m+fp/hard\libc_nano.a(libc_a-makebuf.o)
                0x08005ac0                __swhatbuf_r
 .text.__smakebuf_r
                0x08005b0c       0x78 C:/ST/STM32CubeIDE_1.19.0/STM32CubeIDE/plugins/com.st.stm32cube.ide.mcu.externaltools.gnu-tools-for-stm32.13.3.rel1.win32_1.0.0.202411081344/tools/bin/../lib/gcc/arm-none-eabi/13.3.1/../../../../arm-none-eabi/lib/thumb/v7e-m+fp/hard\libc_nano.a(libc_a-makebuf.o)
                0x08005b0c                __smakebuf_r
 .text._fstat_r
                0x08005b84       0x24 C:/ST/STM32CubeIDE_1.19.0/STM32CubeIDE/plugins/com.st.stm32cube.ide.mcu.externaltools.gnu-tools-for-stm32.13.3.rel1.win32_1.0.0.202411081344/tools/bin/../lib/gcc/arm-none-eabi/13.3.1/../../../../arm-none-eabi/lib/thumb/v7e-m+fp/hard\libc_nano.a(libc_a-fstatr.o)
                0x08005b84                _fstat_r
 .text._isatty_r
                0x08005ba8       0x20 C:/ST/STM32CubeIDE_1.19.0/STM32CubeIDE/plugins/com.st.stm32cube.ide.mcu.externaltools.gnu-tools-for-stm32.13.3.rel1.win32_1.0.0.202411081344/tools/bin/../lib/gcc/arm-none-eabi/13.3.1/../../../../arm-none-eabi/lib/thumb/v7e-m+fp/hard\libc_nano.a(libc_a-isattyr.o)
                0x08005ba8                _isatty_r
 *(.glue_7)
 .glue_7        0x08005bc8        0x0 linker stubs
 *(.glue_7t)
 .glue_7t       0x08005bc8        0x0 linker stubs
 *(.eh_frame)
 .eh_frame      0x08005bc8        0x0 C:/ST/STM32CubeIDE_1.19.0/STM32CubeIDE/plugins/com.st.stm32cube.ide.mcu.externaltools.gnu-tools-for-stm32.13.3.rel1.win32_1.0.0.202411081344/tools/bin/../lib/gcc/arm-none-eabi/13.3.1/thumb/v7e-m+fp/hard/crtbegin.o
 *(.init)
 .init          0x08005bc8        0x4 C:/ST/STM32CubeIDE_1.19.0/STM32CubeIDE/plugins/com.st.stm32cube.ide.mcu.externaltools.gnu-tools-for-stm32.13.3.rel1.win32_1.0.0.202411081344/tools/bin/../lib/gcc/arm-none-eabi/13.3.1/thumb/v7e-m+fp/hard/crti.o
                0x08005bc8                _init
 .init          0x08005bcc        0x8 C:/ST/STM32CubeIDE_1.19.0/STM32CubeIDE/plugins/com.st.stm32cube.ide.mcu.externaltools.gnu-tools-for-stm32.13.3.rel1.win32_1.0.0.202411081344/tools/bin/../lib/gcc/arm-none-eabi/13.3.1/thumb/v7e-m+fp/hard/crtn.o
 *(.fini)
 .fini          0x08005bd4        0x4 C:/ST/STM32CubeIDE_1.19.0/STM32CubeIDE/plugins/com.st.stm32cube.ide.mcu.externaltools.gnu-tools-for-stm32.13.3.rel1.win32_1.0.0.202411081344/tools/bin/../lib/gcc/arm-none-eabi/13.3.1/thumb/v7e-m+fp/hard/crti.o
                0x08005bd4                _fini
 .fini          0x08005bd8        0x8 C:/ST/STM32CubeIDE_1.19.0/STM32CubeIDE/plugins/com.st.stm32cube.ide.mcu.externaltools.gnu-tools-for-stm32.13.3.rel1.win32_1.0.0.202411081344/tools/bin/../lib/gcc/arm-none-eabi/13.3.1/thumb/v7e-m+fp/hard/crtn.o
                0x08005be0                        . = ALIGN (0x4)
                0x08005be0                        _etext = .

.vfp11_veneer   0x08005be0        0x0
 .vfp11_veneer  0x08005be0        0x0 linker stubs

.v4_bx          0x08005be0        0x0
 .v4_bx         0x08005be0        0x0 linker stubs

.iplt           0x08005be0        0x0
 .iplt          0x08005be0        0x0 C:/ST/STM32CubeIDE_1.19.0/STM32CubeIDE/plugins/com.st.stm32cube.ide.mcu.externaltools.gnu-tools-for-stm32.13.3.rel1.win32_1.0.0.202411081344/tools/bin/../lib/gcc/arm-none-eabi/13.3.1/thumb/v7e-m+fp/hard/crtbegin.o

.rodata         0x08005be0     0x17b8
                0x08005be0                        . = ALIGN (0x4)
 *(.rodata)
 .rodata        0x08005be0       0x36 ./Src/game/ui.o
 *fill*         0x08005c16        0x2 
 .rodata        0x08005c18        0xf ./ThuVien_SDK_1.0.3_NUCLEO-F401RE-master/shared/Middle/ucglib/ucg_font.o
 *(.rodata*)
 *fill*         0x08005c27        0x1 
 .rodata.bird_mask
                0x08005c28        0xe ./Src/gfx/render.o
 *fill*         0x08005c36        0x2 
 .rodata.AHBPrescTable
                0x08005c38       0x10 ./ThuVien_SDK_1.0.3_NUCLEO-F401RE-master/shared/Drivers/CMSIS/Source/system_stm32f4xx.o
                0x08005c38                AHBPrescTable
 .rodata.APBAHBPrescTable
                0x08005c48       0x10 ./ThuVien_SDK_1.0.3_NUCLEO-F401RE-master/shared/Drivers/STM32F401RE_StdPeriph_Driver/src/stm32f401re_rcc.o
 .rodata.ucg_st7735_set_pos_seq
                0x08005c58       0x1e ./ThuVien_SDK_1.0.3_NUCLEO-F401RE-master/shared/Middle/ucglib/ucg_dev_ic_st7735.o
                0x08005c58                ucg_st7735_set_pos_seq
 *fill*         0x08005c76        0x2 
 .rodata.ucg_st7735_set_pos_dir0_seq
                0x08005c78       0x1e ./ThuVien_SDK_1.0.3_NUCLEO-F401RE-master/shared/Middle/ucglib/ucg_dev_ic_st7735.o
                0x08005c78                ucg_st7735_set_pos_dir0_seq
 *fill*         0x08005c96        0x2 
 .rodata.ucg_st7735_set_pos_dir1_seq
                0x08005c98       0x21 ./ThuVien_SDK_1.0.3_NUCLEO-F401RE-master/shared/Middle/ucglib/ucg_dev_ic_st7735.o
                0x08005c98                ucg_st7735_set_pos_dir1_seq
 *fill*         0x08005cb9        0x3 
 .rodata.ucg_st7735_set_pos_dir2_seq
                0x08005cbc       0x21 ./ThuVien_SDK_1.0.3_NUCLEO-F401RE-master/shared/Middle/ucglib/ucg_dev_ic_st7735.o
                0x08005cbc                ucg_st7735_set_pos_dir2_seq
 *fill*         0x08005cdd        0x3 
 .rodata.ucg_st7735_set_pos_dir3_seq
                0x08005ce0       0x24 ./ThuVien_SDK_1.0.3_NUCLEO-F401RE-master/shared/Middle/ucglib/ucg_dev_ic_st7735.o
                0x08005ce0                ucg_st7735_set_pos_dir3_seq
 .rodata.ucg_st7735_power_down_seq
                0x08005d04        0x7 ./ThuVien_SDK_1.0.3_NUCLEO-F401RE-master/shared/Middle/ucglib/ucg_dev_ic_st7735.o
 *fill*         0x08005d0b        0x1 
 .rodata.ucg_tft_128x160_st7735_init_seq
                0x08005d0c       0x2c ./ThuVien_SDK_1.0.3_NUCLEO-F401RE-master/shared/Middle/ucglib/ucg_dev_tft_128x128_st7735.o
 .rodata.ucg_font_helvR08_tf
                0x08005d38      0x88b ./ThuVien_SDK_1.0.3_NUCLEO-F401RE-master/shared/Middle/ucglib/ucg_pixel_font_data.o
                0x08005d38                ucg_font_helvR08_tf
 *fill*         0x080065c3        0x1 
 .rodata.ucg_font_helvR12_tf
                0x080065c4      0xcf4 ./ThuVien_SDK_1.0.3_NUCLEO-F401RE-master/shared/Middle/ucglib/ucg_pixel_font_data.o
                0x080065c4                ucg_font_helvR12_tf
 .rodata.srand.str1.1
                0x080072b8       0xde C:/ST/STM32CubeIDE_1.19.0/STM32CubeIDE/plugins/com.st.stm32cube.ide.mcu.externaltools.gnu-tools-for-stm32.13.3.rel1.win32_1.0.0.202411081344/tools/bin/../lib/gcc/arm-none-eabi/13.3.1/../../../../arm-none-eabi/lib/thumb/v7e-m+fp/hard\libc_nano.a(libc_a-rand.o)
                                 0x6f (size before relaxing)
 .rodata.__assert_func.str1.1
                0x08007396       0x3d C:/ST/STM32CubeIDE_1.19.0/STM32CubeIDE/plugins/com.st.stm32cube.ide.mcu.externaltools.gnu-tools-for-stm32.13.3.rel1.win32_1.0.0.202411081344/tools/bin/../lib/gcc/arm-none-eabi/13.3.1/../../../../arm-none-eabi/lib/thumb/v7e-m+fp/hard\libc_nano.a(libc_a-assert.o)
 .rodata._svfprintf_r.str1.1
                0x08007396       0x11 C:/ST/STM32CubeIDE_1.19.0/STM32CubeIDE/plugins/com.st.stm32cube.ide.mcu.externaltools.gnu-tools-for-stm32.13.3.rel1.win32_1.0.0.202411081344/tools/bin/../lib/gcc/arm-none-eabi/13.3.1/../../../../arm-none-eabi/lib/thumb/v7e-m+fp/hard\libc_nano.a(libc_a-nano-svfprintf.o)
 .rodata._printf_i.str1.1
                0x08007396       0x22 C:/ST/STM32CubeIDE_1.19.0/STM32CubeIDE/plugins/com.st.stm32cube.ide.mcu.externaltools.gnu-tools-for-stm32.13.3.rel1.win32_1.0.0.202411081344/tools/bin/../lib/gcc/arm-none-eabi/13.3.1/../../../../arm-none-eabi/lib/thumb/v7e-m+fp/hard\libc_nano.a(libc_a-nano-vfprintf_i.o)
 .rodata._vfprintf_r.str1.1
                0x08007396       0x11 C:/ST/STM32CubeIDE_1.19.0/STM32CubeIDE/plugins/com.st.stm32cube.ide.mcu.externaltools.gnu-tools-for-stm32.13.3.rel1.win32_1.0.0.202411081344/tools/bin/../lib/gcc/arm-none-eabi/13.3.1/../../../../arm-none-eabi/lib/thumb/v7e-m+fp/hard\libc_nano.a(libc_a-nano-vfprintf.o)
                0x080073d4                        . = ALIGN (0x4)
 *fill*         0x08007396        0x2 

.ARM.extab      0x08007398        0x0
                0x08007398                        . = ALIGN (0x4)
 *(.ARM.extab* .gnu.linkonce.armextab.*)
                0x08007398                        . = ALIGN (0x4)

.ARM            0x08007398        0x8
                0x08007398                        . = ALIGN (0x4)
                0x08007398                        __exidx_start = .
 *(.ARM.exidx*)
 .ARM.exidx     0x08007398        0x8 C:/ST/STM32CubeIDE_1.19.0/STM32CubeIDE/plugins/com.st.stm32cube.ide.mcu.externaltools.gnu-tools-for-stm32.13.3.rel1.win32_1.0.0.202411081344/tools/bin/../lib/gcc/arm-none-eabi/13.3.1/../../../../arm-none-eabi/lib/thumb/v7e-m+fp/hard\libc_nano.a(libc_a-memchr.o)
                0x080073a0                        __exidx_end = .
                0x080073a0                        . = ALIGN (0x4)

.preinit_array  0x080073a0        0x0
                0x080073a0                        . = ALIGN (0x4)
                0x080073a0                        PROVIDE (__preinit_array_start = .)
 *(.preinit_array*)
                0x080073a0                        PROVIDE (__preinit_array_end = .)
                0x080073a0                        . = ALIGN (0x4)

.init_array     0x080073a0        0x4
                0x080073a0                        . = ALIGN (0x4)
                0x080073a0                        PROVIDE (__init_array_start = .)
 *(SORT_BY_NAME(.init_array.*))
 *(.init_array*)
 .init_array    0x080073a0        0x4 C:/ST/STM32CubeIDE_1.19.0/STM32CubeIDE/plugins/com.st.stm32cube.ide.mcu.externaltools.gnu-tools-for-stm32.13.3.rel1.win32_1.0.0.202411081344/tools/bin/../lib/gcc/arm-none-eabi/13.3.1/thumb/v7e-m+fp/hard/crtbegin.o
                0x080073a4                        PROVIDE (__init_array_end = .)
                0x080073a4                        . = ALIGN (0x4)

.fini_array     0x080073a4        0x4
                0x080073a4                        . = ALIGN (0x4)
                [!provide]                        PROVIDE (__fini_array_start = .)
 *(SORT_BY_NAME(.fini_array.*))
 *(.fini_array*)
 .fini_array    0x080073a4        0x4 C:/ST/STM32CubeIDE_1.19.0/STM32CubeIDE/plugins/com.st.stm32cube.ide.mcu.externaltools.gnu-tools-for-stm32.13.3.rel1.win32_1.0.0.202411081344/tools/bin/../lib/gcc/arm-none-eabi/13.3.1/thumb/v7e-m+fp/hard/crtbegin.o
                [!provide]                        PROVIDE (__fini_array_end = .)
                0x080073a8                        . = ALIGN (0x4)
                0x080073a8                        _sidata = LOADADDR (.data)

.rel.dyn        0x080073a8        0x0
 .rel.iplt      0x080073a8        0x0 C:/ST/STM32CubeIDE_1.19.0/STM32CubeIDE/plugins/com.st.stm32cube.ide.mcu.externaltools.gnu-tools-for-stm32.13.3.rel1.win32_1.0.0.202411081344/tools/bin/../lib/gcc/arm-none-eabi/13.3.1/thumb/v7e-m+fp/hard/crtbegin.o

.data           0x20000000       0x80 load address 0x080073a8
                0x20000000                        . = ALIGN (0x4)
                0x20000000                        _sdata = .
 *(.data)
 *(.data*)
 .data.g_game   0x20000000       0x1c ./Src/game/loop.o
                0x20000000                g_game
 .data.SystemCoreClock
                0x2000001c        0x4 ./ThuVien_SDK_1.0.3_NUCLEO-F401RE-master/shared/Drivers/CMSIS/Source/system_stm32f4xx.o
                0x2000001c                SystemCoreClock
 .data.idTaskScanDecodeLen
                0x20000020        0x1 ./ThuVien_SDK_1.0.3_NUCLEO-F401RE-master/shared/Middle/ucglib/ucg_font.o
 *fill*         0x20000021        0x3 
 .data.__sglue  0x20000024        0xc C:/ST/STM32CubeIDE_1.19.0/STM32CubeIDE/plugins/com.st.stm32cube.ide.mcu.externaltools.gnu-tools-for-stm32.13.3.rel1.win32_1.0.0.202411081344/tools/bin/../lib/gcc/arm-none-eabi/13.3.1/../../../../arm-none-eabi/lib/thumb/v7e-m+fp/hard\libc_nano.a(libc_a-findfp.o)
                0x20000024                __sglue
 .data._impure_ptr
                0x20000030        0x4 C:/ST/STM32CubeIDE_1.19.0/STM32CubeIDE/plugins/com.st.stm32cube.ide.mcu.externaltools.gnu-tools-for-stm32.13.3.rel1.win32_1.0.0.202411081344/tools/bin/../lib/gcc/arm-none-eabi/13.3.1/../../../../arm-none-eabi/lib/thumb/v7e-m+fp/hard\libc_nano.a(libc_a-impure.o)
                0x20000030                _impure_ptr
 .data._impure_data
                0x20000034       0x4c C:/ST/STM32CubeIDE_1.19.0/STM32CubeIDE/plugins/com.st.stm32cube.ide.mcu.externaltools.gnu-tools-for-stm32.13.3.rel1.win32_1.0.0.202411081344/tools/bin/../lib/gcc/arm-none-eabi/13.3.1/../../../../arm-none-eabi/lib/thumb/v7e-m+fp/hard\libc_nano.a(libc_a-impure.o)
                0x20000034                _impure_data
 *(.RamFunc)
 *(.RamFunc*)
                0x20000080                        . = ALIGN (0x4)
                0x20000080                        _edata = .

.igot.plt       0x20000080        0x0 load address 0x08007428
 .igot.plt      0x20000080        0x0 C:/ST/STM32CubeIDE_1.19.0/STM32CubeIDE/plugins/com.st.stm32cube.ide.mcu.externaltools.gnu-tools-for-stm32.13.3.rel1.win32_1.0.0.202411081344/tools/bin/../lib/gcc/arm-none-eabi/13.3.1/thumb/v7e-m+fp/hard/crtbegin.o
                0x20000080                        . = ALIGN (0x4)

.bss            0x20000080     0x13f0 load address 0x08007428
                0x20000080                        _sbss = .
                0x20000080                        __bss_start__ = _sbss
 *(.bss)
 .bss           0x20000080       0x1c C:/ST/STM32CubeIDE_1.19.0/STM32CubeIDE/plugins/com.st.stm32cube.ide.mcu.externaltools.gnu-tools-for-stm32.13.3.rel1.win32_1.0.0.202411081344/tools/bin/../lib/gcc/arm-none-eabi/13.3.1/thumb/v7e-m+fp/hard/crtbegin.o
 *(.bss*)
 .bss.g_ucg     0x2000009c       0xb4 ./Src/gfx/lcd_init.o
                0x2000009c                g_ucg
 .bss.__sbrk_heap_end
                0x20000150        0x4 ./Src/sysmem.o
 .bss.s_buzz_ticks
                0x20000154        0x1 ./Src/periph/buzzer.o
 *fill*         0x20000155        0x3 
 .bss.b1        0x20000158        0x8 ./Src/periph/input.o
 .bss.b3        0x20000160        0x8 ./Src/periph/input.o
 .bss.b5        0x20000168        0x8 ./Src/periph/input.o
 .bss.hold.1    0x20000170        0x1 ./Src/periph/input.o
 *fill*         0x20000171        0x3 
 .bss.t0.0      0x20000174        0x4 ./Src/periph/input.o
 .bss.g_pTimerHandle
                0x20000178      0x180 ./ThuVien_SDK_1.0.3_NUCLEO-F401RE-master/shared/Middle/rtos/timer.o
 .bss.g_wMilSecTickTimer
                0x200002f8        0x4 ./ThuVien_SDK_1.0.3_NUCLEO-F401RE-master/shared/Middle/rtos/timer.o
 .bss.g_pUartQueueRx
                0x200002fc        0x8 ./ThuVien_SDK_1.0.3_NUCLEO-F401RE-master/shared/Middle/serial/serial.o
 .bss.fontQueue
                0x20000304       0x10 ./ThuVien_SDK_1.0.3_NUCLEO-F401RE-master/shared/Middle/ucglib/ucg_font.o
 .bss.pQueueFont
                0x20000314     0x1000 ./ThuVien_SDK_1.0.3_NUCLEO-F401RE-master/shared/Middle/ucglib/ucg_font.o
 .bss.ucg_draw_str
                0x20001314        0xc ./ThuVien_SDK_1.0.3_NUCLEO-F401RE-master/shared/Middle/ucglib/ucg_font.o
                0x20001314                ucg_draw_str
 .bss.next.0    0x20001320        0x1 ./ThuVien_SDK_1.0.3_NUCLEO-F401RE-master/shared/Middle/ucglib/ucg_font.o
 *fill*         0x20001321        0x3 
 .bss.__sf      0x20001324      0x138 C:/ST/STM32CubeIDE_1.19.0/STM32CubeIDE/plugins/com.st.stm32cube.ide.mcu.externaltools.gnu-tools-for-stm32.13.3.rel1.win32_1.0.0.202411081344/tools/bin/../lib/gcc/arm-none-eabi/13.3.1/../../../../arm-none-eabi/lib/thumb/v7e-m+fp/hard\libc_nano.a(libc_a-findfp.o)
                0x20001324                __sf
 .bss.__stdio_exit_handler
                0x2000145c        0x4 C:/ST/STM32CubeIDE_1.19.0/STM32CubeIDE/plugins/com.st.stm32cube.ide.mcu.externaltools.gnu-tools-for-stm32.13.3.rel1.win32_1.0.0.202411081344/tools/bin/../lib/gcc/arm-none-eabi/13.3.1/../../../../arm-none-eabi/lib/thumb/v7e-m+fp/hard\libc_nano.a(libc_a-findfp.o)
                0x2000145c                __stdio_exit_handler
 .bss.errno     0x20001460        0x4 C:/ST/STM32CubeIDE_1.19.0/STM32CubeIDE/plugins/com.st.stm32cube.ide.mcu.externaltools.gnu-tools-for-stm32.13.3.rel1.win32_1.0.0.202411081344/tools/bin/../lib/gcc/arm-none-eabi/13.3.1/../../../../arm-none-eabi/lib/thumb/v7e-m+fp/hard\libc_nano.a(libc_a-reent.o)
                0x20001460                errno
 .bss.__lock___malloc_recursive_mutex
                0x20001464        0x1 C:/ST/STM32CubeIDE_1.19.0/STM32CubeIDE/plugins/com.st.stm32cube.ide.mcu.externaltools.gnu-tools-for-stm32.13.3.rel1.win32_1.0.0.202411081344/tools/bin/../lib/gcc/arm-none-eabi/13.3.1/../../../../arm-none-eabi/lib/thumb/v7e-m+fp/hard\libc_nano.a(libc_a-lock.o)
                0x20001464                __lock___malloc_recursive_mutex
 .bss.__lock___sfp_recursive_mutex
                0x20001465        0x1 C:/ST/STM32CubeIDE_1.19.0/STM32CubeIDE/plugins/com.st.stm32cube.ide.mcu.externaltools.gnu-tools-for-stm32.13.3.rel1.win32_1.0.0.202411081344/tools/bin/../lib/gcc/arm-none-eabi/13.3.1/../../../../arm-none-eabi/lib/thumb/v7e-m+fp/hard\libc_nano.a(libc_a-lock.o)
                0x20001465                __lock___sfp_recursive_mutex
 *fill*         0x20001466        0x2 
 .bss.__malloc_sbrk_start
                0x20001468        0x4 C:/ST/STM32CubeIDE_1.19.0/STM32CubeIDE/plugins/com.st.stm32cube.ide.mcu.externaltools.gnu-tools-for-stm32.13.3.rel1.win32_1.0.0.202411081344/tools/bin/../lib/gcc/arm-none-eabi/13.3.1/../../../../arm-none-eabi/lib/thumb/v7e-m+fp/hard\libc_nano.a(libc_a-mallocr.o)
                0x20001468                __malloc_sbrk_start
 .bss.__malloc_free_list
                0x2000146c        0x4 C:/ST/STM32CubeIDE_1.19.0/STM32CubeIDE/plugins/com.st.stm32cube.ide.mcu.externaltools.gnu-tools-for-stm32.13.3.rel1.win32_1.0.0.202411081344/tools/bin/../lib/gcc/arm-none-eabi/13.3.1/../../../../arm-none-eabi/lib/thumb/v7e-m+fp/hard\libc_nano.a(libc_a-mallocr.o)
                0x2000146c                __malloc_free_list
 *(COMMON)
                0x20001470                        . = ALIGN (0x4)
                0x20001470                        _ebss = .
                0x20001470                        __bss_end__ = _ebss

._user_heap_stack
                0x20001470      0x600 load address 0x08007428
                0x20001470                        . = ALIGN (0x8)
                [!provide]                        PROVIDE (end = .)
                0x20001470                        PROVIDE (_end = .)
                0x20001670                        . = (. + _Min_Heap_Size)
 *fill*         0x20001470      0x200 
                0x20001a70                        . = (. + _Min_Stack_Size)
 *fill*         0x20001670      0x400 
                0x20001a70                        . = ALIGN (0x8)

/DISCARD/
 libc.a(*)
 libm.a(*)
 libgcc.a(*)

.ARM.attributes
                0x00000000       0x30
 *(.ARM.attributes)
 .ARM.attributes
                0x00000000       0x22 C:/ST/STM32CubeIDE_1.19.0/STM32CubeIDE/plugins/com.st.stm32cube.ide.mcu.externaltools.gnu-tools-for-stm32.13.3.rel1.win32_1.0.0.202411081344/tools/bin/../lib/gcc/arm-none-eabi/13.3.1/thumb/v7e-m+fp/hard/crti.o
 .ARM.attributes
                0x00000022       0x34 C:/ST/STM32CubeIDE_1.19.0/STM32CubeIDE/plugins/com.st.stm32cube.ide.mcu.externaltools.gnu-tools-for-stm32.13.3.rel1.win32_1.0.0.202411081344/tools/bin/../lib/gcc/arm-none-eabi/13.3.1/thumb/v7e-m+fp/hard/crtbegin.o
 .ARM.attributes
                0x00000056       0x34 ./Src/drivers/gpio.o
 .ARM.attributes
                0x0000008a       0x34 ./Src/drivers/timebase.o
 .ARM.attributes
                0x000000be       0x34 ./Src/game/collision.o
 .ARM.attributes
                0x000000f2       0x34 ./Src/game/levels.o
 .ARM.attributes
                0x00000126       0x34 ./Src/game/loop.o
 .ARM.attributes
                0x0000015a       0x34 ./Src/game/ui.o
 .ARM.attributes
                0x0000018e       0x34 ./Src/gfx/lcd_init.o
 .ARM.attributes
                0x000001c2       0x34 ./Src/gfx/render.o
 .ARM.attributes
                0x000001f6       0x34 ./Src/main.o
 .ARM.attributes
                0x0000022a       0x34 ./Src/syscalls.o
 .ARM.attributes
                0x0000025e       0x34 ./Src/sysmem.o
 .ARM.attributes
                0x00000292       0x34 ./Src/periph/buzzer.o
 .ARM.attributes
                0x000002c6       0x34 ./Src/periph/input.o
 .ARM.attributes
                0x000002fa       0x34 ./Src/periph/led.o
 .ARM.attributes
                0x0000032e       0x21 ./Startup/startup_stm32f401retx.o
 .ARM.attributes
                0x0000034f       0x34 ./ThuVien_SDK_1.0.3_NUCLEO-F401RE-master/shared/Drivers/CMSIS/Source/system_stm32f4xx.o
 .ARM.attributes
                0x00000383       0x34 ./ThuVien_SDK_1.0.3_NUCLEO-F401RE-master/shared/Drivers/STM32F401RE_StdPeriph_Driver/src/misc.o
 .ARM.attributes
                0x000003b7       0x34 ./ThuVien_SDK_1.0.3_NUCLEO-F401RE-master/shared/Drivers/STM32F401RE_StdPeriph_Driver/src/stm32f401re_gpio.o
 .ARM.attributes
                0x000003eb       0x34 ./ThuVien_SDK_1.0.3_NUCLEO-F401RE-master/shared/Drivers/STM32F401RE_StdPeriph_Driver/src/stm32f401re_rcc.o
 .ARM.attributes
                0x0000041f       0x34 ./ThuVien_SDK_1.0.3_NUCLEO-F401RE-master/shared/Drivers/STM32F401RE_StdPeriph_Driver/src/stm32f401re_tim.o
 .ARM.attributes
                0x00000453       0x34 ./ThuVien_SDK_1.0.3_NUCLEO-F401RE-master/shared/Drivers/STM32F401RE_StdPeriph_Driver/src/stm32f401re_usart.o
 .ARM.attributes
                0x00000487       0x34 ./ThuVien_SDK_1.0.3_NUCLEO-F401RE-master/shared/Middle/rtos/timer.o
 .ARM.attributes
                0x000004bb       0x34 ./ThuVien_SDK_1.0.3_NUCLEO-F401RE-master/shared/Middle/serial/serial.o
 .ARM.attributes
                0x000004ef       0x34 ./ThuVien_SDK_1.0.3_NUCLEO-F401RE-master/shared/Middle/ucglib/Ucglib.o
 .ARM.attributes
                0x00000523       0x34 ./ThuVien_SDK_1.0.3_NUCLEO-F401RE-master/shared/Middle/ucglib/ucg_box.o
 .ARM.attributes
                0x00000557       0x34 ./ThuVien_SDK_1.0.3_NUCLEO-F401RE-master/shared/Middle/ucglib/ucg_ccs.o
 .ARM.attributes
                0x0000058b       0x34 ./ThuVien_SDK_1.0.3_NUCLEO-F401RE-master/shared/Middle/ucglib/ucg_clip.o
 .ARM.attributes
                0x000005bf       0x34 ./ThuVien_SDK_1.0.3_NUCLEO-F401RE-master/shared/Middle/ucglib/ucg_com_msg_api.o
 .ARM.attributes
                0x000005f3       0x34 ./ThuVien_SDK_1.0.3_NUCLEO-F401RE-master/shared/Middle/ucglib/ucg_dev_default_cb.o
 .ARM.attributes
                0x00000627       0x34 ./ThuVien_SDK_1.0.3_NUCLEO-F401RE-master/shared/Middle/ucglib/ucg_dev_ic_st7735.o
 .ARM.attributes
                0x0000065b       0x34 ./ThuVien_SDK_1.0.3_NUCLEO-F401RE-master/shared/Middle/ucglib/ucg_dev_msg_api.o
 .ARM.attributes
                0x0000068f       0x34 ./ThuVien_SDK_1.0.3_NUCLEO-F401RE-master/shared/Middle/ucglib/ucg_dev_tft_128x128_st7735.o
 .ARM.attributes
                0x000006c3       0x34 ./ThuVien_SDK_1.0.3_NUCLEO-F401RE-master/shared/Middle/ucglib/ucg_font.o
 .ARM.attributes
                0x000006f7       0x34 ./ThuVien_SDK_1.0.3_NUCLEO-F401RE-master/shared/Middle/ucglib/ucg_init.o
 .ARM.attributes
                0x0000072b       0x34 ./ThuVien_SDK_1.0.3_NUCLEO-F401RE-master/shared/Middle/ucglib/ucg_line.o
 .ARM.attributes
                0x0000075f       0x34 ./ThuVien_SDK_1.0.3_NUCLEO-F401RE-master/shared/Middle/ucglib/ucg_pixel.o
 .ARM.attributes
                0x00000793       0x34 ./ThuVien_SDK_1.0.3_NUCLEO-F401RE-master/shared/Middle/ucglib/ucg_pixel_font_data.o
 .ARM.attributes
                0x000007c7       0x34 ./ThuVien_SDK_1.0.3_NUCLEO-F401RE-master/shared/Middle/ucglib/ucg_rotate.o
 .ARM.attributes
                0x000007fb       0x34 ./ThuVien_SDK_1.0.3_NUCLEO-F401RE-master/shared/Utilities/buff.o
 .ARM.attributes
                0x0000082f       0x34 ./ThuVien_SDK_1.0.3_NUCLEO-F401RE-master/shared/Utilities/utilities.o
 .ARM.attributes
                0x00000863       0x34 C:/ST/STM32CubeIDE_1.19.0/STM32CubeIDE/plugins/com.st.stm32cube.ide.mcu.externaltools.gnu-tools-for-stm32.13.3.rel1.win32_1.0.0.202411081344/tools/bin/../lib/gcc/arm-none-eabi/13.3.1/../../../../arm-none-eabi/lib/thumb/v7e-m+fp/hard\libc_nano.a(libc_a-rand.o)
 .ARM.attributes
                0x00000897       0x34 C:/ST/STM32CubeIDE_1.19.0/STM32CubeIDE/plugins/com.st.stm32cube.ide.mcu.externaltools.gnu-tools-for-stm32.13.3.rel1.win32_1.0.0.202411081344/tools/bin/../lib/gcc/arm-none-eabi/13.3.1/../../../../arm-none-eabi/lib/thumb/v7e-m+fp/hard\libc_nano.a(libc_a-findfp.o)
 .ARM.attributes
                0x000008cb       0x34 C:/ST/STM32CubeIDE_1.19.0/STM32CubeIDE/plugins/com.st.stm32cube.ide.mcu.externaltools.gnu-tools-for-stm32.13.3.rel1.win32_1.0.0.202411081344/tools/bin/../lib/gcc/arm-none-eabi/13.3.1/../../../../arm-none-eabi/lib/thumb/v7e-m+fp/hard\libc_nano.a(libc_a-fwalk.o)
 .ARM.attributes
                0x000008ff       0x34 C:/ST/STM32CubeIDE_1.19.0/STM32CubeIDE/plugins/com.st.stm32cube.ide.mcu.externaltools.gnu-tools-for-stm32.13.3.rel1.win32_1.0.0.202411081344/tools/bin/../lib/gcc/arm-none-eabi/13.3.1/../../../../arm-none-eabi/lib/thumb/v7e-m+fp/hard\libc_nano.a(libc_a-snprintf.o)
 .ARM.attributes
                0x00000933       0x34 C:/ST/STM32CubeIDE_1.19.0/STM32CubeIDE/plugins/com.st.stm32cube.ide.mcu.externaltools.gnu-tools-for-stm32.13.3.rel1.win32_1.0.0.202411081344/tools/bin/../lib/gcc/arm-none-eabi/13.3.1/../../../../arm-none-eabi/lib/thumb/v7e-m+fp/hard\libc_nano.a(libc_a-stdio.o)
 .ARM.attributes
                0x00000967       0x34 C:/ST/STM32CubeIDE_1.19.0/STM32CubeIDE/plugins/com.st.stm32cube.ide.mcu.externaltools.gnu-tools-for-stm32.13.3.rel1.win32_1.0.0.202411081344/tools/bin/../lib/gcc/arm-none-eabi/13.3.1/../../../../arm-none-eabi/lib/thumb/v7e-m+fp/hard\libc_nano.a(libc_a-memset.o)
 .ARM.attributes
                0x0000099b       0x34 C:/ST/STM32CubeIDE_1.19.0/STM32CubeIDE/plugins/com.st.stm32cube.ide.mcu.externaltools.gnu-tools-for-stm32.13.3.rel1.win32_1.0.0.202411081344/tools/bin/../lib/gcc/arm-none-eabi/13.3.1/../../../../arm-none-eabi/lib/thumb/v7e-m+fp/hard\libc_nano.a(libc_a-closer.o)
 .ARM.attributes
                0x000009cf       0x34 C:/ST/STM32CubeIDE_1.19.0/STM32CubeIDE/plugins/com.st.stm32cube.ide.mcu.externaltools.gnu-tools-for-stm32.13.3.rel1.win32_1.0.0.202411081344/tools/bin/../lib/gcc/arm-none-eabi/13.3.1/../../../../arm-none-eabi/lib/thumb/v7e-m+fp/hard\libc_nano.a(libc_a-reent.o)
 .ARM.attributes
                0x00000a03       0x34 C:/ST/STM32CubeIDE_1.19.0/STM32CubeIDE/plugins/com.st.stm32cube.ide.mcu.externaltools.gnu-tools-for-stm32.13.3.rel1.win32_1.0.0.202411081344/tools/bin/../lib/gcc/arm-none-eabi/13.3.1/../../../../arm-none-eabi/lib/thumb/v7e-m+fp/hard\libc_nano.a(libc_a-impure.o)
 .ARM.attributes
                0x00000a37       0x34 C:/ST/STM32CubeIDE_1.19.0/STM32CubeIDE/plugins/com.st.stm32cube.ide.mcu.externaltools.gnu-tools-for-stm32.13.3.rel1.win32_1.0.0.202411081344/tools/bin/../lib/gcc/arm-none-eabi/13.3.1/../../../../arm-none-eabi/lib/thumb/v7e-m+fp/hard\libc_nano.a(libc_a-lseekr.o)
 .ARM.attributes
                0x00000a6b       0x34 C:/ST/STM32CubeIDE_1.19.0/STM32CubeIDE/plugins/com.st.stm32cube.ide.mcu.externaltools.gnu-tools-for-stm32.13.3.rel1.win32_1.0.0.202411081344/tools/bin/../lib/gcc/arm-none-eabi/13.3.1/../../../../arm-none-eabi/lib/thumb/v7e-m+fp/hard\libc_nano.a(libc_a-readr.o)
 .ARM.attributes
                0x00000a9f       0x34 C:/ST/STM32CubeIDE_1.19.0/STM32CubeIDE/plugins/com.st.stm32cube.ide.mcu.externaltools.gnu-tools-for-stm32.13.3.rel1.win32_1.0.0.202411081344/tools/bin/../lib/gcc/arm-none-eabi/13.3.1/../../../../arm-none-eabi/lib/thumb/v7e-m+fp/hard\libc_nano.a(libc_a-writer.o)
 .ARM.attributes
                0x00000ad3       0x34 C:/ST/STM32CubeIDE_1.19.0/STM32CubeIDE/plugins/com.st.stm32cube.ide.mcu.externaltools.gnu-tools-for-stm32.13.3.rel1.win32_1.0.0.202411081344/tools/bin/../lib/gcc/arm-none-eabi/13.3.1/../../../../arm-none-eabi/lib/thumb/v7e-m+fp/hard\libc_nano.a(libc_a-errno.o)
 .ARM.attributes
                0x00000b07       0x34 C:/ST/STM32CubeIDE_1.19.0/STM32CubeIDE/plugins/com.st.stm32cube.ide.mcu.externaltools.gnu-tools-for-stm32.13.3.rel1.win32_1.0.0.202411081344/tools/bin/../lib/gcc/arm-none-eabi/13.3.1/../../../../arm-none-eabi/lib/thumb/v7e-m+fp/hard\libc_nano.a(libc_a-init.o)
 .ARM.attributes
                0x00000b3b       0x34 C:/ST/STM32CubeIDE_1.19.0/STM32CubeIDE/plugins/com.st.stm32cube.ide.mcu.externaltools.gnu-tools-for-stm32.13.3.rel1.win32_1.0.0.202411081344/tools/bin/../lib/gcc/arm-none-eabi/13.3.1/../../../../arm-none-eabi/lib/thumb/v7e-m+fp/hard\libc_nano.a(libc_a-lock.o)
 .ARM.attributes
                0x00000b6f       0x34 C:/ST/STM32CubeIDE_1.19.0/STM32CubeIDE/plugins/com.st.stm32cube.ide.mcu.externaltools.gnu-tools-for-stm32.13.3.rel1.win32_1.0.0.202411081344/tools/bin/../lib/gcc/arm-none-eabi/13.3.1/../../../../arm-none-eabi/lib/thumb/v7e-m+fp/hard\libc_nano.a(libc_a-assert.o)
 .ARM.attributes
                0x00000ba3       0x34 C:/ST/STM32CubeIDE_1.19.0/STM32CubeIDE/plugins/com.st.stm32cube.ide.mcu.externaltools.gnu-tools-for-stm32.13.3.rel1.win32_1.0.0.202411081344/tools/bin/../lib/gcc/arm-none-eabi/13.3.1/../../../../arm-none-eabi/lib/thumb/v7e-m+fp/hard\libc_nano.a(libc_a-freer.o)
 .ARM.attributes
                0x00000bd7       0x34 C:/ST/STM32CubeIDE_1.19.0/STM32CubeIDE/plugins/com.st.stm32cube.ide.mcu.externaltools.gnu-tools-for-stm32.13.3.rel1.win32_1.0.0.202411081344/tools/bin/../lib/gcc/arm-none-eabi/13.3.1/../../../../arm-none-eabi/lib/thumb/v7e-m+fp/hard\libc_nano.a(libc_a-malloc.o)
 .ARM.attributes
                0x00000c0b       0x34 C:/ST/STM32CubeIDE_1.19.0/STM32CubeIDE/plugins/com.st.stm32cube.ide.mcu.externaltools.gnu-tools-for-stm32.13.3.rel1.win32_1.0.0.202411081344/tools/bin/../lib/gcc/arm-none-eabi/13.3.1/../../../../arm-none-eabi/lib/thumb/v7e-m+fp/hard\libc_nano.a(libc_a-mallocr.o)
 .ARM.attributes
                0x00000c3f       0x34 C:/ST/STM32CubeIDE_1.19.0/STM32CubeIDE/plugins/com.st.stm32cube.ide.mcu.externaltools.gnu-tools-for-stm32.13.3.rel1.win32_1.0.0.202411081344/tools/bin/../lib/gcc/arm-none-eabi/13.3.1/../../../../arm-none-eabi/lib/thumb/v7e-m+fp/hard\libc_nano.a(libc_a-mlock.o)
 .ARM.attributes
                0x00000c73       0x34 C:/ST/STM32CubeIDE_1.19.0/STM32CubeIDE/plugins/com.st.stm32cube.ide.mcu.externaltools.gnu-tools-for-stm32.13.3.rel1.win32_1.0.0.202411081344/tools/bin/../lib/gcc/arm-none-eabi/13.3.1/../../../../arm-none-eabi/lib/thumb/v7e-m+fp/hard\libc_nano.a(libc_a-nano-svfprintf.o)
 .ARM.attributes
                0x00000ca7       0x34 C:/ST/STM32CubeIDE_1.19.0/STM32CubeIDE/plugins/com.st.stm32cube.ide.mcu.externaltools.gnu-tools-for-stm32.13.3.rel1.win32_1.0.0.202411081344/tools/bin/../lib/gcc/arm-none-eabi/13.3.1/../../../../arm-none-eabi/lib/thumb/v7e-m+fp/hard\libc_nano.a(libc_a-nano-vfprintf_i.o)
 .ARM.attributes
                0x00000cdb       0x34 C:/ST/STM32CubeIDE_1.19.0/STM32CubeIDE/plugins/com.st.stm32cube.ide.mcu.externaltools.gnu-tools-for-stm32.13.3.rel1.win32_1.0.0.202411081344/tools/bin/../lib/gcc/arm-none-eabi/13.3.1/../../../../arm-none-eabi/lib/thumb/v7e-m+fp/hard\libc_nano.a(libc_a-fflush.o)
 .ARM.attributes
                0x00000d0f       0x34 C:/ST/STM32CubeIDE_1.19.0/STM32CubeIDE/plugins/com.st.stm32cube.ide.mcu.externaltools.gnu-tools-for-stm32.13.3.rel1.win32_1.0.0.202411081344/tools/bin/../lib/gcc/arm-none-eabi/13.3.1/../../../../arm-none-eabi/lib/thumb/v7e-m+fp/hard\libc_nano.a(libc_a-fprintf.o)
 .ARM.attributes
                0x00000d43       0x34 C:/ST/STM32CubeIDE_1.19.0/STM32CubeIDE/plugins/com.st.stm32cube.ide.mcu.externaltools.gnu-tools-for-stm32.13.3.rel1.win32_1.0.0.202411081344/tools/bin/../lib/gcc/arm-none-eabi/13.3.1/../../../../arm-none-eabi/lib/thumb/v7e-m+fp/hard\libc_nano.a(libc_a-memmove.o)
 .ARM.attributes
                0x00000d77       0x34 C:/ST/STM32CubeIDE_1.19.0/STM32CubeIDE/plugins/com.st.stm32cube.ide.mcu.externaltools.gnu-tools-for-stm32.13.3.rel1.win32_1.0.0.202411081344/tools/bin/../lib/gcc/arm-none-eabi/13.3.1/../../../../arm-none-eabi/lib/thumb/v7e-m+fp/hard\libc_nano.a(libc_a-sbrkr.o)
 .ARM.attributes
                0x00000dab       0x1c C:/ST/STM32CubeIDE_1.19.0/STM32CubeIDE/plugins/com.st.stm32cube.ide.mcu.externaltools.gnu-tools-for-stm32.13.3.rel1.win32_1.0.0.202411081344/tools/bin/../lib/gcc/arm-none-eabi/13.3.1/../../../../arm-none-eabi/lib/thumb/v7e-m+fp/hard\libc_nano.a(libc_a-memchr.o)
 .ARM.attributes
                0x00000dc7       0x34 C:/ST/STM32CubeIDE_1.19.0/STM32CubeIDE/plugins/com.st.stm32cube.ide.mcu.externaltools.gnu-tools-for-stm32.13.3.rel1.win32_1.0.0.202411081344/tools/bin/../lib/gcc/arm-none-eabi/13.3.1/../../../../arm-none-eabi/lib/thumb/v7e-m+fp/hard\libc_nano.a(libc_a-memcpy-stub.o)
 .ARM.attributes
                0x00000dfb       0x34 C:/ST/STM32CubeIDE_1.19.0/STM32CubeIDE/plugins/com.st.stm32cube.ide.mcu.externaltools.gnu-tools-for-stm32.13.3.rel1.win32_1.0.0.202411081344/tools/bin/../lib/gcc/arm-none-eabi/13.3.1/../../../../arm-none-eabi/lib/thumb/v7e-m+fp/hard\libc_nano.a(libc_a-abort.o)
 .ARM.attributes